     VMA      LMA     Size Align Out     In      Symbol
       0        0        0     1 PROVIDE ( NonMaskableInt = DefaultHandler )
       0        0        0     1 PROVIDE ( MemoryManagement = DefaultHandler )
       0        0        0     1 PROVIDE ( BusFault = DefaultHandler )
       0        0        0     1 PROVIDE ( UsageFault = DefaultHandler )
       0        0        0     1 PROVIDE ( SVCall = DefaultHandler )
       0        0        0     1 PROVIDE ( DebugMonitor = DefaultHandler )
       0        0        0     1 PROVIDE ( PendSV = DefaultHandler )
       0        0        0     1 PROVIDE ( SysTick = DefaultHandler )
       0        0        0     1 PROVIDE ( DefaultHandler = DefaultHandler_ )
       0        0        0     1 PROVIDE ( HardFault = HardFault_ )
       0        0        0     1 PROVIDE ( __pre_init = DefaultPreInit )
       0        0        0     1 PROVIDE ( _ram_end = ORIGIN ( RAM ) + LENGTH ( RAM ) )
       0        0        0     1 PROVIDE ( _stack_start = _ram_end )
       0        0      100     4 .vector_table
       0        0        0     1         __vector_table = .
       0        0        4     1         LONG ( _stack_start & 0xFFFFFFF8 )
       4        4        4     4         C:\Users\elopezpe\lakers\target\thumbv7em-none-eabihf\debug\deps\libcortex_m_rt-6ce9c97deed5f3d7.rlib(cortex_m_rt-6ce9c97deed5f3d7.cortex_m_rt.3cb9a06eb80eb038-cgu.0.rcgu.o):(.vector_table.reset_vector)
       4        4        4     1                 __RESET_VECTOR
       8        8        0     1         __exceptions = .
       8        8       38     4         C:\Users\elopezpe\lakers\target\thumbv7em-none-eabihf\debug\deps\libcortex_m_rt-6ce9c97deed5f3d7.rlib(cortex_m_rt-6ce9c97deed5f3d7.cortex_m_rt.3cb9a06eb80eb038-cgu.0.rcgu.o):(.vector_table.exceptions)
       8        8       38     1                 __EXCEPTIONS
      40       40        0     1         __eexceptions = .
      40       40       c0     4         C:\Users\elopezpe\lakers\target\thumbv7em-none-eabihf\debug\deps\libnrf52840_pac-21413d31d1bda6ea.rlib(nrf52840_pac-21413d31d1bda6ea.nrf52840_pac.3d40e9e4a620d607-cgu.0.rcgu.o):(.vector_table.interrupts)
      40       40       c0     1                 __INTERRUPTS
     100      100        0     1 PROVIDE ( _stext = ADDR ( .vector_table ) + SIZEOF ( .vector_table ) )
     100      100    168e8     4 .text
     100      100        0     1         __stext = .
     100      100       58     4         C:\Users\elopezpe\lakers\target\thumbv7em-none-eabihf\debug\deps\libcortex_m_rt-6ce9c97deed5f3d7.rlib(cortex_m_rt-6ce9c97deed5f3d7.cortex_m_rt.3cb9a06eb80eb038-cgu.0.rcgu.o):(.Reset)
     100      100        0     1                 $t
     101      101       3e     1                 Reset
     140      140        0     1                 $d
     158      158       1a     2         C:\Users\elopezpe\lakers\target\thumbv7em-none-eabihf\debug\deps\client-1019b7aa28e2ebeb.0cz5bw2vol44vb2g1ahldnqqw.rcgu.o:(.text._ZN8cortex_m9interrupt6enable17h4a34dabf44873995E)
     158      158        0     1                 $t
     159      159       1a     1                 cortex_m::interrupt::enable::h4a34dabf44873995
     172      172       1a     2         C:\Users\elopezpe\lakers\target\thumbv7em-none-eabihf\debug\deps\client-1019b7aa28e2ebeb.0cz5bw2vol44vb2g1ahldnqqw.rcgu.o:(.text._ZN8cortex_m9interrupt7disable17ha4dcaafba255a761E)
     172      172        0     1                 $t
     173      173       1a     1                 cortex_m::interrupt::disable::ha4dcaafba255a761
     18c      18c       50     2         C:\Users\elopezpe\lakers\target\thumbv7em-none-eabihf\debug\deps\client-1019b7aa28e2ebeb.0ggkdwdvekqkeidao5mu7ewrn.rcgu.o:(.text._ZN14nrf_hal_common15slice_in_ram_or17h45eac09da2d56d66E)
     18c      18c        0     1                 $t
     18d      18d       50     1                 nrf_hal_common::slice_in_ram_or::h45eac09da2d56d66
     1dc      1dc       22     2         C:\Users\elopezpe\lakers\target\thumbv7em-none-eabihf\debug\deps\client-1019b7aa28e2ebeb.0xpd4j2po6wvgj8a9dbw5qhip.rcgu.o:(.text._ZN5defmt6export3fmt17h300087c90caa774dE)
     1dc      1dc        0     1                 $t
     1dd      1dd       22     1                 defmt::export::fmt::h300087c90caa774d
     1fe      1fe       2a     2         C:\Users\elopezpe\lakers\target\thumbv7em-none-eabihf\debug\deps\client-1019b7aa28e2ebeb.0xpd4j2po6wvgj8a9dbw5qhip.rcgu.o:(.text._ZN5defmt6export3fmt17ha71c7ad605a4587fE)
     1fe      1fe        0     1                 $t
     1ff      1ff       2a     1                 defmt::export::fmt::ha71c7ad605a4587f
     228      228       50     2         C:\Users\elopezpe\lakers\target\thumbv7em-none-eabihf\debug\deps\client-1019b7aa28e2ebeb.0xpd4j2po6wvgj8a9dbw5qhip.rcgu.o:(.text._ZN5defmt6export9fmt_slice17hc12be62a1b84a21dE)
     228      228        0     1                 $t
     229      229       50     1                 defmt::export::fmt_slice::hc12be62a1b84a21d
     278      278       12     2         C:\Users\elopezpe\lakers\target\thumbv7em-none-eabihf\debug\deps\client-1019b7aa28e2ebeb.1km9ugsixzls3tyhgkkn74atj.rcgu.o:(.text._ZN66_$LT$lakers_shared..cred..IdCred$u20$as$u20$core..clone..Clone$GT$5clone17hd54b14df72ceb21bE)
     278      278        0     1                 $t
     279      279       12     1                 _$LT$lakers_shared..cred..IdCred$u20$as$u20$core..clone..Clone$GT$::clone::hd54b14df72ceb21b
     28a      28a       14     2         C:\Users\elopezpe\lakers\target\thumbv7em-none-eabihf\debug\deps\client-1019b7aa28e2ebeb.1km9ugsixzls3tyhgkkn74atj.rcgu.o:(.text._ZN70_$LT$lakers_shared..cred..Credential$u20$as$u20$core..clone..Clone$GT$5clone17h296e2a7bd9cb6e5fE)
     28a      28a        0     1                 $t
     28b      28b       14     1                 _$LT$lakers_shared..cred..Credential$u20$as$u20$core..clone..Clone$GT$::clone::h296e2a7bd9cb6e5f
     29e      29e       42     2         C:\Users\elopezpe\lakers\target\thumbv7em-none-eabihf\debug\deps\client-1019b7aa28e2ebeb.21f4nmymbccv2h25fkqot8oxf.rcgu.o:(.text._ZN8cortex_m9interrupt4free17h48c0d6aa28672fbdE)
     29e      29e        0     1                 $t
     29f      29f       42     1                 cortex_m::interrupt::free::h48c0d6aa28672fbd
     2e0      2e0       16     2         C:\Users\elopezpe\lakers\target\thumbv7em-none-eabihf\debug\deps\client-1019b7aa28e2ebeb.24cyouw7utathapmdbypzktns.rcgu.o:(.text._ZN50_$LT$T$u20$as$u20$core..convert..Into$LT$U$GT$$GT$4into17h83babb789ac7017cE)
     2e0      2e0        0     1                 $t
     2e1      2e1       16     1                 _$LT$T$u20$as$u20$core..convert..Into$LT$U$GT$$GT$::into::h83babb789ac7017c
     2f6      2f6       12     2         C:\Users\elopezpe\lakers\target\thumbv7em-none-eabihf\debug\deps\client-1019b7aa28e2ebeb.2uc9f79pj8v133c393u6bg1h9.rcgu.o:(.text._ZN50_$LT$T$u20$as$u20$core..convert..Into$LT$U$GT$$GT$4into17h63828ed5d604822cE)
     2f6      2f6        0     1                 $t
     2f7      2f7       12     1                 _$LT$T$u20$as$u20$core..convert..Into$LT$U$GT$$GT$::into::h63828ed5d604822c
     308      308       56     2         C:\Users\elopezpe\lakers\target\thumbv7em-none-eabihf\debug\deps\client-1019b7aa28e2ebeb.314we3t3wud8h2hbih5595z7c.rcgu.o:(.text._ZN74_$LT$$u5b$T$u5d$$u20$as$u20$core..slice..specialize..SpecFill$LT$T$GT$$GT$9spec_fill17h7081c9ceb9b60299E)
     308      308        0     1                 $t
     309      309       56     1                 _$LT$$u5b$T$u5d$$u20$as$u20$core..slice..specialize..SpecFill$LT$T$GT$$GT$::spec_fill::h7081c9ceb9b60299
     35e      35e       50     2         C:\Users\elopezpe\lakers\target\thumbv7em-none-eabihf\debug\deps\client-1019b7aa28e2ebeb.3ie1310cjayowfnkwiblxiesb.rcgu.o:(.text._ZN13lakers_shared6crypto6Crypto16supported_suites17h9eb374e2fc931e77E)
     35e      35e        0     1                 $t
     35f      35f       50     1                 lakers_shared::crypto::Crypto::supported_suites::h9eb374e2fc931e77
     3ae      3ae       48     2         C:\Users\elopezpe\lakers\target\thumbv7em-none-eabihf\debug\deps\client-1019b7aa28e2ebeb.4yft7yg86tq4sthegb5eegovd.rcgu.o:(.text._ZN6lakers28EdhocInitiator$LT$Crypto$GT$12set_identity17h87b13450cccab09fE)
     3ae      3ae        0     1                 $t
     3af      3af       48     1                 lakers::EdhocInitiator$LT$Crypto$GT$::set_identity::h87b13450cccab09f
     3f6      3f6      11a     2         C:\Users\elopezpe\lakers\target\thumbv7em-none-eabihf\debug\deps\client-1019b7aa28e2ebeb.4yft7yg86tq4sthegb5eegovd.rcgu.o:(.text._ZN6lakers28EdhocInitiator$LT$Crypto$GT$17prepare_message_117h7ea7c27a0cec9468E)
     3f6      3f6        0     1                 $t
     3f7      3f7      11a     1                 lakers::EdhocInitiator$LT$Crypto$GT$::prepare_message_1::h7ea7c27a0cec9468
     510      510      126     2         C:\Users\elopezpe\lakers\target\thumbv7em-none-eabihf\debug\deps\client-1019b7aa28e2ebeb.4yft7yg86tq4sthegb5eegovd.rcgu.o:(.text._ZN6lakers28EdhocInitiator$LT$Crypto$GT$3new17h84bd4bc7aca50f6dE)
     510      510        0     1                 $t
     511      511      126     1                 lakers::EdhocInitiator$LT$Crypto$GT$::new::h84bd4bc7aca50f6d
     636      636       3e     2         C:\Users\elopezpe\lakers\target\thumbv7em-none-eabihf\debug\deps\client-1019b7aa28e2ebeb.4yft7yg86tq4sthegb5eegovd.rcgu.o:(.text._ZN6lakers30generate_connection_identifier17h8e6e647fcd53dcf5E)
     636      636        0     1                 $t
     637      637       3e     1                 lakers::generate_connection_identifier::h8e6e647fcd53dcf5
     674      674       72     2         C:\Users\elopezpe\lakers\target\thumbv7em-none-eabihf\debug\deps\client-1019b7aa28e2ebeb.4yft7yg86tq4sthegb5eegovd.rcgu.o:(.text._ZN6lakers32EdhocInitiatorDone$LT$Crypto$GT$14edhoc_exporter17h5a0f60a418165e52E)
     674      674        0     1                 $t
     675      675       72     1                 lakers::EdhocInitiatorDone$LT$Crypto$GT$::edhoc_exporter::h5a0f60a418165e52
     6e6      6e6      118     2         C:\Users\elopezpe\lakers\target\thumbv7em-none-eabihf\debug\deps\client-1019b7aa28e2ebeb.4yft7yg86tq4sthegb5eegovd.rcgu.o:(.text._ZN6lakers34EdhocInitiatorWaitM2$LT$Crypto$GT$15parse_message_217ha3167a7c7ed00474E)
     6e6      6e6        0     1                 $t
     6e7      6e7      118     1                 lakers::EdhocInitiatorWaitM2$LT$Crypto$GT$::parse_message_2::ha3167a7c7ed00474
     7fe      7fe       de     2         C:\Users\elopezpe\lakers\target\thumbv7em-none-eabihf\debug\deps\client-1019b7aa28e2ebeb.4yft7yg86tq4sthegb5eegovd.rcgu.o:(.text._ZN6lakers34EdhocInitiatorWaitM4$LT$Crypto$GT$15parse_message_417hf8aaddb4f371e9a7E)
     7fe      7fe        0     1                 $t
     7ff      7ff       de     1                 lakers::EdhocInitiatorWaitM4$LT$Crypto$GT$::parse_message_4::hf8aaddb4f371e9a7
     8dc      8dc       8a     2         C:\Users\elopezpe\lakers\target\thumbv7em-none-eabihf\debug\deps\client-1019b7aa28e2ebeb.4yft7yg86tq4sthegb5eegovd.rcgu.o:(.text._ZN6lakers35generate_connection_identifier_cbor17hc750bcc119492816E)
     8dc      8dc        0     1                 $t
     8dd      8dd       8a     1                 lakers::generate_connection_identifier_cbor::hc750bcc119492816
     966      966      166     2         C:\Users\elopezpe\lakers\target\thumbv7em-none-eabihf\debug\deps\client-1019b7aa28e2ebeb.4yft7yg86tq4sthegb5eegovd.rcgu.o:(.text._ZN6lakers39EdhocInitiatorProcessedM2$LT$Crypto$GT$17prepare_message_317h2025794929c06c6fE)
     966      966        0     1                 $t
     967      967      166     1                 lakers::EdhocInitiatorProcessedM2$LT$Crypto$GT$::prepare_message_3::h2025794929c06c6f
     acc      acc       c4     2         C:\Users\elopezpe\lakers\target\thumbv7em-none-eabihf\debug\deps\client-1019b7aa28e2ebeb.4yft7yg86tq4sthegb5eegovd.rcgu.o:(.text._ZN6lakers40EdhocInitiatorProcessingM2$LT$Crypto$GT$16verify_message_217h923fed7fc7c51facE)
     acc      acc        0     1                 $t
     acd      acd       c4     1                 lakers::EdhocInitiatorProcessingM2$LT$Crypto$GT$::verify_message_2::h923fed7fc7c51fac
     b90      b90       c4     2         C:\Users\elopezpe\lakers\target\thumbv7em-none-eabihf\debug\deps\client-1019b7aa28e2ebeb.4yft7yg86tq4sthegb5eegovd.rcgu.o:(.text._ZN6lakers40EdhocInitiatorProcessingM4$LT$Crypto$GT$16verify_message_417hfc8214924e694d88E)
     b90      b90        0     1                 $t
     b91      b91       c4     1                 lakers::EdhocInitiatorProcessingM4$LT$Crypto$GT$::verify_message_4::hfc8214924e694d88
     c54      c54       16     2         C:\Users\elopezpe\lakers\target\thumbv7em-none-eabihf\debug\deps\client-1019b7aa28e2ebeb.5bxb9776m6sctlzkm0kcrdvon.rcgu.o:(.text._ZN50_$LT$T$u20$as$u20$core..convert..Into$LT$U$GT$$GT$4into17h19e74fd69e0f2518E)
     c54      c54        0     1                 $t
     c55      c55       16     1                 _$LT$T$u20$as$u20$core..convert..Into$LT$U$GT$$GT$::into::h19e74fd69e0f2518
     c6c      c6c       68     4         C:\Users\elopezpe\lakers\target\thumbv7em-none-eabihf\debug\deps\client-1019b7aa28e2ebeb.5umezzah4na4qjzan6c3jpynp.rcgu.o:(.text._ZN4core4sync6atomic14compiler_fence17h6d6266221160b6b3E)
     c6c      c6c        0     1                 $t
     c6d      c6d       68     1                 core::sync::atomic::compiler_fence::h6d6266221160b6b3
     c8c      c8c        0     1                 $d
     c92      c92        0     1                 $t
     cd4      cd4       24     2         C:\Users\elopezpe\lakers\target\thumbv7em-none-eabihf\debug\deps\client-1019b7aa28e2ebeb.6c5xz7e0dkp62taxabsabpup7.rcgu.o:(.text._ZN153_$LT$core..result..Result$LT$T$C$F$GT$$u20$as$u20$core..ops..try_trait..FromResidual$LT$core..result..Result$LT$core..convert..Infallible$C$E$GT$$GT$$GT$13from_residual17h6250cbeacae1c154E)
     cd4      cd4        0     1                 $t
     cd5      cd5       24     1                 _$LT$core..result..Result$LT$T$C$F$GT$$u20$as$u20$core..ops..try_trait..FromResidual$LT$core..result..Result$LT$core..convert..Infallible$C$E$GT$$GT$$GT$::from_residual::h6250cbeacae1c154
     cf8      cf8       24     2         C:\Users\elopezpe\lakers\target\thumbv7em-none-eabihf\debug\deps\client-1019b7aa28e2ebeb.6c5xz7e0dkp62taxabsabpup7.rcgu.o:(.text._ZN153_$LT$core..result..Result$LT$T$C$F$GT$$u20$as$u20$core..ops..try_trait..FromResidual$LT$core..result..Result$LT$core..convert..Infallible$C$E$GT$$GT$$GT$13from_residual17h9883ebe3314ea94eE)
     cf8      cf8        0     1                 $t
     cf9      cf9       24     1                 _$LT$core..result..Result$LT$T$C$F$GT$$u20$as$u20$core..ops..try_trait..FromResidual$LT$core..result..Result$LT$core..convert..Infallible$C$E$GT$$GT$$GT$::from_residual::h9883ebe3314ea94e
     d1c      d1c       22     2         C:\Users\elopezpe\lakers\target\thumbv7em-none-eabihf\debug\deps\client-1019b7aa28e2ebeb.6c5xz7e0dkp62taxabsabpup7.rcgu.o:(.text._ZN153_$LT$core..result..Result$LT$T$C$F$GT$$u20$as$u20$core..ops..try_trait..FromResidual$LT$core..result..Result$LT$core..convert..Infallible$C$E$GT$$GT$$GT$13from_residual17h999d15a6f8827194E)
     d1c      d1c        0     1                 $t
     d1d      d1d       22     1                 _$LT$core..result..Result$LT$T$C$F$GT$$u20$as$u20$core..ops..try_trait..FromResidual$LT$core..result..Result$LT$core..convert..Infallible$C$E$GT$$GT$$GT$::from_residual::h999d15a6f8827194
     d3e      d3e       1e     2         C:\Users\elopezpe\lakers\target\thumbv7em-none-eabihf\debug\deps\client-1019b7aa28e2ebeb.6c5xz7e0dkp62taxabsabpup7.rcgu.o:(.text._ZN153_$LT$core..result..Result$LT$T$C$F$GT$$u20$as$u20$core..ops..try_trait..FromResidual$LT$core..result..Result$LT$core..convert..Infallible$C$E$GT$$GT$$GT$13from_residual17hdcb8b93cffaec9cfE)
     d3e      d3e        0     1                 $t
     d3f      d3f       1e     1                 _$LT$core..result..Result$LT$T$C$F$GT$$u20$as$u20$core..ops..try_trait..FromResidual$LT$core..result..Result$LT$core..convert..Infallible$C$E$GT$$GT$$GT$::from_residual::hdcb8b93cffaec9cf
     d5c      d5c       22     2         C:\Users\elopezpe\lakers\target\thumbv7em-none-eabihf\debug\deps\client-1019b7aa28e2ebeb.6c5xz7e0dkp62taxabsabpup7.rcgu.o:(.text._ZN153_$LT$core..result..Result$LT$T$C$F$GT$$u20$as$u20$core..ops..try_trait..FromResidual$LT$core..result..Result$LT$core..convert..Infallible$C$E$GT$$GT$$GT$13from_residual17he9745347926cb53dE)
     d5c      d5c        0     1                 $t
     d5d      d5d       22     1                 _$LT$core..result..Result$LT$T$C$F$GT$$u20$as$u20$core..ops..try_trait..FromResidual$LT$core..result..Result$LT$core..convert..Infallible$C$E$GT$$GT$$GT$::from_residual::he9745347926cb53d
     d7e      d7e       4a     2         C:\Users\elopezpe\lakers\target\thumbv7em-none-eabihf\debug\deps\client-1019b7aa28e2ebeb.6c5xz7e0dkp62taxabsabpup7.rcgu.o:(.text._ZN4core6result19Result$LT$T$C$E$GT$10unwrap_err17h37411f3411c5e4f3E)
     d7e      d7e        0     1                 $t
     d7f      d7f       4a     1                 core::result::Result$LT$T$C$E$GT$::unwrap_err::h37411f3411c5e4f3
     dc8      dc8       66     2         C:\Users\elopezpe\lakers\target\thumbv7em-none-eabihf\debug\deps\client-1019b7aa28e2ebeb.6c5xz7e0dkp62taxabsabpup7.rcgu.o:(.text._ZN4core6result19Result$LT$T$C$E$GT$3map17h2b99ae7b632191c3E)
     dc8      dc8        0     1                 $t
     dc9      dc9       66     1                 core::result::Result$LT$T$C$E$GT$::map::h2b99ae7b632191c3
     e2e      e2e       68     2         C:\Users\elopezpe\lakers\target\thumbv7em-none-eabihf\debug\deps\client-1019b7aa28e2ebeb.6c5xz7e0dkp62taxabsabpup7.rcgu.o:(.text._ZN4core6result19Result$LT$T$C$E$GT$6expect17h7b801bbf8c93416cE)
     e2e      e2e        0     1                 $t
     e2f      e2f       68     1                 core::result::Result$LT$T$C$E$GT$::expect::h7b801bbf8c93416c
     e96      e96       32     2         C:\Users\elopezpe\lakers\target\thumbv7em-none-eabihf\debug\deps\client-1019b7aa28e2ebeb.6c5xz7e0dkp62taxabsabpup7.rcgu.o:(.text._ZN79_$LT$core..result..Result$LT$T$C$E$GT$$u20$as$u20$core..ops..try_trait..Try$GT$6branch17h5e35d5c99350c8afE)
     e96      e96        0     1                 $t
     e97      e97       32     1                 _$LT$core..result..Result$LT$T$C$E$GT$$u20$as$u20$core..ops..try_trait..Try$GT$::branch::h5e35d5c99350c8af
     ec8      ec8       54     2         C:\Users\elopezpe\lakers\target\thumbv7em-none-eabihf\debug\deps\client-1019b7aa28e2ebeb.6c5xz7e0dkp62taxabsabpup7.rcgu.o:(.text._ZN79_$LT$core..result..Result$LT$T$C$E$GT$$u20$as$u20$core..ops..try_trait..Try$GT$6branch17h9c9e0d586cf5539aE)
     ec8      ec8        0     1                 $t
     ec9      ec9       54     1                 _$LT$core..result..Result$LT$T$C$E$GT$$u20$as$u20$core..ops..try_trait..Try$GT$::branch::h9c9e0d586cf5539a
     f1c      f1c       14     2         C:\Users\elopezpe\lakers\target\thumbv7em-none-eabihf\debug\deps\client-1019b7aa28e2ebeb.6cv96smam765vthtq2joq3ihm.rcgu.o:(.text._ZN42_$LT$$RF$T$u20$as$u20$core..fmt..Debug$GT$3fmt17h98d895331aa3c6d2E)
     f1c      f1c        0     1                 $t
     f1d      f1d       14     1                 _$LT$$RF$T$u20$as$u20$core..fmt..Debug$GT$::fmt::h98d895331aa3c6d2
     f30      f30       16     2         C:\Users\elopezpe\lakers\target\thumbv7em-none-eabihf\debug\deps\client-1019b7aa28e2ebeb.6djqpbw1xxh5fonf53e3qkkf7.rcgu.o:(.text._ZN50_$LT$T$u20$as$u20$core..convert..Into$LT$U$GT$$GT$4into17h304e8c5096e2015aE)
     f30      f30        0     1                 $t
     f31      f31       16     1                 _$LT$T$u20$as$u20$core..convert..Into$LT$U$GT$$GT$::into::h304e8c5096e2015a
     f46      f46       12     2         C:\Users\elopezpe\lakers\target\thumbv7em-none-eabihf\debug\deps\client-1019b7aa28e2ebeb.6ewo3o1v5t3eumhrfpub2qzwj.rcgu.o:(.text._ZN5defmt5impls10primitives54_$LT$impl$u20$defmt..traits..Format$u20$for$u20$u8$GT$11_format_tag17h291e3793a04e1abcE)
     f46      f46        0     1                 $t
     f47      f47       12     1                 defmt::impls::primitives::_$LT$impl$u20$defmt..traits..Format$u20$for$u20$u8$GT$::_format_tag::h291e3793a04e1abc
     f58      f58       10     2         C:\Users\elopezpe\lakers\target\thumbv7em-none-eabihf\debug\deps\client-1019b7aa28e2ebeb.6ewo3o1v5t3eumhrfpub2qzwj.rcgu.o:(.text._ZN5defmt5impls10primitives54_$LT$impl$u20$defmt..traits..Format$u20$for$u20$u8$GT$12_format_data17hcc1a199348f34c5eE)
     f58      f58        0     1                 $t
     f59      f59       10     1                 defmt::impls::primitives::_$LT$impl$u20$defmt..traits..Format$u20$for$u20$u8$GT$::_format_data::hcc1a199348f34c5e
     f68      f68       3a     2         C:\Users\elopezpe\lakers\target\thumbv7em-none-eabihf\debug\deps\client-1019b7aa28e2ebeb.6u19dxsd2r0jynuraulhrsuz1.rcgu.o:(.text._ZN130_$LT$nrf_hal_common..gpio..Pin$LT$nrf_hal_common..gpio..Output$LT$MODE$GT$$GT$$u20$as$u20$embedded_hal..digital..v2..OutputPin$GT$8set_high17h7a758068f2aad0d2E)
     f68      f68        0     1                 $t
     f69      f69       3a     1                 _$LT$nrf_hal_common..gpio..Pin$LT$nrf_hal_common..gpio..Output$LT$MODE$GT$$GT$$u20$as$u20$embedded_hal..digital..v2..OutputPin$GT$::set_high::h7a758068f2aad0d2
     fa2      fa2       48     2         C:\Users\elopezpe\lakers\target\thumbv7em-none-eabihf\debug\deps\client-1019b7aa28e2ebeb.6u19dxsd2r0jynuraulhrsuz1.rcgu.o:(.text._ZN130_$LT$nrf_hal_common..gpio..Pin$LT$nrf_hal_common..gpio..Output$LT$MODE$GT$$GT$$u20$as$u20$embedded_hal..digital..v2..OutputPin$GT$8set_high28_$u7b$$u7b$closure$u7d$$u7d$17h319c4fe6525a4845E)
     fa2      fa2        0     1                 $t
     fa3      fa3       48     1                 _$LT$nrf_hal_common..gpio..Pin$LT$nrf_hal_common..gpio..Output$LT$MODE$GT$$GT$$u20$as$u20$embedded_hal..digital..v2..OutputPin$GT$::set_high::_$u7b$$u7b$closure$u7d$$u7d$::h319c4fe6525a4845
     fea      fea       34     2         C:\Users\elopezpe\lakers\target\thumbv7em-none-eabihf\debug\deps\client-1019b7aa28e2ebeb.6u19dxsd2r0jynuraulhrsuz1.rcgu.o:(.text._ZN14nrf_hal_common4gpio15Pin$LT$MODE$GT$3new17hc9024de2ab3bb52dE)
     fea      fea        0     1                 $t
     feb      feb       34     1                 nrf_hal_common::gpio::Pin$LT$MODE$GT$::new::hc9024de2ab3bb52d
    101e     101e       34     2         C:\Users\elopezpe\lakers\target\thumbv7em-none-eabihf\debug\deps\client-1019b7aa28e2ebeb.6u19dxsd2r0jynuraulhrsuz1.rcgu.o:(.text._ZN14nrf_hal_common4gpio15Pin$LT$MODE$GT$3new17hf606efcd879bbe1fE)
    101e     101e        0     1                 $t
    101f     101f       34     1                 nrf_hal_common::gpio::Pin$LT$MODE$GT$::new::hf606efcd879bbe1f
    1052     1052       34     2         C:\Users\elopezpe\lakers\target\thumbv7em-none-eabihf\debug\deps\client-1019b7aa28e2ebeb.6u19dxsd2r0jynuraulhrsuz1.rcgu.o:(.text._ZN14nrf_hal_common4gpio15Pin$LT$MODE$GT$5block17hec7b52a6b0b7a05eE)
    1052     1052        0     1                 $t
    1053     1053       34     1                 nrf_hal_common::gpio::Pin$LT$MODE$GT$::block::hec7b52a6b0b7a05e
    1086     1086       12     2         C:\Users\elopezpe\lakers\target\thumbv7em-none-eabihf\debug\deps\client-1019b7aa28e2ebeb.6xpzep90786gelhisflojaqt3.rcgu.o:(.text._ZN50_$LT$T$u20$as$u20$core..convert..Into$LT$U$GT$$GT$4into17h08be0ce1ee25e6e8E)
    1086     1086        0     1                 $t
    1087     1087       12     1                 _$LT$T$u20$as$u20$core..convert..Into$LT$U$GT$$GT$::into::h08be0ce1ee25e6e8
    1098     1098        8     2         C:\Users\elopezpe\lakers\target\thumbv7em-none-eabihf\debug\deps\client-1019b7aa28e2ebeb.7k4duax6b3ysypzh2nj0wfh5v.rcgu.o:(.text._ZN14nrf_hal_common5uarte14Uarte$LT$T$GT$35apply_workaround_for_enable_anomaly17h058a69d1c0b49c89E)
    1098     1098        0     1                 $t
    1099     1099        8     1                 nrf_hal_common::uarte::Uarte$LT$T$GT$::apply_workaround_for_enable_anomaly::h058a69d1c0b49c89
    10a0     10a0      25e     2         C:\Users\elopezpe\lakers\target\thumbv7em-none-eabihf\debug\deps\client-1019b7aa28e2ebeb.7k4duax6b3ysypzh2nj0wfh5v.rcgu.o:(.text._ZN14nrf_hal_common5uarte14Uarte$LT$T$GT$3new17h3a41eec140f9dcb0E)
    10a0     10a0        0     1                 $t
    10a1     10a1      25e     1                 nrf_hal_common::uarte::Uarte$LT$T$GT$::new::h3a41eec140f9dcb0
    12fe     12fe       5c     2         C:\Users\elopezpe\lakers\target\thumbv7em-none-eabihf\debug\deps\client-1019b7aa28e2ebeb.7k4duax6b3ysypzh2nj0wfh5v.rcgu.o:(.text._ZN14nrf_hal_common5uarte14Uarte$LT$T$GT$3new28_$u7b$$u7b$closure$u7d$$u7d$17h1671511a3d2f2a92E)
    12fe     12fe        0     1                 $t
    12ff     12ff       5c     1                 nrf_hal_common::uarte::Uarte$LT$T$GT$::new::_$u7b$$u7b$closure$u7d$$u7d$::h1671511a3d2f2a92
    135a     135a       44     2         C:\Users\elopezpe\lakers\target\thumbv7em-none-eabihf\debug\deps\client-1019b7aa28e2ebeb.7k4duax6b3ysypzh2nj0wfh5v.rcgu.o:(.text._ZN14nrf_hal_common5uarte14Uarte$LT$T$GT$3new28_$u7b$$u7b$closure$u7d$$u7d$17h1c997a4992a2884eE)
    135a     135a        0     1                 $t
    135b     135b       44     1                 nrf_hal_common::uarte::Uarte$LT$T$GT$::new::_$u7b$$u7b$closure$u7d$$u7d$::h1c997a4992a2884e
    139e     139e       d4     2         C:\Users\elopezpe\lakers\target\thumbv7em-none-eabihf\debug\deps\client-1019b7aa28e2ebeb.7k4duax6b3ysypzh2nj0wfh5v.rcgu.o:(.text._ZN14nrf_hal_common5uarte14Uarte$LT$T$GT$3new28_$u7b$$u7b$closure$u7d$$u7d$17h4659eacc12d0dd02E)
    139e     139e        0     1                 $t
    139f     139f       d4     1                 nrf_hal_common::uarte::Uarte$LT$T$GT$::new::_$u7b$$u7b$closure$u7d$$u7d$::h4659eacc12d0dd02
    1472     1472       8c     2         C:\Users\elopezpe\lakers\target\thumbv7em-none-eabihf\debug\deps\client-1019b7aa28e2ebeb.7k4duax6b3ysypzh2nj0wfh5v.rcgu.o:(.text._ZN14nrf_hal_common5uarte14Uarte$LT$T$GT$3new28_$u7b$$u7b$closure$u7d$$u7d$17h929fc0635f1dffd3E)
    1472     1472        0     1                 $t
    1473     1473       8c     1                 nrf_hal_common::uarte::Uarte$LT$T$GT$::new::_$u7b$$u7b$closure$u7d$$u7d$::h929fc0635f1dffd3
    14fe     14fe       d4     2         C:\Users\elopezpe\lakers\target\thumbv7em-none-eabihf\debug\deps\client-1019b7aa28e2ebeb.7k4duax6b3ysypzh2nj0wfh5v.rcgu.o:(.text._ZN14nrf_hal_common5uarte14Uarte$LT$T$GT$3new28_$u7b$$u7b$closure$u7d$$u7d$17h92c3ec25471f2d5bE)
    14fe     14fe        0     1                 $t
    14ff     14ff       d4     1                 nrf_hal_common::uarte::Uarte$LT$T$GT$::new::_$u7b$$u7b$closure$u7d$$u7d$::h92c3ec25471f2d5b
    15d2     15d2       5c     2         C:\Users\elopezpe\lakers\target\thumbv7em-none-eabihf\debug\deps\client-1019b7aa28e2ebeb.7k4duax6b3ysypzh2nj0wfh5v.rcgu.o:(.text._ZN14nrf_hal_common5uarte14Uarte$LT$T$GT$3new28_$u7b$$u7b$closure$u7d$$u7d$17h9bcdc3eeb04cefc8E)
    15d2     15d2        0     1                 $t
    15d3     15d3       5c     1                 nrf_hal_common::uarte::Uarte$LT$T$GT$::new::_$u7b$$u7b$closure$u7d$$u7d$::h9bcdc3eeb04cefc8
    162e     162e       16     2         C:\Users\elopezpe\lakers\target\thumbv7em-none-eabihf\debug\deps\client-1019b7aa28e2ebeb.7k4duax6b3ysypzh2nj0wfh5v.rcgu.o:(.text._ZN14nrf_hal_common5uarte14Uarte$LT$T$GT$3new28_$u7b$$u7b$closure$u7d$$u7d$17h9ede4cff1f1ecbb3E)
    162e     162e        0     1                 $t
    162f     162f       16     1                 nrf_hal_common::uarte::Uarte$LT$T$GT$::new::_$u7b$$u7b$closure$u7d$$u7d$::h9ede4cff1f1ecbb3
    1644     1644       70     2         C:\Users\elopezpe\lakers\target\thumbv7em-none-eabihf\debug\deps\client-1019b7aa28e2ebeb.7k4duax6b3ysypzh2nj0wfh5v.rcgu.o:(.text._ZN14nrf_hal_common5uarte14Uarte$LT$T$GT$3new28_$u7b$$u7b$closure$u7d$$u7d$17hac14ceecbcca1a83E)
    1644     1644        0     1                 $t
    1645     1645       70     1                 nrf_hal_common::uarte::Uarte$LT$T$GT$::new::_$u7b$$u7b$closure$u7d$$u7d$::hac14ceecbcca1a83
    16b4     16b4       70     2         C:\Users\elopezpe\lakers\target\thumbv7em-none-eabihf\debug\deps\client-1019b7aa28e2ebeb.7k4duax6b3ysypzh2nj0wfh5v.rcgu.o:(.text._ZN14nrf_hal_common5uarte14Uarte$LT$T$GT$3new28_$u7b$$u7b$closure$u7d$$u7d$17hff5221d452cac5b6E)
    16b4     16b4        0     1                 $t
    16b5     16b5       70     1                 nrf_hal_common::uarte::Uarte$LT$T$GT$::new::_$u7b$$u7b$closure$u7d$$u7d$::hff5221d452cac5b6
    1724     1724       c6     2         C:\Users\elopezpe\lakers\target\thumbv7em-none-eabihf\debug\deps\client-1019b7aa28e2ebeb.7k4duax6b3ysypzh2nj0wfh5v.rcgu.o:(.text._ZN14nrf_hal_common5uarte14Uarte$LT$T$GT$4read17hac803749adaa8a4bE)
    1724     1724        0     1                 $t
    1725     1725       c6     1                 nrf_hal_common::uarte::Uarte$LT$T$GT$::read::hac803749adaa8a4b
    17ea     17ea       fc     2         C:\Users\elopezpe\lakers\target\thumbv7em-none-eabihf\debug\deps\client-1019b7aa28e2ebeb.7k4duax6b3ysypzh2nj0wfh5v.rcgu.o:(.text._ZN14nrf_hal_common5uarte14Uarte$LT$T$GT$5write17h2c696568d3b20dcbE)
    17ea     17ea        0     1                 $t
    17eb     17eb       fc     1                 nrf_hal_common::uarte::Uarte$LT$T$GT$::write::h2c696568d3b20dcb
    18e6     18e6        a     2         C:\Users\elopezpe\lakers\target\thumbv7em-none-eabihf\debug\deps\client-1019b7aa28e2ebeb.7w1ej2ksjykghhsuz7nc55e6k.rcgu.o:(.text._ZN12nrf52840_pac11Peripherals4take17hb1a8bd92a5083b46E)
    18e6     18e6        0     1                 $t
    18e7     18e7        a     1                 nrf52840_pac::Peripherals::take::hb1a8bd92a5083b46
    18f0     18f0        e     2         C:\Users\elopezpe\lakers\target\thumbv7em-none-eabihf\debug\deps\client-1019b7aa28e2ebeb.7w1ej2ksjykghhsuz7nc55e6k.rcgu.o:(.text._ZN12nrf52840_pac11Peripherals5steal17h4122f2bba5ce88e7E)
    18f0     18f0        0     1                 $t
    18f1     18f1        e     1                 nrf52840_pac::Peripherals::steal::h4122f2bba5ce88e7
    18fe     18fe       38     2         C:\Users\elopezpe\lakers\target\thumbv7em-none-eabihf\debug\deps\client-1019b7aa28e2ebeb.8lgb2nhz5jdkh7xvb542g64y1.rcgu.o:(.text._ZN12nrf52840_pac11Peripherals4take28_$u7b$$u7b$closure$u7d$$u7d$17hd429589b4dcb24cfE)
    18fe     18fe        0     1                 $t
    18ff     18ff       38     1                 nrf52840_pac::Peripherals::take::_$u7b$$u7b$closure$u7d$$u7d$::hd429589b4dcb24cf
    1936     1936       22     2         C:\Users\elopezpe\lakers\target\thumbv7em-none-eabihf\debug\deps\client-1019b7aa28e2ebeb.8o0emso7aml2v3erjlpa3wch3.rcgu.o:(.text._ZN77_$LT$cortex_m..register..primask..Primask$u20$as$u20$core..cmp..PartialEq$GT$2eq17h0c1af4fc0bea3c28E)
    1936     1936        0     1                 $t
    1937     1937       22     1                 _$LT$cortex_m..register..primask..Primask$u20$as$u20$core..cmp..PartialEq$GT$::eq::h0c1af4fc0bea3c28
    1958     1958       32     2         C:\Users\elopezpe\lakers\target\thumbv7em-none-eabihf\debug\deps\client-1019b7aa28e2ebeb.8o0emso7aml2v3erjlpa3wch3.rcgu.o:(.text._ZN8cortex_m8register7primask4read17h1ca44161b8105b1cE)
    1958     1958        0     1                 $t
    1959     1959       32     1                 cortex_m::register::primask::read::h1ca44161b8105b1c
    198a     198a       1c     2         C:\Users\elopezpe\lakers\target\thumbv7em-none-eabihf\debug\deps\client-1019b7aa28e2ebeb.8o0emso7aml2v3erjlpa3wch3.rcgu.o:(.text._ZN8cortex_m8register7primask7Primask9is_active17he86e3bdaef830f3fE)
    198a     198a        0     1                 $t
    198b     198b       1c     1                 cortex_m::register::primask::Primask::is_active::he86e3bdaef830f3f
    19a6     19a6       16     2         C:\Users\elopezpe\lakers\target\thumbv7em-none-eabihf\debug\deps\client-1019b7aa28e2ebeb.8uuw65lff157nwish7t1ufzy2.rcgu.o:(.text._ZN4core5slice29_$LT$impl$u20$$u5b$T$u5d$$GT$4fill17h42bc82fb6cb45c1eE)
    19a6     19a6        0     1                 $t
    19a7     19a7       16     1                 core::slice::_$LT$impl$u20$$u5b$T$u5d$$GT$::fill::h42bc82fb6cb45c1e
    19bc     19bc       34     2         C:\Users\elopezpe\lakers\target\thumbv7em-none-eabihf\debug\deps\client-1019b7aa28e2ebeb.8wvyclsslsrapp1w9ujjhbrts.rcgu.o:(.text._ZN136_$LT$nrf_hal_common..gpio..p0..P0_06$LT$nrf_hal_common..gpio..Output$LT$MODE$GT$$GT$$u20$as$u20$embedded_hal..digital..v2..OutputPin$GT$7set_low17hef511462909b2f81E)
    19bc     19bc        0     1                 $t
    19bd     19bd       34     1                 _$LT$nrf_hal_common..gpio..p0..P0_06$LT$nrf_hal_common..gpio..Output$LT$MODE$GT$$GT$$u20$as$u20$embedded_hal..digital..v2..OutputPin$GT$::set_low::hef511462909b2f81
    19f0     19f0       16     2         C:\Users\elopezpe\lakers\target\thumbv7em-none-eabihf\debug\deps\client-1019b7aa28e2ebeb.8wvyclsslsrapp1w9ujjhbrts.rcgu.o:(.text._ZN136_$LT$nrf_hal_common..gpio..p0..P0_06$LT$nrf_hal_common..gpio..Output$LT$MODE$GT$$GT$$u20$as$u20$embedded_hal..digital..v2..OutputPin$GT$7set_low28_$u7b$$u7b$closure$u7d$$u7d$17h0804d6f8ad3963a9E)
    19f0     19f0        0     1                 $t
    19f1     19f1       16     1                 _$LT$nrf_hal_common..gpio..p0..P0_06$LT$nrf_hal_common..gpio..Output$LT$MODE$GT$$GT$$u20$as$u20$embedded_hal..digital..v2..OutputPin$GT$::set_low::_$u7b$$u7b$closure$u7d$$u7d$::h0804d6f8ad3963a9
    1a06     1a06       34     2         C:\Users\elopezpe\lakers\target\thumbv7em-none-eabihf\debug\deps\client-1019b7aa28e2ebeb.8wvyclsslsrapp1w9ujjhbrts.rcgu.o:(.text._ZN136_$LT$nrf_hal_common..gpio..p0..P0_06$LT$nrf_hal_common..gpio..Output$LT$MODE$GT$$GT$$u20$as$u20$embedded_hal..digital..v2..OutputPin$GT$8set_high17ha4b7d3a853c9325cE)
    1a06     1a06        0     1                 $t
    1a07     1a07       34     1                 _$LT$nrf_hal_common..gpio..p0..P0_06$LT$nrf_hal_common..gpio..Output$LT$MODE$GT$$GT$$u20$as$u20$embedded_hal..digital..v2..OutputPin$GT$::set_high::ha4b7d3a853c9325c
    1a3a     1a3a       16     2         C:\Users\elopezpe\lakers\target\thumbv7em-none-eabihf\debug\deps\client-1019b7aa28e2ebeb.8wvyclsslsrapp1w9ujjhbrts.rcgu.o:(.text._ZN136_$LT$nrf_hal_common..gpio..p0..P0_06$LT$nrf_hal_common..gpio..Output$LT$MODE$GT$$GT$$u20$as$u20$embedded_hal..digital..v2..OutputPin$GT$8set_high28_$u7b$$u7b$closure$u7d$$u7d$17h5685efdb1f6113d9E)
    1a3a     1a3a        0     1                 $t
    1a3b     1a3b       16     1                 _$LT$nrf_hal_common..gpio..p0..P0_06$LT$nrf_hal_common..gpio..Output$LT$MODE$GT$$GT$$u20$as$u20$embedded_hal..digital..v2..OutputPin$GT$::set_high::_$u7b$$u7b$closure$u7d$$u7d$::h5685efdb1f6113d9
    1a50     1a50       1c     2         C:\Users\elopezpe\lakers\target\thumbv7em-none-eabihf\debug\deps\client-1019b7aa28e2ebeb.8wvyclsslsrapp1w9ujjhbrts.rcgu.o:(.text._ZN14nrf_hal_common4gpio2p017P0_06$LT$MODE$GT$21into_push_pull_output17h29e670ad728bd273E)
    1a50     1a50        0     1                 $t
    1a51     1a51       1c     1                 nrf_hal_common::gpio::p0::P0_06$LT$MODE$GT$::into_push_pull_output::h29e670ad728bd273
    1a6c     1a6c       5a     2         C:\Users\elopezpe\lakers\target\thumbv7em-none-eabihf\debug\deps\client-1019b7aa28e2ebeb.8wvyclsslsrapp1w9ujjhbrts.rcgu.o:(.text._ZN14nrf_hal_common4gpio2p017P0_06$LT$MODE$GT$27into_push_pull_output_drive17h37955323434586f2E)
    1a6c     1a6c        0     1                 $t
    1a6d     1a6d       5a     1                 nrf_hal_common::gpio::p0::P0_06$LT$MODE$GT$::into_push_pull_output_drive::h37955323434586f2
    1ac8     1ac8      2b2     4         C:\Users\elopezpe\lakers\target\thumbv7em-none-eabihf\debug\deps\client-1019b7aa28e2ebeb.8wvyclsslsrapp1w9ujjhbrts.rcgu.o:(.text._ZN14nrf_hal_common4gpio2p017P0_06$LT$MODE$GT$27into_push_pull_output_drive28_$u7b$$u7b$closure$u7d$$u7d$17h7249ee7baa983be8E)
    1ac8     1ac8        0     1                 $t
    1ac9     1ac9      2b2     1                 nrf_hal_common::gpio::p0::P0_06$LT$MODE$GT$::into_push_pull_output_drive::_$u7b$$u7b$closure$u7d$$u7d$::h7249ee7baa983be8
    1bba     1bba        0     1                 $d
    1bbe     1bbe        0     1                 $t
    1d7a     1d7a       1e     2         C:\Users\elopezpe\lakers\target\thumbv7em-none-eabihf\debug\deps\client-1019b7aa28e2ebeb.8wvyclsslsrapp1w9ujjhbrts.rcgu.o:(.text._ZN14nrf_hal_common4gpio2p017P0_06$LT$MODE$GT$7degrade17h36b919edf812e0cdE)
    1d7a     1d7a        0     1                 $t
    1d7b     1d7b       1e     1                 nrf_hal_common::gpio::p0::P0_06$LT$MODE$GT$::degrade::h36b919edf812e0cd
    1d98     1d98       32     2         C:\Users\elopezpe\lakers\target\thumbv7em-none-eabihf\debug\deps\client-1019b7aa28e2ebeb.8wvyclsslsrapp1w9ujjhbrts.rcgu.o:(.text._ZN14nrf_hal_common4gpio2p017P0_08$LT$MODE$GT$19into_floating_input17h6ee220fe1dfb796eE)
    1d98     1d98        0     1                 $t
    1d99     1d99       32     1                 nrf_hal_common::gpio::p0::P0_08$LT$MODE$GT$::into_floating_input::h6ee220fe1dfb796e
    1dca     1dca      194     2         C:\Users\elopezpe\lakers\target\thumbv7em-none-eabihf\debug\deps\client-1019b7aa28e2ebeb.8wvyclsslsrapp1w9ujjhbrts.rcgu.o:(.text._ZN14nrf_hal_common4gpio2p017P0_08$LT$MODE$GT$19into_floating_input28_$u7b$$u7b$closure$u7d$$u7d$17h55a1b9721415cc00E)
    1dca     1dca        0     1                 $t
    1dcb     1dcb      194     1                 nrf_hal_common::gpio::p0::P0_08$LT$MODE$GT$::into_floating_input::_$u7b$$u7b$closure$u7d$$u7d$::h55a1b9721415cc00
    1f5e     1f5e       1e     2         C:\Users\elopezpe\lakers\target\thumbv7em-none-eabihf\debug\deps\client-1019b7aa28e2ebeb.8wvyclsslsrapp1w9ujjhbrts.rcgu.o:(.text._ZN14nrf_hal_common4gpio2p017P0_08$LT$MODE$GT$7degrade17h5404027ec382689aE)
    1f5e     1f5e        0     1                 $t
    1f5f     1f5f       1e     1                 nrf_hal_common::gpio::p0::P0_08$LT$MODE$GT$::degrade::h5404027ec382689a
    1f7c     1f7c        e     2         C:\Users\elopezpe\lakers\target\thumbv7em-none-eabihf\debug\deps\client-1019b7aa28e2ebeb.99j4ba6nn3t3ugd8bmhcws9cv.rcgu.o:(.text._ZN4core6option15Option$LT$T$GT$7is_some17h24b9f2ee00be2b36E)
    1f7c     1f7c        0     1                 $t
    1f7d     1f7d        e     1                 core::option::Option$LT$T$GT$::is_some::h24b9f2ee00be2b36
    1f8a     1f8a        e     2         C:\Users\elopezpe\lakers\target\thumbv7em-none-eabihf\debug\deps\client-1019b7aa28e2ebeb.99j4ba6nn3t3ugd8bmhcws9cv.rcgu.o:(.text._ZN4core6option15Option$LT$T$GT$7is_some17hd4979f84a11e3681E)
    1f8a     1f8a        0     1                 $t
    1f8b     1f8b        e     1                 core::option::Option$LT$T$GT$::is_some::hd4979f84a11e3681
    1f98     1f98       38     2         C:\Users\elopezpe\lakers\target\thumbv7em-none-eabihf\debug\deps\client-1019b7aa28e2ebeb.99j4ba6nn3t3ugd8bmhcws9cv.rcgu.o:(.text._ZN68_$LT$core..option..Option$LT$T$GT$$u20$as$u20$core..clone..Clone$GT$5clone17h4923b4bc40ebf918E)
    1f98     1f98        0     1                 $t
    1f99     1f99       38     1                 _$LT$core..option..Option$LT$T$GT$$u20$as$u20$core..clone..Clone$GT$::clone::h4923b4bc40ebf918
    1fd0     1fd0       40     2         C:\Users\elopezpe\lakers\target\thumbv7em-none-eabihf\debug\deps\client-1019b7aa28e2ebeb.99j4ba6nn3t3ugd8bmhcws9cv.rcgu.o:(.text._ZN68_$LT$core..option..Option$LT$T$GT$$u20$as$u20$core..clone..Clone$GT$5clone17h9635723dc1ca8896E)
    1fd0     1fd0        0     1                 $t
    1fd1     1fd1       40     1                 _$LT$core..option..Option$LT$T$GT$$u20$as$u20$core..clone..Clone$GT$::clone::h9635723dc1ca8896
    2010     2010       3e     2         C:\Users\elopezpe\lakers\target\thumbv7em-none-eabihf\debug\deps\client-1019b7aa28e2ebeb.99j4ba6nn3t3ugd8bmhcws9cv.rcgu.o:(.text._ZN68_$LT$core..option..Option$LT$T$GT$$u20$as$u20$core..clone..Clone$GT$5clone17hb7bd5c37c9e07c75E)
    2010     2010        0     1                 $t
    2011     2011       3e     1                 _$LT$core..option..Option$LT$T$GT$$u20$as$u20$core..clone..Clone$GT$::clone::hb7bd5c37c9e07c75
    204e     204e       40     2         C:\Users\elopezpe\lakers\target\thumbv7em-none-eabihf\debug\deps\client-1019b7aa28e2ebeb.99j4ba6nn3t3ugd8bmhcws9cv.rcgu.o:(.text._ZN68_$LT$core..option..Option$LT$T$GT$$u20$as$u20$core..clone..Clone$GT$5clone17hd8dfe8000ac85fccE)
    204e     204e        0     1                 $t
    204f     204f       40     1                 _$LT$core..option..Option$LT$T$GT$$u20$as$u20$core..clone..Clone$GT$::clone::hd8dfe8000ac85fcc
    208e     208e       42     2         C:\Users\elopezpe\lakers\target\thumbv7em-none-eabihf\debug\deps\client-1019b7aa28e2ebeb.9rsiuvn4afupobis4hga3nq6f.rcgu.o:(.text._ZN76_$LT$lakers_shared..buffer..EdhocBufferError$u20$as$u20$core..fmt..Debug$GT$3fmt17h4873bdc5b05322aaE)
    208e     208e        0     1                 $t
    208f     208f       42     1                 _$LT$lakers_shared..buffer..EdhocBufferError$u20$as$u20$core..fmt..Debug$GT$::fmt::h4873bdc5b05322aa
    20d0     20d0       12     2         C:\Users\elopezpe\lakers\target\thumbv7em-none-eabihf\debug\deps\client-1019b7aa28e2ebeb.a68ak6qs2ddjx3q6e9pbwuq0k.rcgu.o:(.text._ZN50_$LT$T$u20$as$u20$core..convert..Into$LT$U$GT$$GT$4into17h5d956d0d9db00a58E)
    20d0     20d0        0     1                 $t
    20d1     20d1       12     1                 _$LT$T$u20$as$u20$core..convert..Into$LT$U$GT$$GT$::into::h5d956d0d9db00a58
    20e2     20e2       16     2         C:\Users\elopezpe\lakers\target\thumbv7em-none-eabihf\debug\deps\client-1019b7aa28e2ebeb.a68ak6qs2ddjx3q6e9pbwuq0k.rcgu.o:(.text._ZN50_$LT$T$u20$as$u20$core..convert..Into$LT$U$GT$$GT$4into17h6770f7382c7dc5b1E)
    20e2     20e2        0     1                 $t
    20e3     20e3       16     1                 _$LT$T$u20$as$u20$core..convert..Into$LT$U$GT$$GT$::into::h6770f7382c7dc5b1
    20f8     20f8       16     2         C:\Users\elopezpe\lakers\target\thumbv7em-none-eabihf\debug\deps\client-1019b7aa28e2ebeb.a68ak6qs2ddjx3q6e9pbwuq0k.rcgu.o:(.text._ZN50_$LT$T$u20$as$u20$core..convert..Into$LT$U$GT$$GT$4into17h98b32e66dccc53aeE)
    20f8     20f8        0     1                 $t
    20f9     20f9       16     1                 _$LT$T$u20$as$u20$core..convert..Into$LT$U$GT$$GT$::into::h98b32e66dccc53ae
    210e     210e       12     2         C:\Users\elopezpe\lakers\target\thumbv7em-none-eabihf\debug\deps\client-1019b7aa28e2ebeb.a68ak6qs2ddjx3q6e9pbwuq0k.rcgu.o:(.text._ZN50_$LT$T$u20$as$u20$core..convert..Into$LT$U$GT$$GT$4into17hd6f108605120803aE)
    210e     210e        0     1                 $t
    210f     210f       12     1                 _$LT$T$u20$as$u20$core..convert..Into$LT$U$GT$$GT$::into::hd6f108605120803a
    2120     2120       12     2         C:\Users\elopezpe\lakers\target\thumbv7em-none-eabihf\debug\deps\client-1019b7aa28e2ebeb.a68ak6qs2ddjx3q6e9pbwuq0k.rcgu.o:(.text._ZN50_$LT$T$u20$as$u20$core..convert..Into$LT$U$GT$$GT$4into17hea1d95690fa842ddE)
    2120     2120        0     1                 $t
    2121     2121       12     1                 _$LT$T$u20$as$u20$core..convert..Into$LT$U$GT$$GT$::into::hea1d95690fa842dd
    2132     2132        e     2         C:\Users\elopezpe\lakers\target\thumbv7em-none-eabihf\debug\deps\client-1019b7aa28e2ebeb.a9buwwgiwrnnw4rpt2tz62v6t.rcgu.o:(.text._ZN50_$LT$T$u20$as$u20$core..convert..Into$LT$U$GT$$GT$4into17h275519649708d042E)
    2132     2132        0     1                 $t
    2133     2133        e     1                 _$LT$T$u20$as$u20$core..convert..Into$LT$U$GT$$GT$::into::h275519649708d042
    2140     2140       22     2         C:\Users\elopezpe\lakers\target\thumbv7em-none-eabihf\debug\deps\client-1019b7aa28e2ebeb.a9buwwgiwrnnw4rpt2tz62v6t.rcgu.o:(.text._ZN53_$LT$T$u20$as$u20$core..convert..TryFrom$LT$U$GT$$GT$8try_from17h5619dc1510b77f74E)
    2140     2140        0     1                 $t
    2141     2141       22     1                 _$LT$T$u20$as$u20$core..convert..TryFrom$LT$U$GT$$GT$::try_from::h5619dc1510b77f74
    2162     2162       12     2         C:\Users\elopezpe\lakers\target\thumbv7em-none-eabihf\debug\deps\client-1019b7aa28e2ebeb.a9buwwgiwrnnw4rpt2tz62v6t.rcgu.o:(.text._ZN53_$LT$T$u20$as$u20$core..convert..TryInto$LT$U$GT$$GT$8try_into17h9a03da20554ac61fE)
    2162     2162        0     1                 $t
    2163     2163       12     1                 _$LT$T$u20$as$u20$core..convert..TryInto$LT$U$GT$$GT$::try_into::h9a03da20554ac61f
    2174     2174       22     2         C:\Users\elopezpe\lakers\target\thumbv7em-none-eabihf\debug\deps\client-1019b7aa28e2ebeb.abo8n5mbnvhlssw2v864g0vgy.rcgu.o:(.text._ZN4core5array69_$LT$impl$u20$core..fmt..Debug$u20$for$u20$$u5b$T$u3b$$u20$N$u5d$$GT$3fmt17hc72d8afb7028c5a3E)
    2174     2174        0     1                 $t
    2175     2175       22     1                 core::array::_$LT$impl$u20$core..fmt..Debug$u20$for$u20$$u5b$T$u3b$$u20$N$u5d$$GT$::fmt::hc72d8afb7028c5a3
    2196     2196       6a     2         C:\Users\elopezpe\lakers\target\thumbv7em-none-eabihf\debug\deps\client-1019b7aa28e2ebeb.abo8n5mbnvhlssw2v864g0vgy.rcgu.o:(.text._ZN4core5array85_$LT$impl$u20$core..ops..index..Index$LT$I$GT$$u20$for$u20$$u5b$T$u3b$$u20$N$u5d$$GT$5index17h224ae67f564af260E)
    2196     2196        0     1                 $t
    2197     2197       6a     1                 core::array::_$LT$impl$u20$core..ops..index..Index$LT$I$GT$$u20$for$u20$$u5b$T$u3b$$u20$N$u5d$$GT$::index::h224ae67f564af260
    2200     2200       52     2         C:\Users\elopezpe\lakers\target\thumbv7em-none-eabihf\debug\deps\client-1019b7aa28e2ebeb.abo8n5mbnvhlssw2v864g0vgy.rcgu.o:(.text._ZN4core5array85_$LT$impl$u20$core..ops..index..Index$LT$I$GT$$u20$for$u20$$u5b$T$u3b$$u20$N$u5d$$GT$5index17h8bcd55682ad8a557E)
    2200     2200        0     1                 $t
    2201     2201       52     1                 core::array::_$LT$impl$u20$core..ops..index..Index$LT$I$GT$$u20$for$u20$$u5b$T$u3b$$u20$N$u5d$$GT$::index::h8bcd55682ad8a557
    2252     2252       52     2         C:\Users\elopezpe\lakers\target\thumbv7em-none-eabihf\debug\deps\client-1019b7aa28e2ebeb.abo8n5mbnvhlssw2v864g0vgy.rcgu.o:(.text._ZN4core5array85_$LT$impl$u20$core..ops..index..Index$LT$I$GT$$u20$for$u20$$u5b$T$u3b$$u20$N$u5d$$GT$5index17h8ea3b2c68e5a220bE)
    2252     2252        0     1                 $t
    2253     2253       52     1                 core::array::_$LT$impl$u20$core..ops..index..Index$LT$I$GT$$u20$for$u20$$u5b$T$u3b$$u20$N$u5d$$GT$::index::h8ea3b2c68e5a220b
    22a4     22a4       58     2         C:\Users\elopezpe\lakers\target\thumbv7em-none-eabihf\debug\deps\client-1019b7aa28e2ebeb.abo8n5mbnvhlssw2v864g0vgy.rcgu.o:(.text._ZN4core5array85_$LT$impl$u20$core..ops..index..Index$LT$I$GT$$u20$for$u20$$u5b$T$u3b$$u20$N$u5d$$GT$5index17h9c2a1df774beaa92E)
    22a4     22a4        0     1                 $t
    22a5     22a5       58     1                 core::array::_$LT$impl$u20$core..ops..index..Index$LT$I$GT$$u20$for$u20$$u5b$T$u3b$$u20$N$u5d$$GT$::index::h9c2a1df774beaa92
    22fc     22fc       52     2         C:\Users\elopezpe\lakers\target\thumbv7em-none-eabihf\debug\deps\client-1019b7aa28e2ebeb.abo8n5mbnvhlssw2v864g0vgy.rcgu.o:(.text._ZN4core5array85_$LT$impl$u20$core..ops..index..Index$LT$I$GT$$u20$for$u20$$u5b$T$u3b$$u20$N$u5d$$GT$5index17hb255f2f0911a2f4eE)
    22fc     22fc        0     1                 $t
    22fd     22fd       52     1                 core::array::_$LT$impl$u20$core..ops..index..Index$LT$I$GT$$u20$for$u20$$u5b$T$u3b$$u20$N$u5d$$GT$::index::hb255f2f0911a2f4e
    234e     234e       22     2         C:\Users\elopezpe\lakers\target\thumbv7em-none-eabihf\debug\deps\client-1019b7aa28e2ebeb.abo8n5mbnvhlssw2v864g0vgy.rcgu.o:(.text._ZN4core5array85_$LT$impl$u20$core..ops..index..Index$LT$I$GT$$u20$for$u20$$u5b$T$u3b$$u20$N$u5d$$GT$5index17hb7ed688a5c5569bfE)
    234e     234e        0     1                 $t
    234f     234f       22     1                 core::array::_$LT$impl$u20$core..ops..index..Index$LT$I$GT$$u20$for$u20$$u5b$T$u3b$$u20$N$u5d$$GT$::index::hb7ed688a5c5569bf
    2370     2370       52     2         C:\Users\elopezpe\lakers\target\thumbv7em-none-eabihf\debug\deps\client-1019b7aa28e2ebeb.abo8n5mbnvhlssw2v864g0vgy.rcgu.o:(.text._ZN4core5array85_$LT$impl$u20$core..ops..index..Index$LT$I$GT$$u20$for$u20$$u5b$T$u3b$$u20$N$u5d$$GT$5index17hdc179c106ff3eb67E)
    2370     2370        0     1                 $t
    2371     2371       52     1                 core::array::_$LT$impl$u20$core..ops..index..Index$LT$I$GT$$u20$for$u20$$u5b$T$u3b$$u20$N$u5d$$GT$::index::hdc179c106ff3eb67
    23c2     23c2       18     2         C:\Users\elopezpe\lakers\target\thumbv7em-none-eabihf\debug\deps\client-1019b7aa28e2ebeb.abo8n5mbnvhlssw2v864g0vgy.rcgu.o:(.text._ZN4core5array85_$LT$impl$u20$core..ops..index..Index$LT$I$GT$$u20$for$u20$$u5b$T$u3b$$u20$N$u5d$$GT$5index17hde29a5c14daeec83E)
    23c2     23c2        0     1                 $t
    23c3     23c3       18     1                 core::array::_$LT$impl$u20$core..ops..index..Index$LT$I$GT$$u20$for$u20$$u5b$T$u3b$$u20$N$u5d$$GT$::index::hde29a5c14daeec83
    23da     23da       6a     2         C:\Users\elopezpe\lakers\target\thumbv7em-none-eabihf\debug\deps\client-1019b7aa28e2ebeb.abo8n5mbnvhlssw2v864g0vgy.rcgu.o:(.text._ZN4core5array85_$LT$impl$u20$core..ops..index..Index$LT$I$GT$$u20$for$u20$$u5b$T$u3b$$u20$N$u5d$$GT$5index17hed5796ce7534b3adE)
    23da     23da        0     1                 $t
    23db     23db       6a     1                 core::array::_$LT$impl$u20$core..ops..index..Index$LT$I$GT$$u20$for$u20$$u5b$T$u3b$$u20$N$u5d$$GT$::index::hed5796ce7534b3ad
    2444     2444       24     2         C:\Users\elopezpe\lakers\target\thumbv7em-none-eabihf\debug\deps\client-1019b7aa28e2ebeb.abo8n5mbnvhlssw2v864g0vgy.rcgu.o:(.text._ZN4core5array88_$LT$impl$u20$core..ops..index..IndexMut$LT$I$GT$$u20$for$u20$$u5b$T$u3b$$u20$N$u5d$$GT$9index_mut17h2b280adbf1a3bc52E)
    2444     2444        0     1                 $t
    2445     2445       24     1                 core::array::_$LT$impl$u20$core..ops..index..IndexMut$LT$I$GT$$u20$for$u20$$u5b$T$u3b$$u20$N$u5d$$GT$::index_mut::h2b280adbf1a3bc52
    2468     2468       34     2         C:\Users\elopezpe\lakers\target\thumbv7em-none-eabihf\debug\deps\client-1019b7aa28e2ebeb.abo8n5mbnvhlssw2v864g0vgy.rcgu.o:(.text._ZN4core5array88_$LT$impl$u20$core..ops..index..IndexMut$LT$I$GT$$u20$for$u20$$u5b$T$u3b$$u20$N$u5d$$GT$9index_mut17h30d79441c0b0034eE)
    2468     2468        0     1                 $t
    2469     2469       34     1                 core::array::_$LT$impl$u20$core..ops..index..IndexMut$LT$I$GT$$u20$for$u20$$u5b$T$u3b$$u20$N$u5d$$GT$::index_mut::h30d79441c0b0034e
    249c     249c       32     2         C:\Users\elopezpe\lakers\target\thumbv7em-none-eabihf\debug\deps\client-1019b7aa28e2ebeb.abo8n5mbnvhlssw2v864g0vgy.rcgu.o:(.text._ZN4core5array88_$LT$impl$u20$core..ops..index..IndexMut$LT$I$GT$$u20$for$u20$$u5b$T$u3b$$u20$N$u5d$$GT$9index_mut17h395adabc091a2eabE)
    249c     249c        0     1                 $t
    249d     249d       32     1                 core::array::_$LT$impl$u20$core..ops..index..IndexMut$LT$I$GT$$u20$for$u20$$u5b$T$u3b$$u20$N$u5d$$GT$::index_mut::h395adabc091a2eab
    24ce     24ce       32     2         C:\Users\elopezpe\lakers\target\thumbv7em-none-eabihf\debug\deps\client-1019b7aa28e2ebeb.abo8n5mbnvhlssw2v864g0vgy.rcgu.o:(.text._ZN4core5array88_$LT$impl$u20$core..ops..index..IndexMut$LT$I$GT$$u20$for$u20$$u5b$T$u3b$$u20$N$u5d$$GT$9index_mut17h4c9d78254494dd32E)
    24ce     24ce        0     1                 $t
    24cf     24cf       32     1                 core::array::_$LT$impl$u20$core..ops..index..IndexMut$LT$I$GT$$u20$for$u20$$u5b$T$u3b$$u20$N$u5d$$GT$::index_mut::h4c9d78254494dd32
    2500     2500       22     2         C:\Users\elopezpe\lakers\target\thumbv7em-none-eabihf\debug\deps\client-1019b7aa28e2ebeb.abo8n5mbnvhlssw2v864g0vgy.rcgu.o:(.text._ZN4core5array88_$LT$impl$u20$core..ops..index..IndexMut$LT$I$GT$$u20$for$u20$$u5b$T$u3b$$u20$N$u5d$$GT$9index_mut17h4d2827aafc8c0d26E)
    2500     2500        0     1                 $t
    2501     2501       22     1                 core::array::_$LT$impl$u20$core..ops..index..IndexMut$LT$I$GT$$u20$for$u20$$u5b$T$u3b$$u20$N$u5d$$GT$::index_mut::h4d2827aafc8c0d26
    2522     2522       24     2         C:\Users\elopezpe\lakers\target\thumbv7em-none-eabihf\debug\deps\client-1019b7aa28e2ebeb.abo8n5mbnvhlssw2v864g0vgy.rcgu.o:(.text._ZN4core5array88_$LT$impl$u20$core..ops..index..IndexMut$LT$I$GT$$u20$for$u20$$u5b$T$u3b$$u20$N$u5d$$GT$9index_mut17h50faa32998b4fa0cE)
    2522     2522        0     1                 $t
    2523     2523       24     1                 core::array::_$LT$impl$u20$core..ops..index..IndexMut$LT$I$GT$$u20$for$u20$$u5b$T$u3b$$u20$N$u5d$$GT$::index_mut::h50faa32998b4fa0c
    2546     2546       22     2         C:\Users\elopezpe\lakers\target\thumbv7em-none-eabihf\debug\deps\client-1019b7aa28e2ebeb.abo8n5mbnvhlssw2v864g0vgy.rcgu.o:(.text._ZN4core5array88_$LT$impl$u20$core..ops..index..IndexMut$LT$I$GT$$u20$for$u20$$u5b$T$u3b$$u20$N$u5d$$GT$9index_mut17h5f984727ec4dd5d5E)
    2546     2546        0     1                 $t
    2547     2547       22     1                 core::array::_$LT$impl$u20$core..ops..index..IndexMut$LT$I$GT$$u20$for$u20$$u5b$T$u3b$$u20$N$u5d$$GT$::index_mut::h5f984727ec4dd5d5
    2568     2568       32     2         C:\Users\elopezpe\lakers\target\thumbv7em-none-eabihf\debug\deps\client-1019b7aa28e2ebeb.abo8n5mbnvhlssw2v864g0vgy.rcgu.o:(.text._ZN4core5array88_$LT$impl$u20$core..ops..index..IndexMut$LT$I$GT$$u20$for$u20$$u5b$T$u3b$$u20$N$u5d$$GT$9index_mut17h726f966b7387ed8aE)
    2568     2568        0     1                 $t
    2569     2569       32     1                 core::array::_$LT$impl$u20$core..ops..index..IndexMut$LT$I$GT$$u20$for$u20$$u5b$T$u3b$$u20$N$u5d$$GT$::index_mut::h726f966b7387ed8a
    259a     259a       18     2         C:\Users\elopezpe\lakers\target\thumbv7em-none-eabihf\debug\deps\client-1019b7aa28e2ebeb.abo8n5mbnvhlssw2v864g0vgy.rcgu.o:(.text._ZN4core5array88_$LT$impl$u20$core..ops..index..IndexMut$LT$I$GT$$u20$for$u20$$u5b$T$u3b$$u20$N$u5d$$GT$9index_mut17h88d237628537c7a2E)
    259a     259a        0     1                 $t
    259b     259b       18     1                 core::array::_$LT$impl$u20$core..ops..index..IndexMut$LT$I$GT$$u20$for$u20$$u5b$T$u3b$$u20$N$u5d$$GT$::index_mut::h88d237628537c7a2
    25b2     25b2       18     2         C:\Users\elopezpe\lakers\target\thumbv7em-none-eabihf\debug\deps\client-1019b7aa28e2ebeb.abo8n5mbnvhlssw2v864g0vgy.rcgu.o:(.text._ZN4core5array88_$LT$impl$u20$core..ops..index..IndexMut$LT$I$GT$$u20$for$u20$$u5b$T$u3b$$u20$N$u5d$$GT$9index_mut17hb2a6c8a6b88e6c04E)
    25b2     25b2        0     1                 $t
    25b3     25b3       18     1                 core::array::_$LT$impl$u20$core..ops..index..IndexMut$LT$I$GT$$u20$for$u20$$u5b$T$u3b$$u20$N$u5d$$GT$::index_mut::hb2a6c8a6b88e6c04
    25ca     25ca       16     2         C:\Users\elopezpe\lakers\target\thumbv7em-none-eabihf\debug\deps\client-1019b7aa28e2ebeb.ap70qaksy1hy7yws0547bo9ng.rcgu.o:(.text._ZN50_$LT$T$u20$as$u20$core..convert..Into$LT$U$GT$$GT$4into17h73cf89d73066509bE)
    25ca     25ca        0     1                 $t
    25cb     25cb       16     1                 _$LT$T$u20$as$u20$core..convert..Into$LT$U$GT$$GT$::into::h73cf89d73066509b
    25e0     25e0      1a8     2         C:\Users\elopezpe\lakers\target\thumbv7em-none-eabihf\debug\deps\client-1019b7aa28e2ebeb.b23fqg33hqealj34qpntgl4aj.rcgu.o:(.text._ZN6lakers5edhoc12compute_th_217hde3b0e91bfe45804E)
    25e0     25e0        0     1                 $t
    25e1     25e1      1a8     1                 lakers::edhoc::compute_th_2::hde3b0e91bfe45804
    2788     2788      228     2         C:\Users\elopezpe\lakers\target\thumbv7em-none-eabihf\debug\deps\client-1019b7aa28e2ebeb.b23fqg33hqealj34qpntgl4aj.rcgu.o:(.text._ZN6lakers5edhoc12compute_th_317h44becd6ca17af1bdE)
    2788     2788        0     1                 $t
    2789     2789      228     1                 lakers::edhoc::compute_th_3::h44becd6ca17af1bd
    29b0     29b0      29a     2         C:\Users\elopezpe\lakers\target\thumbv7em-none-eabihf\debug\deps\client-1019b7aa28e2ebeb.b23fqg33hqealj34qpntgl4aj.rcgu.o:(.text._ZN6lakers5edhoc12compute_th_417h0f70e82b6c1952e0E)
    29b0     29b0        0     1                 $t
    29b1     29b1      29a     1                 lakers::edhoc::compute_th_4::h0f70e82b6c1952e0
    2c4a     2c4a       2c     2         C:\Users\elopezpe\lakers\target\thumbv7em-none-eabihf\debug\deps\client-1019b7aa28e2ebeb.b23fqg33hqealj34qpntgl4aj.rcgu.o:(.text._ZN6lakers5edhoc14compute_prk_2e17hb746b9c531ca4e9bE)
    2c4a     2c4a        0     1                 $t
    2c4b     2c4b       2c     1                 lakers::edhoc::compute_prk_2e::hb746b9c531ca4e9b
    2c76     2c76       34     2         C:\Users\elopezpe\lakers\target\thumbv7em-none-eabihf\debug\deps\client-1019b7aa28e2ebeb.b23fqg33hqealj34qpntgl4aj.rcgu.o:(.text._ZN6lakers5edhoc14edhoc_exporter17hfadc72402df65b30E)
    2c76     2c76        0     1                 $t
    2c77     2c77       34     1                 lakers::edhoc::edhoc_exporter::hfadc72402df65b30
    2caa     2caa      1b2     2         C:\Users\elopezpe\lakers\target\thumbv7em-none-eabihf\debug\deps\client-1019b7aa28e2ebeb.b23fqg33hqealj34qpntgl4aj.rcgu.o:(.text._ZN6lakers5edhoc16compute_k_3_iv_317h7c2cdc56e580e24fE)
    2caa     2caa        0     1                 $t
    2cab     2cab      1b2     1                 lakers::edhoc::compute_k_3_iv_3::h7c2cdc56e580e24f
    2e5c     2e5c      1b2     2         C:\Users\elopezpe\lakers\target\thumbv7em-none-eabihf\debug\deps\client-1019b7aa28e2ebeb.b23fqg33hqealj34qpntgl4aj.rcgu.o:(.text._ZN6lakers5edhoc16compute_k_4_iv_417hafe52ad5ef0a6c41E)
    2e5c     2e5c        0     1                 $t
    2e5d     2e5d      1b2     1                 lakers::edhoc::compute_k_4_iv_4::hafe52ad5ef0a6c41
    300e     300e       e6     2         C:\Users\elopezpe\lakers\target\thumbv7em-none-eabihf\debug\deps\client-1019b7aa28e2ebeb.b23fqg33hqealj34qpntgl4aj.rcgu.o:(.text._ZN6lakers5edhoc17compute_salt_4e3m17h9f5d1066a89f1341E)
    300e     300e        0     1                 $t
    300f     300f       e6     1                 lakers::edhoc::compute_salt_4e3m::h9f5d1066a89f1341
    30f4     30f4      174     2         C:\Users\elopezpe\lakers\target\thumbv7em-none-eabihf\debug\deps\client-1019b7aa28e2ebeb.b23fqg33hqealj34qpntgl4aj.rcgu.o:(.text._ZN6lakers5edhoc17decrypt_message_417h02d8b2d6fe5626f7E)
    30f4     30f4        0     1                 $t
    30f5     30f5      174     1                 lakers::edhoc::decrypt_message_4::h02d8b2d6fe5626f7
    3268     3268      18e     2         C:\Users\elopezpe\lakers\target\thumbv7em-none-eabihf\debug\deps\client-1019b7aa28e2ebeb.b23fqg33hqealj34qpntgl4aj.rcgu.o:(.text._ZN6lakers5edhoc17encrypt_message_317hd84995cf1cdde75aE)
    3268     3268        0     1                 $t
    3269     3269      18e     1                 lakers::edhoc::encrypt_message_3::hd84995cf1cdde75a
    33f6     33f6      366     2         C:\Users\elopezpe\lakers\target\thumbv7em-none-eabihf\debug\deps\client-1019b7aa28e2ebeb.b23fqg33hqealj34qpntgl4aj.rcgu.o:(.text._ZN6lakers5edhoc17i_parse_message_217h9373a0fd005b453dE)
    33f6     33f6        0     1                 $t
    33f7     33f7      366     1                 lakers::edhoc::i_parse_message_2::h9373a0fd005b453d
    375c     375c       7c     2         C:\Users\elopezpe\lakers\target\thumbv7em-none-eabihf\debug\deps\client-1019b7aa28e2ebeb.b23fqg33hqealj34qpntgl4aj.rcgu.o:(.text._ZN6lakers5edhoc17i_parse_message_228_$u7b$$u7b$closure$u7d$$u7d$17h5bb3df78c873432cE)
    375c     375c        0     1                 $t
    375d     375d       7c     1                 lakers::edhoc::i_parse_message_2::_$u7b$$u7b$closure$u7d$$u7d$::h5bb3df78c873432c
    37d8     37d8      214     2         C:\Users\elopezpe\lakers\target\thumbv7em-none-eabihf\debug\deps\client-1019b7aa28e2ebeb.b23fqg33hqealj34qpntgl4aj.rcgu.o:(.text._ZN6lakers5edhoc17i_parse_message_417h10654667893c5bb9E)
    37d8     37d8        0     1                 $t
    37d9     37d9      214     1                 lakers::edhoc::i_parse_message_4::h10654667893c5bb9
    39ec     39ec       c2     2         C:\Users\elopezpe\lakers\target\thumbv7em-none-eabihf\debug\deps\client-1019b7aa28e2ebeb.b23fqg33hqealj34qpntgl4aj.rcgu.o:(.text._ZN6lakers5edhoc18i_verify_message_217h9a27de8a9d4bf7aeE)
    39ec     39ec        0     1                 $t
    39ed     39ed       c2     1                 lakers::edhoc::i_verify_message_2::h9a27de8a9d4bf7ae
    3aae     3aae      1b8     2         C:\Users\elopezpe\lakers\target\thumbv7em-none-eabihf\debug\deps\client-1019b7aa28e2ebeb.b23fqg33hqealj34qpntgl4aj.rcgu.o:(.text._ZN6lakers5edhoc18i_verify_message_417h9f63aa83d5586617E)
    3aae     3aae        0     1                 $t
    3aaf     3aaf      1b8     1                 lakers::edhoc::i_verify_message_4::h9f63aa83d5586617
    3c66     3c66      166     2         C:\Users\elopezpe\lakers\target\thumbv7em-none-eabihf\debug\deps\client-1019b7aa28e2ebeb.b23fqg33hqealj34qpntgl4aj.rcgu.o:(.text._ZN6lakers5edhoc19i_prepare_message_117h6af5ce8bd052c4e3E)
    3c66     3c66        0     1                 $t
    3c67     3c67      166     1                 lakers::edhoc::i_prepare_message_1::h6af5ce8bd052c4e3
    3dcc     3dcc      41c     2         C:\Users\elopezpe\lakers\target\thumbv7em-none-eabihf\debug\deps\client-1019b7aa28e2ebeb.b23fqg33hqealj34qpntgl4aj.rcgu.o:(.text._ZN6lakers5edhoc19i_prepare_message_317hbac987ef72665e39E)
    3dcc     3dcc        0     1                 $t
    3dcd     3dcd      41c     1                 lakers::edhoc::i_prepare_message_3::hbac987ef72665e39
    41e8     41e8       6c     2         C:\Users\elopezpe\lakers\target\thumbv7em-none-eabihf\debug\deps\client-1019b7aa28e2ebeb.b23fqg33hqealj34qpntgl4aj.rcgu.o:(.text._ZN6lakers5edhoc20compute_prk_3e2m_psk17haa9bc70146e0d2e6E)
    41e8     41e8        0     1                 $t
    41e9     41e9       6c     1                 lakers::edhoc::compute_prk_3e2m_psk::haa9bc70146e0d2e6
    4254     4254      136     2         C:\Users\elopezpe\lakers\target\thumbv7em-none-eabihf\debug\deps\client-1019b7aa28e2ebeb.b23fqg33hqealj34qpntgl4aj.rcgu.o:(.text._ZN6lakers5edhoc28encrypt_decrypt_ciphertext_217hcb5c4b4776e02d4fE)
    4254     4254        0     1                 $t
    4255     4255      136     1                 lakers::edhoc::encrypt_decrypt_ciphertext_2::hcb5c4b4776e02d4f
    438a     438a      136     2         C:\Users\elopezpe\lakers\target\thumbv7em-none-eabihf\debug\deps\client-1019b7aa28e2ebeb.b23fqg33hqealj34qpntgl4aj.rcgu.o:(.text._ZN6lakers5edhoc29encrypt_decrypt_ciphertext_3a17hdcfeb58a25ebb5daE)
    438a     438a        0     1                 $t
    438b     438b      136     1                 lakers::edhoc::encrypt_decrypt_ciphertext_3a::hdcfeb58a25ebb5da
    44c0     44c0       68     2         C:\Users\elopezpe\lakers\target\thumbv7em-none-eabihf\debug\deps\client-1019b7aa28e2ebeb.b23fqg33hqealj34qpntgl4aj.rcgu.o:(.text._ZN6lakers5edhoc9edhoc_kdf17h9d4a6b3c09666327E)
    44c0     44c0        0     1                 $t
    44c1     44c1       68     1                 lakers::edhoc::edhoc_kdf::h9d4a6b3c09666327
    4528     4528       2e     2         C:\Users\elopezpe\lakers\target\thumbv7em-none-eabihf\debug\deps\client-1019b7aa28e2ebeb.c1dlmtyje0l9pzbzzsztfpctw.rcgu.o:(.text._ZN4core3num20_$LT$impl$u20$i8$GT$12unsigned_abs17h00582bf681d63f20E)
    4528     4528        0     1                 $t
    4529     4529       2e     1                 core::num::_$LT$impl$u20$i8$GT$::unsigned_abs::h00582bf681d63f20
    4556     4556        c     2         C:\Users\elopezpe\lakers\target\thumbv7em-none-eabihf\debug\deps\client-1019b7aa28e2ebeb.cgiz1ne9x0v1ewfds592pq6h2.rcgu.o:(.text._ZN50_$LT$T$u20$as$u20$core..convert..Into$LT$U$GT$$GT$4into17h6b4e6ed07886e002E)
    4556     4556        0     1                 $t
    4557     4557        c     1                 _$LT$T$u20$as$u20$core..convert..Into$LT$U$GT$$GT$::into::h6b4e6ed07886e002
    4562     4562       5c     2         C:\Users\elopezpe\lakers\target\thumbv7em-none-eabihf\debug\deps\client-1019b7aa28e2ebeb.d42a7xrhdzjs9cbotjz82o2ok.rcgu.o:(.text._ZN6client18__cortex_m_rt_main28_$u7b$$u7b$closure$u7d$$u7d$17h069db541b2984b0eE)
    4562     4562        0     1                 $t
    4563     4563       5c     1                 client::__cortex_m_rt_main::_$u7b$$u7b$closure$u7d$$u7d$::h069db541b2984b0e
    45be     45be       5c     2         C:\Users\elopezpe\lakers\target\thumbv7em-none-eabihf\debug\deps\client-1019b7aa28e2ebeb.d42a7xrhdzjs9cbotjz82o2ok.rcgu.o:(.text._ZN6client18__cortex_m_rt_main28_$u7b$$u7b$closure$u7d$$u7d$17hc2c65001f7a075fbE)
    45be     45be        0     1                 $t
    45bf     45bf       5c     1                 client::__cortex_m_rt_main::_$u7b$$u7b$closure$u7d$$u7d$::hc2c65001f7a075fb
    461a     461a        4     2         C:\Users\elopezpe\lakers\target\thumbv7em-none-eabihf\debug\deps\client-1019b7aa28e2ebeb.dwvfrugzfm77hlblgut5hnitq.rcgu.o:(.text._ZN8cortex_m3asm3wfe17h0abbfa658921429fE)
    461a     461a        0     1                 $t
    461b     461b        4     1                 cortex_m::asm::wfe::h0abbfa658921429f
    461e     461e       3c     2         C:\Users\elopezpe\lakers\target\thumbv7em-none-eabihf\debug\deps\client-1019b7aa28e2ebeb.enjc0p8ush5nthifgjv82xqvh.rcgu.o:(.text._ZN61_$LT$lakers_shared..EADItem$u20$as$u20$core..clone..Clone$GT$5clone17hb7a7c8a0c15ab9b2E)
    461e     461e        0     1                 $t
    461f     461f       3c     1                 _$LT$lakers_shared..EADItem$u20$as$u20$core..clone..Clone$GT$::clone::hb7a7c8a0c15ab9b2
    465c     465c      104     4         C:\Users\elopezpe\lakers\target\thumbv7em-none-eabihf\debug\deps\client-1019b7aa28e2ebeb.enjc0p8ush5nthifgjv82xqvh.rcgu.o:(.text._ZN62_$LT$lakers_shared..EDHOCError$u20$as$u20$core..fmt..Debug$GT$3fmt17h1a765c6e315357e6E)
    465c     465c        0     1                 $t
    465d     465d      104     1                 _$LT$lakers_shared..EDHOCError$u20$as$u20$core..fmt..Debug$GT$::fmt::h1a765c6e315357e6
    4672     4672        0     1                 $d
    4680     4680        0     1                 $t
    4760     4760       42     2         C:\Users\elopezpe\lakers\target\thumbv7em-none-eabihf\debug\deps\client-1019b7aa28e2ebeb.enjc0p8ush5nthifgjv82xqvh.rcgu.o:(.text._ZN70_$LT$lakers_shared..MessageBufferError$u20$as$u20$core..fmt..Debug$GT$3fmt17h9de954abac4d2463E)
    4760     4760        0     1                 $t
    4761     4761       42     1                 _$LT$lakers_shared..MessageBufferError$u20$as$u20$core..fmt..Debug$GT$::fmt::h9de954abac4d2463
    47a2     47a2       12     2         C:\Users\elopezpe\lakers\target\thumbv7em-none-eabihf\debug\deps\client-1019b7aa28e2ebeb.enjc0p8ush5nthifgjv82xqvh.rcgu.o:(.text._ZN72_$LT$lakers_shared..EdhocMessageBuffer$u20$as$u20$core..clone..Clone$GT$5clone17hfdbf85277a04ddbbE)
    47a2     47a2        0     1                 $t
    47a3     47a3       12     1                 _$LT$lakers_shared..EdhocMessageBuffer$u20$as$u20$core..clone..Clone$GT$::clone::hfdbf85277a04ddbb
    47b4     47b4       12     2         C:\Users\elopezpe\lakers\target\thumbv7em-none-eabihf\debug\deps\client-1019b7aa28e2ebeb.esowa1n9f7p0ezlo57j6xaux3.rcgu.o:(.text._ZN50_$LT$T$u20$as$u20$core..convert..Into$LT$U$GT$$GT$4into17h3c2a162d28e61963E)
    47b4     47b4        0     1                 $t
    47b5     47b5       12     1                 _$LT$T$u20$as$u20$core..convert..Into$LT$U$GT$$GT$::into::h3c2a162d28e61963
    47c6     47c6        a     2         C:\Users\elopezpe\lakers\target\thumbv7em-none-eabihf\debug\deps\client-1019b7aa28e2ebeb.etiupisjqinumg2j19nrdyrus.rcgu.o:(.text._ZN5defmt5impls10primitives57_$LT$impl$u20$defmt..traits..Format$u20$for$u20$$RF$T$GT$11_format_tag17h8f4e49caa8c212a5E)
    47c6     47c6        0     1                 $t
    47c7     47c7        a     1                 defmt::impls::primitives::_$LT$impl$u20$defmt..traits..Format$u20$for$u20$$RF$T$GT$::_format_tag::h8f4e49caa8c212a5
    47d0     47d0       16     2         C:\Users\elopezpe\lakers\target\thumbv7em-none-eabihf\debug\deps\client-1019b7aa28e2ebeb.etiupisjqinumg2j19nrdyrus.rcgu.o:(.text._ZN5defmt5impls10primitives57_$LT$impl$u20$defmt..traits..Format$u20$for$u20$$RF$T$GT$12_format_data17h9b410ae60a44a73eE)
    47d0     47d0        0     1                 $t
    47d1     47d1       16     1                 defmt::impls::primitives::_$LT$impl$u20$defmt..traits..Format$u20$for$u20$$RF$T$GT$::_format_data::h9b410ae60a44a73e
    47e6     47e6       12     2         C:\Users\elopezpe\lakers\target\thumbv7em-none-eabihf\debug\deps\client-1019b7aa28e2ebeb.etiupisjqinumg2j19nrdyrus.rcgu.o:(.text._ZN5defmt5impls10primitives63_$LT$impl$u20$defmt..traits..Format$u20$for$u20$$u5b$T$u5d$$GT$11_format_tag17h08742675164e7af5E)
    47e6     47e6        0     1                 $t
    47e7     47e7       12     1                 defmt::impls::primitives::_$LT$impl$u20$defmt..traits..Format$u20$for$u20$$u5b$T$u5d$$GT$::_format_tag::h08742675164e7af5
    47f8     47f8       12     2         C:\Users\elopezpe\lakers\target\thumbv7em-none-eabihf\debug\deps\client-1019b7aa28e2ebeb.etiupisjqinumg2j19nrdyrus.rcgu.o:(.text._ZN5defmt5impls10primitives63_$LT$impl$u20$defmt..traits..Format$u20$for$u20$$u5b$T$u5d$$GT$12_format_data17hb2f17f8b8802d7d2E)
    47f8     47f8        0     1                 $t
    47f9     47f9       12     1                 defmt::impls::primitives::_$LT$impl$u20$defmt..traits..Format$u20$for$u20$$u5b$T$u5d$$GT$::_format_data::hb2f17f8b8802d7d2
    480a     480a        8     2         C:\Users\elopezpe\lakers\target\thumbv7em-none-eabihf\debug\deps\client-1019b7aa28e2ebeb.euk8sywf3hgwgetbv1b1fteq1.rcgu.o:(.text.main)
    480a     480a        0     1                 $t
    480b     480b        8     1                 main
    4812     4812     12ee     2         C:\Users\elopezpe\lakers\target\thumbv7em-none-eabihf\debug\deps\client-1019b7aa28e2ebeb.euk8sywf3hgwgetbv1b1fteq1.rcgu.o:(.text._ZN6client18__cortex_m_rt_main17h0bf79bad5f2291a7E)
    4812     4812        0     1                 $t
    4813     4813     12ee     1                 client::__cortex_m_rt_main::h0bf79bad5f2291a7
    5b00     5b00       4a     2         C:\Users\elopezpe\lakers\target\thumbv7em-none-eabihf\debug\deps\client-1019b7aa28e2ebeb.f1bsjuc4nfee4boyirr63sc91.rcgu.o:(.text._ZN50_$LT$$LP$U$C$T$RP$$u20$as$u20$core..fmt..Debug$GT$3fmt17hebdf898d65f088f4E)
    5b00     5b00        0     1                 $t
    5b01     5b01       4a     1                 _$LT$$LP$U$C$T$RP$$u20$as$u20$core..fmt..Debug$GT$::fmt::hebdf898d65f088f4
    5b4a     5b4a        e     2         C:\Users\elopezpe\lakers\target\thumbv7em-none-eabihf\debug\deps\client-1019b7aa28e2ebeb.f1bsjuc4nfee4boyirr63sc91.rcgu.o:(.text._ZN50_$LT$T$u20$as$u20$core..convert..Into$LT$U$GT$$GT$4into17h35d5c2ca997f964fE)
    5b4a     5b4a        0     1                 $t
    5b4b     5b4b        e     1                 _$LT$T$u20$as$u20$core..convert..Into$LT$U$GT$$GT$::into::h35d5c2ca997f964f
    5b58     5b58        e     2         C:\Users\elopezpe\lakers\target\thumbv7em-none-eabihf\debug\deps\client-1019b7aa28e2ebeb.f1bsjuc4nfee4boyirr63sc91.rcgu.o:(.text._ZN50_$LT$T$u20$as$u20$core..convert..Into$LT$U$GT$$GT$4into17hdcbf53319545c0e2E)
    5b58     5b58        0     1                 $t
    5b59     5b59        e     1                 _$LT$T$u20$as$u20$core..convert..Into$LT$U$GT$$GT$::into::hdcbf53319545c0e2
    5b66     5b66        2     2         C:\Users\elopezpe\lakers\target\thumbv7em-none-eabihf\debug\deps\liblakers_crypto-fdfba1fd3d4f1928.rlib(lakers_crypto-fdfba1fd3d4f1928.bbt82livbri0wjckx4o8i11tr.rcgu.o):(.text._ZN13lakers_crypto14default_crypto17h1696fe252225d7d4E)
    5b66     5b66        0     1                 $t
    5b67     5b67        2     1                 lakers_crypto::default_crypto::h1696fe252225d7d4
    5b68     5b68        e     2         C:\Users\elopezpe\lakers\target\thumbv7em-none-eabihf\debug\deps\liblakers_crypto_cryptocell310-50d4f315b2c372cf.rlib(lakers_crypto_cryptocell310-50d4f315b2c372cf.65en4rqcp3vatzv1w34ft79vk.rcgu.o):(.text._ZN4core5array75_$LT$impl$u20$core..default..Default$u20$for$u20$$u5b$T$u3b$$u20$4$u5d$$GT$7default17h6736341218c3dd7bE)
    5b68     5b68        0     1                 $t
    5b69     5b69        e     1                 core::array::_$LT$impl$u20$core..default..Default$u20$for$u20$$u5b$T$u3b$$u20$4$u5d$$GT$::default::h6736341218c3dd7b
    5b76     5b76       1e     2         C:\Users\elopezpe\lakers\target\thumbv7em-none-eabihf\debug\deps\liblakers_crypto_cryptocell310-50d4f315b2c372cf.rlib(lakers_crypto_cryptocell310-50d4f315b2c372cf.65en4rqcp3vatzv1w34ft79vk.rcgu.o):(.text._ZN4core5array76_$LT$impl$u20$core..default..Default$u20$for$u20$$u5b$T$u3b$$u20$12$u5d$$GT$7default17h2e7fcfeacf6929d7E)
    5b76     5b76        0     1                 $t
    5b77     5b77       1e     1                 core::array::_$LT$impl$u20$core..default..Default$u20$for$u20$$u5b$T$u3b$$u20$12$u5d$$GT$::default::h2e7fcfeacf6929d7
    5b94     5b94       26     2         C:\Users\elopezpe\lakers\target\thumbv7em-none-eabihf\debug\deps\liblakers_crypto_cryptocell310-50d4f315b2c372cf.rlib(lakers_crypto_cryptocell310-50d4f315b2c372cf.65en4rqcp3vatzv1w34ft79vk.rcgu.o):(.text._ZN4core5array76_$LT$impl$u20$core..default..Default$u20$for$u20$$u5b$T$u3b$$u20$16$u5d$$GT$7default17hc0bb1f623914c636E)
    5b94     5b94        0     1                 $t
    5b95     5b95       26     1                 core::array::_$LT$impl$u20$core..default..Default$u20$for$u20$$u5b$T$u3b$$u20$16$u5d$$GT$::default::hc0bb1f623914c636
    5bba     5bba       26     2         C:\Users\elopezpe\lakers\target\thumbv7em-none-eabihf\debug\deps\liblakers_crypto_cryptocell310-50d4f315b2c372cf.rlib(lakers_crypto_cryptocell310-50d4f315b2c372cf.65en4rqcp3vatzv1w34ft79vk.rcgu.o):(.text._ZN4core5array76_$LT$impl$u20$core..default..Default$u20$for$u20$$u5b$T$u3b$$u20$16$u5d$$GT$7default17hc53cfd6fcb4bee53E)
    5bba     5bba        0     1                 $t
    5bbb     5bbb       26     1                 core::array::_$LT$impl$u20$core..default..Default$u20$for$u20$$u5b$T$u3b$$u20$16$u5d$$GT$::default::hc53cfd6fcb4bee53
    5be0     5be0       28     2         C:\Users\elopezpe\lakers\target\thumbv7em-none-eabihf\debug\deps\liblakers_crypto_cryptocell310-50d4f315b2c372cf.rlib(lakers_crypto_cryptocell310-50d4f315b2c372cf.65en4rqcp3vatzv1w34ft79vk.rcgu.o):(.text._ZN4core5array76_$LT$impl$u20$core..default..Default$u20$for$u20$$u5b$T$u3b$$u20$17$u5d$$GT$7default17h3cad2503ee90e0b5E)
    5be0     5be0        0     1                 $t
    5be1     5be1       28     1                 core::array::_$LT$impl$u20$core..default..Default$u20$for$u20$$u5b$T$u3b$$u20$17$u5d$$GT$::default::h3cad2503ee90e0b5
    5c08     5c08       46     2         C:\Users\elopezpe\lakers\target\thumbv7em-none-eabihf\debug\deps\liblakers_crypto_cryptocell310-50d4f315b2c372cf.rlib(lakers_crypto_cryptocell310-50d4f315b2c372cf.65en4rqcp3vatzv1w34ft79vk.rcgu.o):(.text._ZN4core5array76_$LT$impl$u20$core..default..Default$u20$for$u20$$u5b$T$u3b$$u20$32$u5d$$GT$7default17hadd6a529409a4347E)
    5c08     5c08        0     1                 $t
    5c09     5c09       46     1                 core::array::_$LT$impl$u20$core..default..Default$u20$for$u20$$u5b$T$u3b$$u20$32$u5d$$GT$::default::hadd6a529409a4347
    5c4e     5c4e       6a     2         C:\Users\elopezpe\lakers\target\thumbv7em-none-eabihf\debug\deps\liblakers_crypto_cryptocell310-50d4f315b2c372cf.rlib(lakers_crypto_cryptocell310-50d4f315b2c372cf.65en4rqcp3vatzv1w34ft79vk.rcgu.o):(.text._ZN4core5array85_$LT$impl$u20$core..ops..index..Index$LT$I$GT$$u20$for$u20$$u5b$T$u3b$$u20$N$u5d$$GT$5index17h22b66d16322947d6E)
    5c4e     5c4e        0     1                 $t
    5c4f     5c4f       6a     1                 core::array::_$LT$impl$u20$core..ops..index..Index$LT$I$GT$$u20$for$u20$$u5b$T$u3b$$u20$N$u5d$$GT$::index::h22b66d16322947d6
    5cb8     5cb8       52     2         C:\Users\elopezpe\lakers\target\thumbv7em-none-eabihf\debug\deps\liblakers_crypto_cryptocell310-50d4f315b2c372cf.rlib(lakers_crypto_cryptocell310-50d4f315b2c372cf.65en4rqcp3vatzv1w34ft79vk.rcgu.o):(.text._ZN4core5array85_$LT$impl$u20$core..ops..index..Index$LT$I$GT$$u20$for$u20$$u5b$T$u3b$$u20$N$u5d$$GT$5index17h40a17a8762d52e15E)
    5cb8     5cb8        0     1                 $t
    5cb9     5cb9       52     1                 core::array::_$LT$impl$u20$core..ops..index..Index$LT$I$GT$$u20$for$u20$$u5b$T$u3b$$u20$N$u5d$$GT$::index::h40a17a8762d52e15
    5d0a     5d0a       52     2         C:\Users\elopezpe\lakers\target\thumbv7em-none-eabihf\debug\deps\liblakers_crypto_cryptocell310-50d4f315b2c372cf.rlib(lakers_crypto_cryptocell310-50d4f315b2c372cf.65en4rqcp3vatzv1w34ft79vk.rcgu.o):(.text._ZN4core5array85_$LT$impl$u20$core..ops..index..Index$LT$I$GT$$u20$for$u20$$u5b$T$u3b$$u20$N$u5d$$GT$5index17h5006fcb2473c58b0E)
    5d0a     5d0a        0     1                 $t
    5d0b     5d0b       52     1                 core::array::_$LT$impl$u20$core..ops..index..Index$LT$I$GT$$u20$for$u20$$u5b$T$u3b$$u20$N$u5d$$GT$::index::h5006fcb2473c58b0
    5d5c     5d5c       18     2         C:\Users\elopezpe\lakers\target\thumbv7em-none-eabihf\debug\deps\liblakers_crypto_cryptocell310-50d4f315b2c372cf.rlib(lakers_crypto_cryptocell310-50d4f315b2c372cf.65en4rqcp3vatzv1w34ft79vk.rcgu.o):(.text._ZN4core5array85_$LT$impl$u20$core..ops..index..Index$LT$I$GT$$u20$for$u20$$u5b$T$u3b$$u20$N$u5d$$GT$5index17h72e2ee6dfb074924E)
    5d5c     5d5c        0     1                 $t
    5d5d     5d5d       18     1                 core::array::_$LT$impl$u20$core..ops..index..Index$LT$I$GT$$u20$for$u20$$u5b$T$u3b$$u20$N$u5d$$GT$::index::h72e2ee6dfb074924
    5d74     5d74       18     2         C:\Users\elopezpe\lakers\target\thumbv7em-none-eabihf\debug\deps\liblakers_crypto_cryptocell310-50d4f315b2c372cf.rlib(lakers_crypto_cryptocell310-50d4f315b2c372cf.65en4rqcp3vatzv1w34ft79vk.rcgu.o):(.text._ZN4core5array85_$LT$impl$u20$core..ops..index..Index$LT$I$GT$$u20$for$u20$$u5b$T$u3b$$u20$N$u5d$$GT$5index17ha289259565c04cb6E)
    5d74     5d74        0     1                 $t
    5d75     5d75       18     1                 core::array::_$LT$impl$u20$core..ops..index..Index$LT$I$GT$$u20$for$u20$$u5b$T$u3b$$u20$N$u5d$$GT$::index::ha289259565c04cb6
    5d8c     5d8c       6c     2         C:\Users\elopezpe\lakers\target\thumbv7em-none-eabihf\debug\deps\liblakers_crypto_cryptocell310-50d4f315b2c372cf.rlib(lakers_crypto_cryptocell310-50d4f315b2c372cf.65en4rqcp3vatzv1w34ft79vk.rcgu.o):(.text._ZN4core5array85_$LT$impl$u20$core..ops..index..Index$LT$I$GT$$u20$for$u20$$u5b$T$u3b$$u20$N$u5d$$GT$5index17hbc27f792b3ed9763E)
    5d8c     5d8c        0     1                 $t
[...]
    f98c     f98c      6bd     1         C:\Users\elopezpe\lakers\target\thumbv7em-none-eabihf\debug\deps\liblakers_shared-f3cb8e407dc144c8.rlib(lakers_shared-f3cb8e407dc144c8.etqtsfud4lmr3pmzqaf1a1pxq.rcgu.o):(.debug_line)
   10049    10049       ac     1         C:\Users\elopezpe\lakers\target\thumbv7em-none-eabihf\debug\deps\liblakers_shared-f3cb8e407dc144c8.rlib(lakers_shared-f3cb8e407dc144c8.cjdklxls94i14kbh8z3v5fjld.rcgu.o):(.debug_line)
   100f5    100f5       aa     1         C:\Users\elopezpe\lakers\target\thumbv7em-none-eabihf\debug\deps\liblakers_shared-f3cb8e407dc144c8.rlib(lakers_shared-f3cb8e407dc144c8.71ohtqgqnzot8jjn7mg45a7st.rcgu.o):(.debug_line)
   1019f    1019f      219     1         C:\Users\elopezpe\lakers\target\thumbv7em-none-eabihf\debug\deps\liblakers_shared-f3cb8e407dc144c8.rlib(lakers_shared-f3cb8e407dc144c8.eixau1sm0zbrlzp9wutj7iw4r.rcgu.o):(.debug_line)
   103b8    103b8       b4     1         C:\Users\elopezpe\lakers\target\thumbv7em-none-eabihf\debug\deps\liblakers_shared-f3cb8e407dc144c8.rlib(lakers_shared-f3cb8e407dc144c8.emfy2npa49mqu9jgt4fyevh60.rcgu.o):(.debug_line)
   1046c    1046c       f3     1         C:\Users\elopezpe\lakers\target\thumbv7em-none-eabihf\debug\deps\liblakers_shared-f3cb8e407dc144c8.rlib(lakers_shared-f3cb8e407dc144c8.3t44c9v3zyxpfp1xzxo2vnsm8.rcgu.o):(.debug_line)
   1055f    1055f       b1     1         C:\Users\elopezpe\lakers\target\thumbv7em-none-eabihf\debug\deps\liblakers_shared-f3cb8e407dc144c8.rlib(lakers_shared-f3cb8e407dc144c8.5wu8gqjkcgvlsnre08p08gw0p.rcgu.o):(.debug_line)
   10610    10610      135     1         C:\Users\elopezpe\lakers\target\thumbv7em-none-eabihf\debug\deps\liblakers_shared-f3cb8e407dc144c8.rlib(lakers_shared-f3cb8e407dc144c8.eub2x86cu466ifaqelyde3sg5.rcgu.o):(.debug_line)
   10745    10745      5e8     1         C:\Users\elopezpe\lakers\target\thumbv7em-none-eabihf\debug\deps\libpanic_probe-629399909effe8f7.rlib(panic_probe-629399909effe8f7.panic_probe.2da2cfde4e18e8ef-cgu.0.rcgu.o):(.debug_line)
   10d2d    10d2d     1165     1         C:\Users\elopezpe\lakers\target\thumbv7em-none-eabihf\debug\deps\libdefmt_rtt-070c51c85f73932a.rlib(defmt_rtt-070c51c85f73932a.defmt_rtt.d7b7c58d0797024b-cgu.0.rcgu.o):(.debug_line)
   11e92    11e92     17c9     1         C:\Users\elopezpe\lakers\target\thumbv7em-none-eabihf\debug\deps\libdefmt-b21d802af4251167.rlib(defmt-b21d802af4251167.defmt.8061e509cf6ed724-cgu.0.rcgu.o):(.debug_line)
   1365b    1365b     3a1e     1         C:\Users\elopezpe\lakers\target\thumbv7em-none-eabihf\debug\deps\libnrf_hal_common-0123b4895eab4f81.rlib(nrf_hal_common-0123b4895eab4f81.nrf_hal_common.777367dba29bed1d-cgu.1.rcgu.o):(.debug_line)
   17079    17079     270a     1         C:\Users\elopezpe\lakers\target\thumbv7em-none-eabihf\debug\deps\libnrf_hal_common-0123b4895eab4f81.rlib(nrf_hal_common-0123b4895eab4f81.nrf_hal_common.777367dba29bed1d-cgu.2.rcgu.o):(.debug_line)
   19783    19783     1491     1         C:\Users\elopezpe\lakers\target\thumbv7em-none-eabihf\debug\deps\libnrf_hal_common-0123b4895eab4f81.rlib(nrf_hal_common-0123b4895eab4f81.nrf_hal_common.777367dba29bed1d-cgu.3.rcgu.o):(.debug_line)
   1ac14    1ac14     19c4     1         C:\Users\elopezpe\lakers\target\thumbv7em-none-eabihf\debug\deps\libusb_device-4872bc311023f424.rlib(usb_device-4872bc311023f424.usb_device.5ad3b30e44101bd8-cgu.0.rcgu.o):(.debug_line)
   1c5d8    1c5d8     1ef0     1         C:\Users\elopezpe\lakers\target\thumbv7em-none-eabihf\debug\deps\libfixed-8e57f9d1188d1b5b.rlib(fixed-8e57f9d1188d1b5b.fixed.4c7ec24981851be-cgu.3.rcgu.o):(.debug_line)
   1e4c8    1e4c8     200f     1         C:\Users\elopezpe\lakers\target\thumbv7em-none-eabihf\debug\deps\libfixed-8e57f9d1188d1b5b.rlib(fixed-8e57f9d1188d1b5b.fixed.4c7ec24981851be-cgu.4.rcgu.o):(.debug_line)
   204d7    204d7     1cd3     1         C:\Users\elopezpe\lakers\target\thumbv7em-none-eabihf\debug\deps\libfixed-8e57f9d1188d1b5b.rlib(fixed-8e57f9d1188d1b5b.fixed.4c7ec24981851be-cgu.2.rcgu.o):(.debug_line)
   221aa    221aa     2482     1         C:\Users\elopezpe\lakers\target\thumbv7em-none-eabihf\debug\deps\libfixed-8e57f9d1188d1b5b.rlib(fixed-8e57f9d1188d1b5b.fixed.4c7ec24981851be-cgu.1.rcgu.o):(.debug_line)
   2462c    2462c     26d7     1         C:\Users\elopezpe\lakers\target\thumbv7em-none-eabihf\debug\deps\libfixed-8e57f9d1188d1b5b.rlib(fixed-8e57f9d1188d1b5b.fixed.4c7ec24981851be-cgu.0.rcgu.o):(.debug_line)
   26d03    26d03     1f27     1         C:\Users\elopezpe\lakers\target\thumbv7em-none-eabihf\debug\deps\libfixed-8e57f9d1188d1b5b.rlib(fixed-8e57f9d1188d1b5b.fixed.4c7ec24981851be-cgu.5.rcgu.o):(.debug_line)
   28c2a    28c2a     1cc3     1         C:\Users\elopezpe\lakers\target\thumbv7em-none-eabihf\debug\deps\libfixed-8e57f9d1188d1b5b.rlib(fixed-8e57f9d1188d1b5b.fixed.4c7ec24981851be-cgu.6.rcgu.o):(.debug_line)
   2a8ed    2a8ed     245b     1         C:\Users\elopezpe\lakers\target\thumbv7em-none-eabihf\debug\deps\libfixed-8e57f9d1188d1b5b.rlib(fixed-8e57f9d1188d1b5b.fixed.4c7ec24981851be-cgu.7.rcgu.o):(.debug_line)
   2cd48    2cd48     46de     1         C:\Users\elopezpe\lakers\target\thumbv7em-none-eabihf\debug\deps\libaz-845bfe6bd4b68b1d.rlib(az-845bfe6bd4b68b1d.az.c3664319dcb4efa0-cgu.1.rcgu.o):(.debug_line)
   31426    31426     5cd1     1         C:\Users\elopezpe\lakers\target\thumbv7em-none-eabihf\debug\deps\libaz-845bfe6bd4b68b1d.rlib(az-845bfe6bd4b68b1d.az.c3664319dcb4efa0-cgu.0.rcgu.o):(.debug_line)
   370f7    370f7      734     1         C:\Users\elopezpe\lakers\target\thumbv7em-none-eabihf\debug\deps\libnrf52840_pac-21413d31d1bda6ea.rlib(nrf52840_pac-21413d31d1bda6ea.nrf52840_pac.3d40e9e4a620d607-cgu.0.rcgu.o):(.debug_line)
   3782b    3782b     10b5     1         C:\Users\elopezpe\lakers\target\thumbv7em-none-eabihf\debug\deps\libcortex_m-c61e33017ffaea5e.rlib(cortex_m-c61e33017ffaea5e.cortex_m.6a15d459289d3ad3-cgu.0.rcgu.o):(.debug_line)
   388e0    388e0       3e     1         C:\Users\elopezpe\lakers\target\thumbv7em-none-eabihf\debug\deps\libbare_metal-4a71a10a695fdcea.rlib(bare_metal-4a71a10a695fdcea.bare_metal.e18debce392bb2bc-cgu.0.rcgu.o):(.debug_line)
   3891e    3891e       6b     1         C:\Users\elopezpe\lakers\target\thumbv7em-none-eabihf\debug\deps\libvoid-b768f75d1c7a603e.rlib(void-b768f75d1c7a603e.void.cfb77be412ef9564-cgu.0.rcgu.o):(.debug_line)
   38989    38989      3b7     1         C:\Users\elopezpe\lakers\target\thumbv7em-none-eabihf\debug\deps\libcortex_m_rt-6ce9c97deed5f3d7.rlib(cortex_m_rt-6ce9c97deed5f3d7.cortex_m_rt.3cb9a06eb80eb038-cgu.0.rcgu.o):(.debug_line)
   38d40    38d40    1cadf     1         C:\Users\elopezpe\.rustup\toolchains\stable-x86_64-pc-windows-msvc\lib\rustlib\thumbv7em-none-eabihf\lib\libcore-f45611e0071e2dc9.rlib(core-f45611e0071e2dc9.core.d8722fd8e8349c27-cgu.0.rcgu.o):(.debug_line)
   5581f    5581f       49     1         C:\Users\elopezpe\.rustup\toolchains\stable-x86_64-pc-windows-msvc\lib\rustlib\thumbv7em-none-eabihf\lib\libcompiler_builtins-293d325c45568833.rlib(compiler_builtins-293d325c45568833.compiler_builtins.61e33bb3965672fe-cgu.127.rcgu.o):(.debug_line)
   55868    55868     10d0     1         C:\Users\elopezpe\.rustup\toolchains\stable-x86_64-pc-windows-msvc\lib\rustlib\thumbv7em-none-eabihf\lib\libcompiler_builtins-293d325c45568833.rlib(compiler_builtins-293d325c45568833.compiler_builtins.61e33bb3965672fe-cgu.000.rcgu.o):(.debug_line)
   56938    56938      527     1         C:\Users\elopezpe\.rustup\toolchains\stable-x86_64-pc-windows-msvc\lib\rustlib\thumbv7em-none-eabihf\lib\libcompiler_builtins-293d325c45568833.rlib(compiler_builtins-293d325c45568833.compiler_builtins.61e33bb3965672fe-cgu.015.rcgu.o):(.debug_line)
   56e5f    56e5f      27a     1         C:\Users\elopezpe\.rustup\toolchains\stable-x86_64-pc-windows-msvc\lib\rustlib\thumbv7em-none-eabihf\lib\libcompiler_builtins-293d325c45568833.rlib(compiler_builtins-293d325c45568833.compiler_builtins.61e33bb3965672fe-cgu.129.rcgu.o):(.debug_line)
   570d9    570d9       ee     1         C:\Users\elopezpe\.rustup\toolchains\stable-x86_64-pc-windows-msvc\lib\rustlib\thumbv7em-none-eabihf\lib\libcompiler_builtins-293d325c45568833.rlib(compiler_builtins-293d325c45568833.compiler_builtins.61e33bb3965672fe-cgu.134.rcgu.o):(.debug_line)
   571c7    571c7      3e6     1         C:\Users\elopezpe\.rustup\toolchains\stable-x86_64-pc-windows-msvc\lib\rustlib\thumbv7em-none-eabihf\lib\libcompiler_builtins-293d325c45568833.rlib(compiler_builtins-293d325c45568833.compiler_builtins.61e33bb3965672fe-cgu.152.rcgu.o):(.debug_line)
   575ad    575ad      3f8     1         C:\Users\elopezpe\.rustup\toolchains\stable-x86_64-pc-windows-msvc\lib\rustlib\thumbv7em-none-eabihf\lib\libcompiler_builtins-293d325c45568833.rlib(compiler_builtins-293d325c45568833.compiler_builtins.61e33bb3965672fe-cgu.164.rcgu.o):(.debug_line)
   579a5    579a5      2c1     1         C:\Users\elopezpe\.rustup\toolchains\stable-x86_64-pc-windows-msvc\lib\rustlib\thumbv7em-none-eabihf\lib\libcompiler_builtins-293d325c45568833.rlib(compiler_builtins-293d325c45568833.compiler_builtins.61e33bb3965672fe-cgu.167.rcgu.o):(.debug_line)
   57c66    57c66      223     1         C:\Users\elopezpe\.rustup\toolchains\stable-x86_64-pc-windows-msvc\lib\rustlib\thumbv7em-none-eabihf\lib\libcompiler_builtins-293d325c45568833.rlib(compiler_builtins-293d325c45568833.compiler_builtins.61e33bb3965672fe-cgu.169.rcgu.o):(.debug_line)
   57e89    57e89      4e2     1         C:\Users\elopezpe\.rustup\toolchains\stable-x86_64-pc-windows-msvc\lib\rustlib\thumbv7em-none-eabihf\lib\libcompiler_builtins-293d325c45568833.rlib(compiler_builtins-293d325c45568833.compiler_builtins.61e33bb3965672fe-cgu.182.rcgu.o):(.debug_line)
   5836b    5836b      3ae     1         C:\Users\elopezpe\.rustup\toolchains\stable-x86_64-pc-windows-msvc\lib\rustlib\thumbv7em-none-eabihf\lib\libcompiler_builtins-293d325c45568833.rlib(compiler_builtins-293d325c45568833.compiler_builtins.61e33bb3965672fe-cgu.190.rcgu.o):(.debug_line)
   58719    58719      244     1         C:\Users\elopezpe\.rustup\toolchains\stable-x86_64-pc-windows-msvc\lib\rustlib\thumbv7em-none-eabihf\lib\libcompiler_builtins-293d325c45568833.rlib(compiler_builtins-293d325c45568833.compiler_builtins.61e33bb3965672fe-cgu.196.rcgu.o):(.debug_line)
   5895d    5895d      215     1         C:\Users\elopezpe\.rustup\toolchains\stable-x86_64-pc-windows-msvc\lib\rustlib\thumbv7em-none-eabihf\lib\libcompiler_builtins-293d325c45568833.rlib(compiler_builtins-293d325c45568833.compiler_builtins.61e33bb3965672fe-cgu.278.rcgu.o):(.debug_line)
   58b72    58b72      1d4     1         C:\Users\elopezpe\.rustup\toolchains\stable-x86_64-pc-windows-msvc\lib\rustlib\thumbv7em-none-eabihf\lib\libcompiler_builtins-293d325c45568833.rlib(compiler_builtins-293d325c45568833.compiler_builtins.61e33bb3965672fe-cgu.287.rcgu.o):(.debug_line)
   58d46    58d46     1045     1         C:\Users\elopezpe\.rustup\toolchains\stable-x86_64-pc-windows-msvc\lib\rustlib\thumbv7em-none-eabihf\lib\libcompiler_builtins-293d325c45568833.rlib(compiler_builtins-293d325c45568833.compiler_builtins.61e33bb3965672fe-cgu.007.rcgu.o):(.debug_line)
   59d8b    59d8b      2c1     1         C:\Users\elopezpe\.rustup\toolchains\stable-x86_64-pc-windows-msvc\lib\rustlib\thumbv7em-none-eabihf\lib\libcompiler_builtins-293d325c45568833.rlib(compiler_builtins-293d325c45568833.compiler_builtins.61e33bb3965672fe-cgu.296.rcgu.o):(.debug_line)
   5a04c    5a04c      2d8     1         C:\Users\elopezpe\.rustup\toolchains\stable-x86_64-pc-windows-msvc\lib\rustlib\thumbv7em-none-eabihf\lib\libcompiler_builtins-293d325c45568833.rlib(compiler_builtins-293d325c45568833.compiler_builtins.61e33bb3965672fe-cgu.304.rcgu.o):(.debug_line)
   5a324    5a324       7b     1         C:\Users\elopezpe\.rustup\toolchains\stable-x86_64-pc-windows-msvc\lib\rustlib\thumbv7em-none-eabihf\lib\libcompiler_builtins-293d325c45568833.rlib(compiler_builtins-293d325c45568833.compiler_builtins.61e33bb3965672fe-cgu.311.rcgu.o):(.debug_line)
   5a39f    5a39f      2ae     1         C:\Users\elopezpe\.rustup\toolchains\stable-x86_64-pc-windows-msvc\lib\rustlib\thumbv7em-none-eabihf\lib\libcompiler_builtins-293d325c45568833.rlib(compiler_builtins-293d325c45568833.compiler_builtins.61e33bb3965672fe-cgu.320.rcgu.o):(.debug_line)
   5a64d    5a64d       42     1         C:\Users\elopezpe\.rustup\toolchains\stable-x86_64-pc-windows-msvc\lib\rustlib\thumbv7em-none-eabihf\lib\libcompiler_builtins-293d325c45568833.rlib(compiler_builtins-293d325c45568833.compiler_builtins.61e33bb3965672fe-cgu.332.rcgu.o):(.debug_line)
   5a68f    5a68f       42     1         C:\Users\elopezpe\.rustup\toolchains\stable-x86_64-pc-windows-msvc\lib\rustlib\thumbv7em-none-eabihf\lib\libcompiler_builtins-293d325c45568833.rlib(compiler_builtins-293d325c45568833.compiler_builtins.61e33bb3965672fe-cgu.351.rcgu.o):(.debug_line)
   5a6d1    5a6d1      ca7     1         C:\Users\elopezpe\.rustup\toolchains\stable-x86_64-pc-windows-msvc\lib\rustlib\thumbv7em-none-eabihf\lib\libcompiler_builtins-293d325c45568833.rlib(compiler_builtins-293d325c45568833.compiler_builtins.61e33bb3965672fe-cgu.005.rcgu.o):(.debug_line)
   5b378    5b378       a7     1         C:\Users\elopezpe\.rustup\toolchains\stable-x86_64-pc-windows-msvc\lib\rustlib\thumbv7em-none-eabihf\lib\libcompiler_builtins-293d325c45568833.rlib(compiler_builtins-293d325c45568833.compiler_builtins.61e33bb3965672fe-cgu.188.rcgu.o):(.debug_line)
   5b41f    5b41f      682     1         C:\Users\elopezpe\.rustup\toolchains\stable-x86_64-pc-windows-msvc\lib\rustlib\thumbv7em-none-eabihf\lib\libcompiler_builtins-293d325c45568833.rlib(compiler_builtins-293d325c45568833.compiler_builtins.61e33bb3965672fe-cgu.009.rcgu.o):(.debug_line)
       0        0     1c9f     1 .debug_loc
       0        0      1cf     1         C:\Users\elopezpe\lakers\target\thumbv7em-none-eabihf\debug\deps\client-1019b7aa28e2ebeb.4yft7yg86tq4sthegb5eegovd.rcgu.o:(.debug_loc)
     1cf      1cf       cd     1         C:\Users\elopezpe\lakers\target\thumbv7em-none-eabihf\debug\deps\client-1019b7aa28e2ebeb.6c5xz7e0dkp62taxabsabpup7.rcgu.o:(.debug_loc)
     29c      29c       29     1         C:\Users\elopezpe\lakers\target\thumbv7em-none-eabihf\debug\deps\client-1019b7aa28e2ebeb.7k4duax6b3ysypzh2nj0wfh5v.rcgu.o:(.debug_loc)
     2c5      2c5       97     1         C:\Users\elopezpe\lakers\target\thumbv7em-none-eabihf\debug\deps\client-1019b7aa28e2ebeb.b23fqg33hqealj34qpntgl4aj.rcgu.o:(.debug_loc)
     35c      35c       35     1         C:\Users\elopezpe\lakers\target\thumbv7em-none-eabihf\debug\deps\liblakers_crypto_cryptocell310-50d4f315b2c372cf.rlib(lakers_crypto_cryptocell310-50d4f315b2c372cf.dqwonfhctibr62erm9bv7603m.rcgu.o):(.debug_loc)
     391      391       5c     1         C:\Users\elopezpe\lakers\target\thumbv7em-none-eabihf\debug\deps\liblakers-48c824b2158f4eea.rlib(lakers-48c824b2158f4eea.4ua2xhdn8s5xmacq18ovkq72h.rcgu.o):(.debug_loc)
     3ed      3ed       36     1         C:\Users\elopezpe\lakers\target\thumbv7em-none-eabihf\debug\deps\liblakers-48c824b2158f4eea.rlib(lakers-48c824b2158f4eea.6o4bs98x19tq5mchyn7qesxlg.rcgu.o):(.debug_loc)
     423      423       a2     1         C:\Users\elopezpe\lakers\target\thumbv7em-none-eabihf\debug\deps\liblakers-48c824b2158f4eea.rlib(lakers-48c824b2158f4eea.bhg66izv9zek07vwytznvysoi.rcgu.o):(.debug_loc)
     4c5      4c5      2c6     1         C:\Users\elopezpe\lakers\target\thumbv7em-none-eabihf\debug\deps\liblakers_shared-f3cb8e407dc144c8.rlib(lakers_shared-f3cb8e407dc144c8.0qe467cehpw7rmex0sqnapy9c.rcgu.o):(.debug_loc)
     78b      78b      126     1         C:\Users\elopezpe\lakers\target\thumbv7em-none-eabihf\debug\deps\liblakers_shared-f3cb8e407dc144c8.rlib(lakers_shared-f3cb8e407dc144c8.39m1iai9vw6onpuj5e9z4v02d.rcgu.o):(.debug_loc)
     8b1      8b1       36     1         C:\Users\elopezpe\lakers\target\thumbv7em-none-eabihf\debug\deps\liblakers_shared-f3cb8e407dc144c8.rlib(lakers_shared-f3cb8e407dc144c8.7v4aust2s7o0w2tlnwit6tchd.rcgu.o):(.debug_loc)
     8e7      8e7       29     1         C:\Users\elopezpe\lakers\target\thumbv7em-none-eabihf\debug\deps\liblakers_shared-f3cb8e407dc144c8.rlib(lakers_shared-f3cb8e407dc144c8.8uvepo5qk1tk0nzvhreh34d9v.rcgu.o):(.debug_loc)
     910      910       44     1         C:\Users\elopezpe\lakers\target\thumbv7em-none-eabihf\debug\deps\liblakers_shared-f3cb8e407dc144c8.rlib(lakers_shared-f3cb8e407dc144c8.21np0dfhncwdyr61wq8zc5bx6.rcgu.o):(.debug_loc)
     954      954       28     1         C:\Users\elopezpe\lakers\target\thumbv7em-none-eabihf\debug\deps\liblakers_shared-f3cb8e407dc144c8.rlib(lakers_shared-f3cb8e407dc144c8.ckwrrkn16ot3zyaabzwzr3oyo.rcgu.o):(.debug_loc)
     97c      97c       29     1         C:\Users\elopezpe\lakers\target\thumbv7em-none-eabihf\debug\deps\liblakers_shared-f3cb8e407dc144c8.rlib(lakers_shared-f3cb8e407dc144c8.etqtsfud4lmr3pmzqaf1a1pxq.rcgu.o):(.debug_loc)
     9a5      9a5       28     1         C:\Users\elopezpe\lakers\target\thumbv7em-none-eabihf\debug\deps\liblakers_shared-f3cb8e407dc144c8.rlib(lakers_shared-f3cb8e407dc144c8.eixau1sm0zbrlzp9wutj7iw4r.rcgu.o):(.debug_loc)
     9cd      9cd       52     1         C:\Users\elopezpe\lakers\target\thumbv7em-none-eabihf\debug\deps\libdefmt-b21d802af4251167.rlib(defmt-b21d802af4251167.defmt.8061e509cf6ed724-cgu.0.rcgu.o):(.debug_loc)
     a1f      a1f       e2     1         C:\Users\elopezpe\lakers\target\thumbv7em-none-eabihf\debug\deps\libnrf_hal_common-0123b4895eab4f81.rlib(nrf_hal_common-0123b4895eab4f81.nrf_hal_common.777367dba29bed1d-cgu.1.rcgu.o):(.debug_loc)
     b01      b01      139     1         C:\Users\elopezpe\lakers\target\thumbv7em-none-eabihf\debug\deps\libnrf_hal_common-0123b4895eab4f81.rlib(nrf_hal_common-0123b4895eab4f81.nrf_hal_common.777367dba29bed1d-cgu.2.rcgu.o):(.debug_loc)
     c3a      c3a       51     1         C:\Users\elopezpe\lakers\target\thumbv7em-none-eabihf\debug\deps\libusb_device-4872bc311023f424.rlib(usb_device-4872bc311023f424.usb_device.5ad3b30e44101bd8-cgu.0.rcgu.o):(.debug_loc)
     c8b      c8b       79     1         C:\Users\elopezpe\lakers\target\thumbv7em-none-eabihf\debug\deps\libfixed-8e57f9d1188d1b5b.rlib(fixed-8e57f9d1188d1b5b.fixed.4c7ec24981851be-cgu.4.rcgu.o):(.debug_loc)
     d04      d04      274     1         C:\Users\elopezpe\lakers\target\thumbv7em-none-eabihf\debug\deps\libfixed-8e57f9d1188d1b5b.rlib(fixed-8e57f9d1188d1b5b.fixed.4c7ec24981851be-cgu.2.rcgu.o):(.debug_loc)
     f78      f78      4a5     1         C:\Users\elopezpe\lakers\target\thumbv7em-none-eabihf\debug\deps\libfixed-8e57f9d1188d1b5b.rlib(fixed-8e57f9d1188d1b5b.fixed.4c7ec24981851be-cgu.1.rcgu.o):(.debug_loc)
    141d     141d      4a5     1         C:\Users\elopezpe\lakers\target\thumbv7em-none-eabihf\debug\deps\libfixed-8e57f9d1188d1b5b.rlib(fixed-8e57f9d1188d1b5b.fixed.4c7ec24981851be-cgu.0.rcgu.o):(.debug_loc)
    18c2     18c2      33a     1         C:\Users\elopezpe\lakers\target\thumbv7em-none-eabihf\debug\deps\libfixed-8e57f9d1188d1b5b.rlib(fixed-8e57f9d1188d1b5b.fixed.4c7ec24981851be-cgu.5.rcgu.o):(.debug_loc)
    1bfc     1bfc       7a     1         C:\Users\elopezpe\lakers\target\thumbv7em-none-eabihf\debug\deps\libfixed-8e57f9d1188d1b5b.rlib(fixed-8e57f9d1188d1b5b.fixed.4c7ec24981851be-cgu.7.rcgu.o):(.debug_loc)
    1c76     1c76       29     1         C:\Users\elopezpe\lakers\target\thumbv7em-none-eabihf\debug\deps\libcortex_m_rt-6ce9c97deed5f3d7.rlib(cortex_m_rt-6ce9c97deed5f3d7.cortex_m_rt.3cb9a06eb80eb038-cgu.0.rcgu.o):(.debug_loc)
       0        0     a3b0     4 .symtab
       0        0     a3b0     4         <internal>:(.symtab)
       0        0       dd     1 .shstrtab
       0        0       dd     1         <internal>:(.shstrtab)
       0        0    137f1     1 .strtab
       0        0    137f1     1         <internal>:(.strtab)
