     VMA      LMA     Size Align Out     In      Symbol
       0        0        0     1 PROVIDE ( NonMaskableInt = DefaultHandler )
       0        0        0     1 PROVIDE ( MemoryManagement = DefaultHandler )
       0        0        0     1 PROVIDE ( BusFault = DefaultHandler )
       0        0        0     1 PROVIDE ( UsageFault = DefaultHandler )
       0        0        0     1 PROVIDE ( SVCall = DefaultHandler )
       0        0        0     1 PROVIDE ( DebugMonitor = DefaultHandler )
       0        0        0     1 PROVIDE ( PendSV = DefaultHandler )
       0        0        0     1 PROVIDE ( SysTick = DefaultHandler )
       0        0        0     1 PROVIDE ( DefaultHandler = DefaultHandler_ )
       0        0        0     1 PROVIDE ( HardFault = HardFault_ )
       0        0        0     1 PROVIDE ( __pre_init = DefaultPreInit )
       0        0        0     1 PROVIDE ( _ram_end = ORIGIN ( RAM ) + LENGTH ( RAM ) )
       0        0        0     1 PROVIDE ( _stack_start = _ram_end )
       0        0      100     4 .vector_table
       0        0        0     1         __vector_table = .
       0        0        4     1         LONG ( _stack_start & 0xFFFFFFF8 )
       4        4        4     4         /home/elsa/lakers/target/thumbv7em-none-eabihf/debug/deps/libcortex_m_rt-c7278db01100dbc5.rlib(cortex_m_rt-c7278db01100dbc5.cortex_m_rt.52d308365c69ce10-cgu.0.rcgu.o):(.vector_table.reset_vector)
       4        4        4     1                 __RESET_VECTOR
       8        8        0     1         __exceptions = .
       8        8       38     4         /home/elsa/lakers/target/thumbv7em-none-eabihf/debug/deps/libcortex_m_rt-c7278db01100dbc5.rlib(cortex_m_rt-c7278db01100dbc5.cortex_m_rt.52d308365c69ce10-cgu.0.rcgu.o):(.vector_table.exceptions)
       8        8       38     1                 __EXCEPTIONS
      40       40        0     1         __eexceptions = .
      40       40       c0     4         /home/elsa/lakers/target/thumbv7em-none-eabihf/debug/deps/libnrf52840_pac-028ee783bab297c5.rlib(nrf52840_pac-028ee783bab297c5.nrf52840_pac.a60921af265e7858-cgu.0.rcgu.o):(.vector_table.interrupts)
      40       40       c0     1                 __INTERRUPTS
     100      100        0     1 PROVIDE ( _stext = ADDR ( .vector_table ) + SIZEOF ( .vector_table ) )
     100      100    16950     4 .text
     100      100        0     1         __stext = .
     100      100       58     4         /home/elsa/lakers/target/thumbv7em-none-eabihf/debug/deps/libcortex_m_rt-c7278db01100dbc5.rlib(cortex_m_rt-c7278db01100dbc5.cortex_m_rt.52d308365c69ce10-cgu.0.rcgu.o):(.Reset)
     100      100        0     1                 $t
     101      101       3e     1                 Reset
     140      140        0     1                 $d
     158      158       42     2         /home/elsa/lakers/target/thumbv7em-none-eabihf/debug/deps/client-0ab83696673383ae.0bky5vcxn6ol74gqg3qibyd03.rcgu.o:(.text._ZN76_$LT$lakers_shared..buffer..EdhocBufferError$u20$as$u20$core..fmt..Debug$GT$3fmt17h09aee87dafdc84e3E)
     158      158        0     1                 $t
     159      159       42     1                 _$LT$lakers_shared..buffer..EdhocBufferError$u20$as$u20$core..fmt..Debug$GT$::fmt::h09aee87dafdc84e3
     19a      19a        e     2         /home/elsa/lakers/target/thumbv7em-none-eabihf/debug/deps/client-0ab83696673383ae.15xk1fek4dfzsyijfjlvx0ua2.rcgu.o:(.text._ZN50_$LT$T$u20$as$u20$core..convert..Into$LT$U$GT$$GT$4into17hc0e957cf63172676E)
     19a      19a        0     1                 $t
     19b      19b        e     1                 _$LT$T$u20$as$u20$core..convert..Into$LT$U$GT$$GT$::into::hc0e957cf63172676
     1a8      1a8       22     2         /home/elsa/lakers/target/thumbv7em-none-eabihf/debug/deps/client-0ab83696673383ae.15xk1fek4dfzsyijfjlvx0ua2.rcgu.o:(.text._ZN53_$LT$T$u20$as$u20$core..convert..TryFrom$LT$U$GT$$GT$8try_from17hd77b017b02c25ecdE)
     1a8      1a8        0     1                 $t
     1a9      1a9       22     1                 _$LT$T$u20$as$u20$core..convert..TryFrom$LT$U$GT$$GT$::try_from::hd77b017b02c25ecd
     1ca      1ca       12     2         /home/elsa/lakers/target/thumbv7em-none-eabihf/debug/deps/client-0ab83696673383ae.15xk1fek4dfzsyijfjlvx0ua2.rcgu.o:(.text._ZN53_$LT$T$u20$as$u20$core..convert..TryInto$LT$U$GT$$GT$8try_into17h96a42c72e3cdc07eE)
     1ca      1ca        0     1                 $t
     1cb      1cb       12     1                 _$LT$T$u20$as$u20$core..convert..TryInto$LT$U$GT$$GT$::try_into::h96a42c72e3cdc07e
     1dc      1dc       42     2         /home/elsa/lakers/target/thumbv7em-none-eabihf/debug/deps/client-0ab83696673383ae.1s3uuke1enzz8hxyxx3x1vbqj.rcgu.o:(.text._ZN8cortex_m9interrupt4free17h12228fe1731e8f35E)
     1dc      1dc        0     1                 $t
     1dd      1dd       42     1                 cortex_m::interrupt::free::h12228fe1731e8f35
     21e      21e       2e     2         /home/elsa/lakers/target/thumbv7em-none-eabihf/debug/deps/client-0ab83696673383ae.2z2vqjuvb9thnv23mofmo8vkr.rcgu.o:(.text._ZN4core3num20_$LT$impl$u20$i8$GT$12unsigned_abs17hee678b5205022376E)
     21e      21e        0     1                 $t
     21f      21f       2e     1                 core::num::_$LT$impl$u20$i8$GT$::unsigned_abs::hee678b5205022376
     24c      24c       12     2         /home/elsa/lakers/target/thumbv7em-none-eabihf/debug/deps/client-0ab83696673383ae.30nx8pklksewlf2rz6eq6biry.rcgu.o:(.text._ZN66_$LT$lakers_shared..cred..IdCred$u20$as$u20$core..clone..Clone$GT$5clone17h09aaf25e4ec77183E)
     24c      24c        0     1                 $t
     24d      24d       12     1                 _$LT$lakers_shared..cred..IdCred$u20$as$u20$core..clone..Clone$GT$::clone::h09aaf25e4ec77183
     25e      25e       14     2         /home/elsa/lakers/target/thumbv7em-none-eabihf/debug/deps/client-0ab83696673383ae.30nx8pklksewlf2rz6eq6biry.rcgu.o:(.text._ZN70_$LT$lakers_shared..cred..Credential$u20$as$u20$core..clone..Clone$GT$5clone17h5bda8fa6a1795445E)
     25e      25e        0     1                 $t
     25f      25f       14     1                 _$LT$lakers_shared..cred..Credential$u20$as$u20$core..clone..Clone$GT$::clone::h5bda8fa6a1795445
     272      272       38     2         /home/elsa/lakers/target/thumbv7em-none-eabihf/debug/deps/client-0ab83696673383ae.3ds99ney629v5zrcia6ga8rms.rcgu.o:(.text._ZN12nrf52840_pac11Peripherals4take28_$u7b$$u7b$closure$u7d$$u7d$17hf37e5977d53d24daE)
     272      272        0     1                 $t
     273      273       38     1                 nrf52840_pac::Peripherals::take::_$u7b$$u7b$closure$u7d$$u7d$::hf37e5977d53d24da
     2aa      2aa       12     2         /home/elsa/lakers/target/thumbv7em-none-eabihf/debug/deps/client-0ab83696673383ae.3kutlplgidxfk6duca6b6ktvg.rcgu.o:(.text._ZN50_$LT$T$u20$as$u20$core..convert..Into$LT$U$GT$$GT$4into17hf6fa3bb9f404dc1bE)
     2aa      2aa        0     1                 $t
     2ab      2ab       12     1                 _$LT$T$u20$as$u20$core..convert..Into$LT$U$GT$$GT$::into::hf6fa3bb9f404dc1b
     2bc      2bc        a     2         /home/elsa/lakers/target/thumbv7em-none-eabihf/debug/deps/client-0ab83696673383ae.3ohm9o2f7i37qebtpm9fn4k42.rcgu.o:(.text._ZN12nrf52840_pac11Peripherals4take17h0de520abe64a3213E)
     2bc      2bc        0     1                 $t
     2bd      2bd        a     1                 nrf52840_pac::Peripherals::take::h0de520abe64a3213
     2c6      2c6        e     2         /home/elsa/lakers/target/thumbv7em-none-eabihf/debug/deps/client-0ab83696673383ae.3ohm9o2f7i37qebtpm9fn4k42.rcgu.o:(.text._ZN12nrf52840_pac11Peripherals5steal17h6f581a280cc4275cE)
     2c6      2c6        0     1                 $t
     2c7      2c7        e     1                 nrf52840_pac::Peripherals::steal::h6f581a280cc4275c
     2d4      2d4       50     2         /home/elsa/lakers/target/thumbv7em-none-eabihf/debug/deps/client-0ab83696673383ae.4fwkmboay3qsqul2tad9q21g0.rcgu.o:(.text._ZN13lakers_shared6crypto6Crypto16supported_suites17h2f46c8e23bc1b0ffE)
     2d4      2d4        0     1                 $t
     2d5      2d5       50     1                 lakers_shared::crypto::Crypto::supported_suites::h2f46c8e23bc1b0ff
     324      324       56     2         /home/elsa/lakers/target/thumbv7em-none-eabihf/debug/deps/client-0ab83696673383ae.4wnxwhvcrwhprxnlbsie6hd8q.rcgu.o:(.text._ZN74_$LT$$u5b$T$u5d$$u20$as$u20$core..slice..specialize..SpecFill$LT$T$GT$$GT$9spec_fill17ha105019d38f811c1E)
     324      324        0     1                 $t
     325      325       56     1                 _$LT$$u5b$T$u5d$$u20$as$u20$core..slice..specialize..SpecFill$LT$T$GT$$GT$::spec_fill::ha105019d38f811c1
     37a      37a       16     2         /home/elsa/lakers/target/thumbv7em-none-eabihf/debug/deps/client-0ab83696673383ae.5ho5fx28ki90sm9str1yslf2k.rcgu.o:(.text._ZN4core5slice29_$LT$impl$u20$$u5b$T$u5d$$GT$4fill17haa717efc8073913bE)
     37a      37a        0     1                 $t
     37b      37b       16     1                 core::slice::_$LT$impl$u20$$u5b$T$u5d$$GT$::fill::haa717efc8073913b
     390      390       16     2         /home/elsa/lakers/target/thumbv7em-none-eabihf/debug/deps/client-0ab83696673383ae.5np5hhqhxvujjvj9w0s7dkrmh.rcgu.o:(.text._ZN50_$LT$T$u20$as$u20$core..convert..Into$LT$U$GT$$GT$4into17h4e806c9ae16daa5cE)
     390      390        0     1                 $t
     391      391       16     1                 _$LT$T$u20$as$u20$core..convert..Into$LT$U$GT$$GT$::into::h4e806c9ae16daa5c
     3a6      3a6       12     2         /home/elsa/lakers/target/thumbv7em-none-eabihf/debug/deps/client-0ab83696673383ae.614wz54wygw2b820oou26ubft.rcgu.o:(.text._ZN50_$LT$T$u20$as$u20$core..convert..Into$LT$U$GT$$GT$4into17hb20550223d6af5e9E)
     3a6      3a6        0     1                 $t
     3a7      3a7       12     1                 _$LT$T$u20$as$u20$core..convert..Into$LT$U$GT$$GT$::into::hb20550223d6af5e9
     3b8      3b8       16     2         /home/elsa/lakers/target/thumbv7em-none-eabihf/debug/deps/client-0ab83696673383ae.70vh9ui4u5b2o9ca82995079y.rcgu.o:(.text._ZN50_$LT$T$u20$as$u20$core..convert..Into$LT$U$GT$$GT$4into17h298381fd23161df5E)
     3b8      3b8        0     1                 $t
     3b9      3b9       16     1                 _$LT$T$u20$as$u20$core..convert..Into$LT$U$GT$$GT$::into::h298381fd23161df5
     3ce      3ce       12     2         /home/elsa/lakers/target/thumbv7em-none-eabihf/debug/deps/client-0ab83696673383ae.72dsubxl7z5p4aw7tfwr5i7wi.rcgu.o:(.text._ZN5defmt5impls10primitives54_$LT$impl$u20$defmt..traits..Format$u20$for$u20$u8$GT$11_format_tag17h629acd4f0eea9012E)
     3ce      3ce        0     1                 $t
     3cf      3cf       12     1                 defmt::impls::primitives::_$LT$impl$u20$defmt..traits..Format$u20$for$u20$u8$GT$::_format_tag::h629acd4f0eea9012
     3e0      3e0       10     2         /home/elsa/lakers/target/thumbv7em-none-eabihf/debug/deps/client-0ab83696673383ae.72dsubxl7z5p4aw7tfwr5i7wi.rcgu.o:(.text._ZN5defmt5impls10primitives54_$LT$impl$u20$defmt..traits..Format$u20$for$u20$u8$GT$12_format_data17h4b0ea81d51af9b44E)
     3e0      3e0        0     1                 $t
     3e1      3e1       10     1                 defmt::impls::primitives::_$LT$impl$u20$defmt..traits..Format$u20$for$u20$u8$GT$::_format_data::h4b0ea81d51af9b44
     3f0      3f0        a     2         /home/elsa/lakers/target/thumbv7em-none-eabihf/debug/deps/client-0ab83696673383ae.7vy2j792ncr5amyuo1iux8129.rcgu.o:(.text._ZN5defmt5impls10primitives57_$LT$impl$u20$defmt..traits..Format$u20$for$u20$$RF$T$GT$11_format_tag17hc5f2c1e00163a51bE)
     3f0      3f0        0     1                 $t
     3f1      3f1        a     1                 defmt::impls::primitives::_$LT$impl$u20$defmt..traits..Format$u20$for$u20$$RF$T$GT$::_format_tag::hc5f2c1e00163a51b
     3fa      3fa       16     2         /home/elsa/lakers/target/thumbv7em-none-eabihf/debug/deps/client-0ab83696673383ae.7vy2j792ncr5amyuo1iux8129.rcgu.o:(.text._ZN5defmt5impls10primitives57_$LT$impl$u20$defmt..traits..Format$u20$for$u20$$RF$T$GT$12_format_data17hc4de069ed4214eedE)
     3fa      3fa        0     1                 $t
     3fb      3fb       16     1                 defmt::impls::primitives::_$LT$impl$u20$defmt..traits..Format$u20$for$u20$$RF$T$GT$::_format_data::hc4de069ed4214eed
     410      410       12     2         /home/elsa/lakers/target/thumbv7em-none-eabihf/debug/deps/client-0ab83696673383ae.7vy2j792ncr5amyuo1iux8129.rcgu.o:(.text._ZN5defmt5impls10primitives63_$LT$impl$u20$defmt..traits..Format$u20$for$u20$$u5b$T$u5d$$GT$11_format_tag17h4a6d44d7b6d3baf1E)
     410      410        0     1                 $t
     411      411       12     1                 defmt::impls::primitives::_$LT$impl$u20$defmt..traits..Format$u20$for$u20$$u5b$T$u5d$$GT$::_format_tag::h4a6d44d7b6d3baf1
     422      422       12     2         /home/elsa/lakers/target/thumbv7em-none-eabihf/debug/deps/client-0ab83696673383ae.7vy2j792ncr5amyuo1iux8129.rcgu.o:(.text._ZN5defmt5impls10primitives63_$LT$impl$u20$defmt..traits..Format$u20$for$u20$$u5b$T$u5d$$GT$12_format_data17h585272006c201ba4E)
     422      422        0     1                 $t
     423      423       12     1                 defmt::impls::primitives::_$LT$impl$u20$defmt..traits..Format$u20$for$u20$$u5b$T$u5d$$GT$::_format_data::h585272006c201ba4
     434      434       16     2         /home/elsa/lakers/target/thumbv7em-none-eabihf/debug/deps/client-0ab83696673383ae.8a7knc7p49gd2c7jf0hgtytak.rcgu.o:(.text._ZN50_$LT$T$u20$as$u20$core..convert..Into$LT$U$GT$$GT$4into17h86632c96c98b4ffeE)
     434      434        0     1                 $t
     435      435       16     1                 _$LT$T$u20$as$u20$core..convert..Into$LT$U$GT$$GT$::into::h86632c96c98b4ffe
     44c      44c       68     4         /home/elsa/lakers/target/thumbv7em-none-eabihf/debug/deps/client-0ab83696673383ae.8j9j9x4j01z8t9c1fr7f6zann.rcgu.o:(.text._ZN4core4sync6atomic14compiler_fence17hb53a638872aa1137E)
     44c      44c        0     1                 $t
     44d      44d       68     1                 core::sync::atomic::compiler_fence::hb53a638872aa1137
     46c      46c        0     1                 $d
     472      472        0     1                 $t
     4b4      4b4       16     2         /home/elsa/lakers/target/thumbv7em-none-eabihf/debug/deps/client-0ab83696673383ae.8k82frw0167ux4ryviihmhtlw.rcgu.o:(.text._ZN50_$LT$T$u20$as$u20$core..convert..Into$LT$U$GT$$GT$4into17h4c08269252be01c9E)
     4b4      4b4        0     1                 $t
     4b5      4b5       16     1                 _$LT$T$u20$as$u20$core..convert..Into$LT$U$GT$$GT$::into::h4c08269252be01c9
     4ca      4ca       16     2         /home/elsa/lakers/target/thumbv7em-none-eabihf/debug/deps/client-0ab83696673383ae.8k82frw0167ux4ryviihmhtlw.rcgu.o:(.text._ZN50_$LT$T$u20$as$u20$core..convert..Into$LT$U$GT$$GT$4into17h74c923810781ee96E)
     4ca      4ca        0     1                 $t
     4cb      4cb       16     1                 _$LT$T$u20$as$u20$core..convert..Into$LT$U$GT$$GT$::into::h74c923810781ee96
     4e0      4e0       12     2         /home/elsa/lakers/target/thumbv7em-none-eabihf/debug/deps/client-0ab83696673383ae.8k82frw0167ux4ryviihmhtlw.rcgu.o:(.text._ZN50_$LT$T$u20$as$u20$core..convert..Into$LT$U$GT$$GT$4into17h82c928d0c8c2de8aE)
     4e0      4e0        0     1                 $t
     4e1      4e1       12     1                 _$LT$T$u20$as$u20$core..convert..Into$LT$U$GT$$GT$::into::h82c928d0c8c2de8a
     4f2      4f2       12     2         /home/elsa/lakers/target/thumbv7em-none-eabihf/debug/deps/client-0ab83696673383ae.8k82frw0167ux4ryviihmhtlw.rcgu.o:(.text._ZN50_$LT$T$u20$as$u20$core..convert..Into$LT$U$GT$$GT$4into17h983207195486597eE)
     4f2      4f2        0     1                 $t
     4f3      4f3       12     1                 _$LT$T$u20$as$u20$core..convert..Into$LT$U$GT$$GT$::into::h983207195486597e
     504      504       12     2         /home/elsa/lakers/target/thumbv7em-none-eabihf/debug/deps/client-0ab83696673383ae.8k82frw0167ux4ryviihmhtlw.rcgu.o:(.text._ZN50_$LT$T$u20$as$u20$core..convert..Into$LT$U$GT$$GT$4into17he51c18a3e2e4f7acE)
     504      504        0     1                 $t
     505      505       12     1                 _$LT$T$u20$as$u20$core..convert..Into$LT$U$GT$$GT$::into::he51c18a3e2e4f7ac
     516      516       22     2         /home/elsa/lakers/target/thumbv7em-none-eabihf/debug/deps/client-0ab83696673383ae.8uj0mfl1x3fc1q6buselv8qa3.rcgu.o:(.text._ZN77_$LT$cortex_m..register..primask..Primask$u20$as$u20$core..cmp..PartialEq$GT$2eq17h13ba42aa5ae9d577E)
     516      516        0     1                 $t
     517      517       22     1                 _$LT$cortex_m..register..primask..Primask$u20$as$u20$core..cmp..PartialEq$GT$::eq::h13ba42aa5ae9d577
     538      538       32     2         /home/elsa/lakers/target/thumbv7em-none-eabihf/debug/deps/client-0ab83696673383ae.8uj0mfl1x3fc1q6buselv8qa3.rcgu.o:(.text._ZN8cortex_m8register7primask4read17h82a161b692280637E)
     538      538        0     1                 $t
     539      539       32     1                 cortex_m::register::primask::read::h82a161b692280637
     56a      56a       1c     2         /home/elsa/lakers/target/thumbv7em-none-eabihf/debug/deps/client-0ab83696673383ae.8uj0mfl1x3fc1q6buselv8qa3.rcgu.o:(.text._ZN8cortex_m8register7primask7Primask9is_active17h0215d96a56a4bcfeE)
     56a      56a        0     1                 $t
     56b      56b       1c     1                 cortex_m::register::primask::Primask::is_active::h0215d96a56a4bcfe
     586      586       14     2         /home/elsa/lakers/target/thumbv7em-none-eabihf/debug/deps/client-0ab83696673383ae.94vwvcpf4ntvlnd1ekprv4uqu.rcgu.o:(.text._ZN42_$LT$$RF$T$u20$as$u20$core..fmt..Debug$GT$3fmt17hb3d1b202024362a2E)
     586      586        0     1                 $t
     587      587       14     1                 _$LT$$RF$T$u20$as$u20$core..fmt..Debug$GT$::fmt::hb3d1b202024362a2
     59a      59a       22     2         /home/elsa/lakers/target/thumbv7em-none-eabihf/debug/deps/client-0ab83696673383ae.9q40h55xivc9dniu1cjti3rok.rcgu.o:(.text._ZN4core5array69_$LT$impl$u20$core..fmt..Debug$u20$for$u20$$u5b$T$u3b$$u20$N$u5d$$GT$3fmt17h013133bc0064990bE)
     59a      59a        0     1                 $t
     59b      59b       22     1                 core::array::_$LT$impl$u20$core..fmt..Debug$u20$for$u20$$u5b$T$u3b$$u20$N$u5d$$GT$::fmt::h013133bc0064990b
     5bc      5bc       52     2         /home/elsa/lakers/target/thumbv7em-none-eabihf/debug/deps/client-0ab83696673383ae.9q40h55xivc9dniu1cjti3rok.rcgu.o:(.text._ZN4core5array85_$LT$impl$u20$core..ops..index..Index$LT$I$GT$$u20$for$u20$$u5b$T$u3b$$u20$N$u5d$$GT$5index17h19b05ee5aadb333dE)
     5bc      5bc        0     1                 $t
     5bd      5bd       52     1                 core::array::_$LT$impl$u20$core..ops..index..Index$LT$I$GT$$u20$for$u20$$u5b$T$u3b$$u20$N$u5d$$GT$::index::h19b05ee5aadb333d
     60e      60e       52     2         /home/elsa/lakers/target/thumbv7em-none-eabihf/debug/deps/client-0ab83696673383ae.9q40h55xivc9dniu1cjti3rok.rcgu.o:(.text._ZN4core5array85_$LT$impl$u20$core..ops..index..Index$LT$I$GT$$u20$for$u20$$u5b$T$u3b$$u20$N$u5d$$GT$5index17h251b6951b39d43b9E)
     60e      60e        0     1                 $t
     60f      60f       52     1                 core::array::_$LT$impl$u20$core..ops..index..Index$LT$I$GT$$u20$for$u20$$u5b$T$u3b$$u20$N$u5d$$GT$::index::h251b6951b39d43b9
     660      660       6a     2         /home/elsa/lakers/target/thumbv7em-none-eabihf/debug/deps/client-0ab83696673383ae.9q40h55xivc9dniu1cjti3rok.rcgu.o:(.text._ZN4core5array85_$LT$impl$u20$core..ops..index..Index$LT$I$GT$$u20$for$u20$$u5b$T$u3b$$u20$N$u5d$$GT$5index17h494860faaccfb8c0E)
     660      660        0     1                 $t
     661      661       6a     1                 core::array::_$LT$impl$u20$core..ops..index..Index$LT$I$GT$$u20$for$u20$$u5b$T$u3b$$u20$N$u5d$$GT$::index::h494860faaccfb8c0
     6ca      6ca       58     2         /home/elsa/lakers/target/thumbv7em-none-eabihf/debug/deps/client-0ab83696673383ae.9q40h55xivc9dniu1cjti3rok.rcgu.o:(.text._ZN4core5array85_$LT$impl$u20$core..ops..index..Index$LT$I$GT$$u20$for$u20$$u5b$T$u3b$$u20$N$u5d$$GT$5index17h6bc722848b5bc4c5E)
     6ca      6ca        0     1                 $t
     6cb      6cb       58     1                 core::array::_$LT$impl$u20$core..ops..index..Index$LT$I$GT$$u20$for$u20$$u5b$T$u3b$$u20$N$u5d$$GT$::index::h6bc722848b5bc4c5
     722      722       18     2         /home/elsa/lakers/target/thumbv7em-none-eabihf/debug/deps/client-0ab83696673383ae.9q40h55xivc9dniu1cjti3rok.rcgu.o:(.text._ZN4core5array85_$LT$impl$u20$core..ops..index..Index$LT$I$GT$$u20$for$u20$$u5b$T$u3b$$u20$N$u5d$$GT$5index17h72b620d32abc2b3bE)
     722      722        0     1                 $t
     723      723       18     1                 core::array::_$LT$impl$u20$core..ops..index..Index$LT$I$GT$$u20$for$u20$$u5b$T$u3b$$u20$N$u5d$$GT$::index::h72b620d32abc2b3b
     73a      73a       6a     2         /home/elsa/lakers/target/thumbv7em-none-eabihf/debug/deps/client-0ab83696673383ae.9q40h55xivc9dniu1cjti3rok.rcgu.o:(.text._ZN4core5array85_$LT$impl$u20$core..ops..index..Index$LT$I$GT$$u20$for$u20$$u5b$T$u3b$$u20$N$u5d$$GT$5index17h99b88eefdb773fd3E)
     73a      73a        0     1                 $t
     73b      73b       6a     1                 core::array::_$LT$impl$u20$core..ops..index..Index$LT$I$GT$$u20$for$u20$$u5b$T$u3b$$u20$N$u5d$$GT$::index::h99b88eefdb773fd3
     7a4      7a4       52     2         /home/elsa/lakers/target/thumbv7em-none-eabihf/debug/deps/client-0ab83696673383ae.9q40h55xivc9dniu1cjti3rok.rcgu.o:(.text._ZN4core5array85_$LT$impl$u20$core..ops..index..Index$LT$I$GT$$u20$for$u20$$u5b$T$u3b$$u20$N$u5d$$GT$5index17ha0e8f3b90e15e8e4E)
     7a4      7a4        0     1                 $t
     7a5      7a5       52     1                 core::array::_$LT$impl$u20$core..ops..index..Index$LT$I$GT$$u20$for$u20$$u5b$T$u3b$$u20$N$u5d$$GT$::index::ha0e8f3b90e15e8e4
     7f6      7f6       22     2         /home/elsa/lakers/target/thumbv7em-none-eabihf/debug/deps/client-0ab83696673383ae.9q40h55xivc9dniu1cjti3rok.rcgu.o:(.text._ZN4core5array85_$LT$impl$u20$core..ops..index..Index$LT$I$GT$$u20$for$u20$$u5b$T$u3b$$u20$N$u5d$$GT$5index17he380512723db1b7cE)
     7f6      7f6        0     1                 $t
     7f7      7f7       22     1                 core::array::_$LT$impl$u20$core..ops..index..Index$LT$I$GT$$u20$for$u20$$u5b$T$u3b$$u20$N$u5d$$GT$::index::he380512723db1b7c
     818      818       52     2         /home/elsa/lakers/target/thumbv7em-none-eabihf/debug/deps/client-0ab83696673383ae.9q40h55xivc9dniu1cjti3rok.rcgu.o:(.text._ZN4core5array85_$LT$impl$u20$core..ops..index..Index$LT$I$GT$$u20$for$u20$$u5b$T$u3b$$u20$N$u5d$$GT$5index17he74706f692049df3E)
     818      818        0     1                 $t
     819      819       52     1                 core::array::_$LT$impl$u20$core..ops..index..Index$LT$I$GT$$u20$for$u20$$u5b$T$u3b$$u20$N$u5d$$GT$::index::he74706f692049df3
     86a      86a       24     2         /home/elsa/lakers/target/thumbv7em-none-eabihf/debug/deps/client-0ab83696673383ae.9q40h55xivc9dniu1cjti3rok.rcgu.o:(.text._ZN4core5array88_$LT$impl$u20$core..ops..index..IndexMut$LT$I$GT$$u20$for$u20$$u5b$T$u3b$$u20$N$u5d$$GT$9index_mut17h07578ef7cc3ea6acE)
     86a      86a        0     1                 $t
     86b      86b       24     1                 core::array::_$LT$impl$u20$core..ops..index..IndexMut$LT$I$GT$$u20$for$u20$$u5b$T$u3b$$u20$N$u5d$$GT$::index_mut::h07578ef7cc3ea6ac
     88e      88e       22     2         /home/elsa/lakers/target/thumbv7em-none-eabihf/debug/deps/client-0ab83696673383ae.9q40h55xivc9dniu1cjti3rok.rcgu.o:(.text._ZN4core5array88_$LT$impl$u20$core..ops..index..IndexMut$LT$I$GT$$u20$for$u20$$u5b$T$u3b$$u20$N$u5d$$GT$9index_mut17h210e4e0b0a919106E)
     88e      88e        0     1                 $t
     88f      88f       22     1                 core::array::_$LT$impl$u20$core..ops..index..IndexMut$LT$I$GT$$u20$for$u20$$u5b$T$u3b$$u20$N$u5d$$GT$::index_mut::h210e4e0b0a919106
     8b0      8b0       18     2         /home/elsa/lakers/target/thumbv7em-none-eabihf/debug/deps/client-0ab83696673383ae.9q40h55xivc9dniu1cjti3rok.rcgu.o:(.text._ZN4core5array88_$LT$impl$u20$core..ops..index..IndexMut$LT$I$GT$$u20$for$u20$$u5b$T$u3b$$u20$N$u5d$$GT$9index_mut17h22b59b0aa869b14eE)
     8b0      8b0        0     1                 $t
     8b1      8b1       18     1                 core::array::_$LT$impl$u20$core..ops..index..IndexMut$LT$I$GT$$u20$for$u20$$u5b$T$u3b$$u20$N$u5d$$GT$::index_mut::h22b59b0aa869b14e
     8c8      8c8       32     2         /home/elsa/lakers/target/thumbv7em-none-eabihf/debug/deps/client-0ab83696673383ae.9q40h55xivc9dniu1cjti3rok.rcgu.o:(.text._ZN4core5array88_$LT$impl$u20$core..ops..index..IndexMut$LT$I$GT$$u20$for$u20$$u5b$T$u3b$$u20$N$u5d$$GT$9index_mut17h3070b9f48ff8891eE)
     8c8      8c8        0     1                 $t
     8c9      8c9       32     1                 core::array::_$LT$impl$u20$core..ops..index..IndexMut$LT$I$GT$$u20$for$u20$$u5b$T$u3b$$u20$N$u5d$$GT$::index_mut::h3070b9f48ff8891e
     8fa      8fa       32     2         /home/elsa/lakers/target/thumbv7em-none-eabihf/debug/deps/client-0ab83696673383ae.9q40h55xivc9dniu1cjti3rok.rcgu.o:(.text._ZN4core5array88_$LT$impl$u20$core..ops..index..IndexMut$LT$I$GT$$u20$for$u20$$u5b$T$u3b$$u20$N$u5d$$GT$9index_mut17h44d935fb02e3af00E)
     8fa      8fa        0     1                 $t
     8fb      8fb       32     1                 core::array::_$LT$impl$u20$core..ops..index..IndexMut$LT$I$GT$$u20$for$u20$$u5b$T$u3b$$u20$N$u5d$$GT$::index_mut::h44d935fb02e3af00
     92c      92c       22     2         /home/elsa/lakers/target/thumbv7em-none-eabihf/debug/deps/client-0ab83696673383ae.9q40h55xivc9dniu1cjti3rok.rcgu.o:(.text._ZN4core5array88_$LT$impl$u20$core..ops..index..IndexMut$LT$I$GT$$u20$for$u20$$u5b$T$u3b$$u20$N$u5d$$GT$9index_mut17h55def66ad9c32d85E)
     92c      92c        0     1                 $t
     92d      92d       22     1                 core::array::_$LT$impl$u20$core..ops..index..IndexMut$LT$I$GT$$u20$for$u20$$u5b$T$u3b$$u20$N$u5d$$GT$::index_mut::h55def66ad9c32d85
     94e      94e       24     2         /home/elsa/lakers/target/thumbv7em-none-eabihf/debug/deps/client-0ab83696673383ae.9q40h55xivc9dniu1cjti3rok.rcgu.o:(.text._ZN4core5array88_$LT$impl$u20$core..ops..index..IndexMut$LT$I$GT$$u20$for$u20$$u5b$T$u3b$$u20$N$u5d$$GT$9index_mut17h6f0a568ec865a732E)
     94e      94e        0     1                 $t
     94f      94f       24     1                 core::array::_$LT$impl$u20$core..ops..index..IndexMut$LT$I$GT$$u20$for$u20$$u5b$T$u3b$$u20$N$u5d$$GT$::index_mut::h6f0a568ec865a732
     972      972       32     2         /home/elsa/lakers/target/thumbv7em-none-eabihf/debug/deps/client-0ab83696673383ae.9q40h55xivc9dniu1cjti3rok.rcgu.o:(.text._ZN4core5array88_$LT$impl$u20$core..ops..index..IndexMut$LT$I$GT$$u20$for$u20$$u5b$T$u3b$$u20$N$u5d$$GT$9index_mut17hb36272f2a722ccfbE)
     972      972        0     1                 $t
     973      973       32     1                 core::array::_$LT$impl$u20$core..ops..index..IndexMut$LT$I$GT$$u20$for$u20$$u5b$T$u3b$$u20$N$u5d$$GT$::index_mut::hb36272f2a722ccfb
     9a4      9a4       34     2         /home/elsa/lakers/target/thumbv7em-none-eabihf/debug/deps/client-0ab83696673383ae.9q40h55xivc9dniu1cjti3rok.rcgu.o:(.text._ZN4core5array88_$LT$impl$u20$core..ops..index..IndexMut$LT$I$GT$$u20$for$u20$$u5b$T$u3b$$u20$N$u5d$$GT$9index_mut17hc63c88d37de4a939E)
     9a4      9a4        0     1                 $t
     9a5      9a5       34     1                 core::array::_$LT$impl$u20$core..ops..index..IndexMut$LT$I$GT$$u20$for$u20$$u5b$T$u3b$$u20$N$u5d$$GT$::index_mut::hc63c88d37de4a939
     9d8      9d8       18     2         /home/elsa/lakers/target/thumbv7em-none-eabihf/debug/deps/client-0ab83696673383ae.9q40h55xivc9dniu1cjti3rok.rcgu.o:(.text._ZN4core5array88_$LT$impl$u20$core..ops..index..IndexMut$LT$I$GT$$u20$for$u20$$u5b$T$u3b$$u20$N$u5d$$GT$9index_mut17hefcb1d5aea6265c7E)
     9d8      9d8        0     1                 $t
     9d9      9d9       18     1                 core::array::_$LT$impl$u20$core..ops..index..IndexMut$LT$I$GT$$u20$for$u20$$u5b$T$u3b$$u20$N$u5d$$GT$::index_mut::hefcb1d5aea6265c7
     9f0      9f0       16     2         /home/elsa/lakers/target/thumbv7em-none-eabihf/debug/deps/client-0ab83696673383ae.9xvaq8ohihkjiinssg5m0igrs.rcgu.o:(.text._ZN50_$LT$T$u20$as$u20$core..convert..Into$LT$U$GT$$GT$4into17hf049f7737c75cdfcE)
     9f0      9f0        0     1                 $t
     9f1      9f1       16     1                 _$LT$T$u20$as$u20$core..convert..Into$LT$U$GT$$GT$::into::hf049f7737c75cdfc
     a06      a06      1a8     2         /home/elsa/lakers/target/thumbv7em-none-eabihf/debug/deps/client-0ab83696673383ae.a2het33xrv86hk0cqjl7gy1gz.rcgu.o:(.text._ZN6lakers5edhoc12compute_th_217hfdeff8faa962c6e0E)
     a06      a06        0     1                 $t
     a07      a07      1a8     1                 lakers::edhoc::compute_th_2::hfdeff8faa962c6e0
     bae      bae      228     2         /home/elsa/lakers/target/thumbv7em-none-eabihf/debug/deps/client-0ab83696673383ae.a2het33xrv86hk0cqjl7gy1gz.rcgu.o:(.text._ZN6lakers5edhoc12compute_th_317h12475660448886deE)
     bae      bae        0     1                 $t
     baf      baf      228     1                 lakers::edhoc::compute_th_3::h12475660448886de
     dd6      dd6      29a     2         /home/elsa/lakers/target/thumbv7em-none-eabihf/debug/deps/client-0ab83696673383ae.a2het33xrv86hk0cqjl7gy1gz.rcgu.o:(.text._ZN6lakers5edhoc12compute_th_417h309a5f9df9debc7aE)
     dd6      dd6        0     1                 $t
     dd7      dd7      29a     1                 lakers::edhoc::compute_th_4::h309a5f9df9debc7a
    1070     1070       2c     2         /home/elsa/lakers/target/thumbv7em-none-eabihf/debug/deps/client-0ab83696673383ae.a2het33xrv86hk0cqjl7gy1gz.rcgu.o:(.text._ZN6lakers5edhoc14compute_prk_2e17hb6daca1aa4dd82fdE)
    1070     1070        0     1                 $t
    1071     1071       2c     1                 lakers::edhoc::compute_prk_2e::hb6daca1aa4dd82fd
    109c     109c       34     2         /home/elsa/lakers/target/thumbv7em-none-eabihf/debug/deps/client-0ab83696673383ae.a2het33xrv86hk0cqjl7gy1gz.rcgu.o:(.text._ZN6lakers5edhoc14edhoc_exporter17hcfa59b09e882e180E)
    109c     109c        0     1                 $t
    109d     109d       34     1                 lakers::edhoc::edhoc_exporter::hcfa59b09e882e180
    10d0     10d0      1b2     2         /home/elsa/lakers/target/thumbv7em-none-eabihf/debug/deps/client-0ab83696673383ae.a2het33xrv86hk0cqjl7gy1gz.rcgu.o:(.text._ZN6lakers5edhoc16compute_k_3_iv_317h67dc3c044a5bfb07E)
    10d0     10d0        0     1                 $t
    10d1     10d1      1b2     1                 lakers::edhoc::compute_k_3_iv_3::h67dc3c044a5bfb07
    1282     1282      1b2     2         /home/elsa/lakers/target/thumbv7em-none-eabihf/debug/deps/client-0ab83696673383ae.a2het33xrv86hk0cqjl7gy1gz.rcgu.o:(.text._ZN6lakers5edhoc16compute_k_4_iv_417h83d94778d566ff98E)
    1282     1282        0     1                 $t
    1283     1283      1b2     1                 lakers::edhoc::compute_k_4_iv_4::h83d94778d566ff98
    1434     1434       e6     2         /home/elsa/lakers/target/thumbv7em-none-eabihf/debug/deps/client-0ab83696673383ae.a2het33xrv86hk0cqjl7gy1gz.rcgu.o:(.text._ZN6lakers5edhoc17compute_salt_4e3m17h441a27c577cb98eeE)
    1434     1434        0     1                 $t
    1435     1435       e6     1                 lakers::edhoc::compute_salt_4e3m::h441a27c577cb98ee
    151a     151a      174     2         /home/elsa/lakers/target/thumbv7em-none-eabihf/debug/deps/client-0ab83696673383ae.a2het33xrv86hk0cqjl7gy1gz.rcgu.o:(.text._ZN6lakers5edhoc17decrypt_message_417h7ed59802e0c540aeE)
    151a     151a        0     1                 $t
    151b     151b      174     1                 lakers::edhoc::decrypt_message_4::h7ed59802e0c540ae
    168e     168e      18e     2         /home/elsa/lakers/target/thumbv7em-none-eabihf/debug/deps/client-0ab83696673383ae.a2het33xrv86hk0cqjl7gy1gz.rcgu.o:(.text._ZN6lakers5edhoc17encrypt_message_317h0ea7ecbededacb5eE)
    168e     168e        0     1                 $t
    168f     168f      18e     1                 lakers::edhoc::encrypt_message_3::h0ea7ecbededacb5e
    181c     181c      366     2         /home/elsa/lakers/target/thumbv7em-none-eabihf/debug/deps/client-0ab83696673383ae.a2het33xrv86hk0cqjl7gy1gz.rcgu.o:(.text._ZN6lakers5edhoc17i_parse_message_217h6bb32b31f5ee1517E)
    181c     181c        0     1                 $t
    181d     181d      366     1                 lakers::edhoc::i_parse_message_2::h6bb32b31f5ee1517
    1b82     1b82       7c     2         /home/elsa/lakers/target/thumbv7em-none-eabihf/debug/deps/client-0ab83696673383ae.a2het33xrv86hk0cqjl7gy1gz.rcgu.o:(.text._ZN6lakers5edhoc17i_parse_message_228_$u7b$$u7b$closure$u7d$$u7d$17h92992342bb7f454cE)
    1b82     1b82        0     1                 $t
    1b83     1b83       7c     1                 lakers::edhoc::i_parse_message_2::_$u7b$$u7b$closure$u7d$$u7d$::h92992342bb7f454c
    1bfe     1bfe      214     2         /home/elsa/lakers/target/thumbv7em-none-eabihf/debug/deps/client-0ab83696673383ae.a2het33xrv86hk0cqjl7gy1gz.rcgu.o:(.text._ZN6lakers5edhoc17i_parse_message_417h44d1503359e077f5E)
    1bfe     1bfe        0     1                 $t
    1bff     1bff      214     1                 lakers::edhoc::i_parse_message_4::h44d1503359e077f5
    1e12     1e12       c2     2         /home/elsa/lakers/target/thumbv7em-none-eabihf/debug/deps/client-0ab83696673383ae.a2het33xrv86hk0cqjl7gy1gz.rcgu.o:(.text._ZN6lakers5edhoc18i_verify_message_217h9898bf603de294f8E)
    1e12     1e12        0     1                 $t
    1e13     1e13       c2     1                 lakers::edhoc::i_verify_message_2::h9898bf603de294f8
    1ed4     1ed4      1b8     2         /home/elsa/lakers/target/thumbv7em-none-eabihf/debug/deps/client-0ab83696673383ae.a2het33xrv86hk0cqjl7gy1gz.rcgu.o:(.text._ZN6lakers5edhoc18i_verify_message_417h6e1966bd596a66d7E)
    1ed4     1ed4        0     1                 $t
    1ed5     1ed5      1b8     1                 lakers::edhoc::i_verify_message_4::h6e1966bd596a66d7
    208c     208c      166     2         /home/elsa/lakers/target/thumbv7em-none-eabihf/debug/deps/client-0ab83696673383ae.a2het33xrv86hk0cqjl7gy1gz.rcgu.o:(.text._ZN6lakers5edhoc19i_prepare_message_117h51b3061a597118b9E)
    208c     208c        0     1                 $t
    208d     208d      166     1                 lakers::edhoc::i_prepare_message_1::h51b3061a597118b9
    21f2     21f2      41c     2         /home/elsa/lakers/target/thumbv7em-none-eabihf/debug/deps/client-0ab83696673383ae.a2het33xrv86hk0cqjl7gy1gz.rcgu.o:(.text._ZN6lakers5edhoc19i_prepare_message_317hd6843ceba0020af2E)
    21f2     21f2        0     1                 $t
    21f3     21f3      41c     1                 lakers::edhoc::i_prepare_message_3::hd6843ceba0020af2
    260e     260e       6c     2         /home/elsa/lakers/target/thumbv7em-none-eabihf/debug/deps/client-0ab83696673383ae.a2het33xrv86hk0cqjl7gy1gz.rcgu.o:(.text._ZN6lakers5edhoc20compute_prk_3e2m_psk17h3d0d9920feeebdf0E)
    260e     260e        0     1                 $t
    260f     260f       6c     1                 lakers::edhoc::compute_prk_3e2m_psk::h3d0d9920feeebdf0
    267a     267a      136     2         /home/elsa/lakers/target/thumbv7em-none-eabihf/debug/deps/client-0ab83696673383ae.a2het33xrv86hk0cqjl7gy1gz.rcgu.o:(.text._ZN6lakers5edhoc28encrypt_decrypt_ciphertext_217h197e728864dd8428E)
    267a     267a        0     1                 $t
    267b     267b      136     1                 lakers::edhoc::encrypt_decrypt_ciphertext_2::h197e728864dd8428
    27b0     27b0      136     2         /home/elsa/lakers/target/thumbv7em-none-eabihf/debug/deps/client-0ab83696673383ae.a2het33xrv86hk0cqjl7gy1gz.rcgu.o:(.text._ZN6lakers5edhoc29encrypt_decrypt_ciphertext_3a17hbebfad78d9949da3E)
    27b0     27b0        0     1                 $t
    27b1     27b1      136     1                 lakers::edhoc::encrypt_decrypt_ciphertext_3a::hbebfad78d9949da3
    28e6     28e6       68     2         /home/elsa/lakers/target/thumbv7em-none-eabihf/debug/deps/client-0ab83696673383ae.a2het33xrv86hk0cqjl7gy1gz.rcgu.o:(.text._ZN6lakers5edhoc9edhoc_kdf17h6ecea58c15661eefE)
    28e6     28e6        0     1                 $t
    28e7     28e7       68     1                 lakers::edhoc::edhoc_kdf::h6ecea58c15661eef
    294e     294e       50     2         /home/elsa/lakers/target/thumbv7em-none-eabihf/debug/deps/client-0ab83696673383ae.a41m9jfv19w4e4rlkfxe2zz99.rcgu.o:(.text._ZN14nrf_hal_common15slice_in_ram_or17he4b30a38d7493677E)
    294e     294e        0     1                 $t
    294f     294f       50     1                 nrf_hal_common::slice_in_ram_or::he4b30a38d7493677
    299e     299e       22     2         /home/elsa/lakers/target/thumbv7em-none-eabihf/debug/deps/client-0ab83696673383ae.b0qcg8wit4juufzuapvse9wpn.rcgu.o:(.text._ZN5defmt6export3fmt17h82fe07c718a835eeE)
    299e     299e        0     1                 $t
    299f     299f       22     1                 defmt::export::fmt::h82fe07c718a835ee
    29c0     29c0       2a     2         /home/elsa/lakers/target/thumbv7em-none-eabihf/debug/deps/client-0ab83696673383ae.b0qcg8wit4juufzuapvse9wpn.rcgu.o:(.text._ZN5defmt6export3fmt17ha55e9ec4aef129d4E)
    29c0     29c0        0     1                 $t
    29c1     29c1       2a     1                 defmt::export::fmt::ha55e9ec4aef129d4
    29ea     29ea       50     2         /home/elsa/lakers/target/thumbv7em-none-eabihf/debug/deps/client-0ab83696673383ae.b0qcg8wit4juufzuapvse9wpn.rcgu.o:(.text._ZN5defmt6export9fmt_slice17h3e8f0879ae402d37E)
    29ea     29ea        0     1                 $t
    29eb     29eb       50     1                 defmt::export::fmt_slice::h3e8f0879ae402d37
    2a3a     2a3a        4     2         /home/elsa/lakers/target/thumbv7em-none-eabihf/debug/deps/client-0ab83696673383ae.bik28pz105wrmvzr38j63yi6l.rcgu.o:(.text._ZN8cortex_m3asm3wfe17hd94d2c476af86257E)
    2a3a     2a3a        0     1                 $t
    2a3b     2a3b        4     1                 cortex_m::asm::wfe::hd94d2c476af86257
    2a3e     2a3e        8     2         /home/elsa/lakers/target/thumbv7em-none-eabihf/debug/deps/client-0ab83696673383ae.bkeylgd3bki7v84lawahp5e69.rcgu.o:(.text.main)
    2a3e     2a3e        0     1                 $t
    2a3f     2a3f        8     1                 main
    2a46     2a46     12f2     2         /home/elsa/lakers/target/thumbv7em-none-eabihf/debug/deps/client-0ab83696673383ae.bkeylgd3bki7v84lawahp5e69.rcgu.o:(.text._ZN6client18__cortex_m_rt_main17h4ec0e10e5bd58603E)
    2a46     2a46        0     1                 $t
    2a47     2a47     12f2     1                 client::__cortex_m_rt_main::h4ec0e10e5bd58603
    3d38     3d38       48     2         /home/elsa/lakers/target/thumbv7em-none-eabihf/debug/deps/client-0ab83696673383ae.bunkw5af2nd5xig6msl8ig3nk.rcgu.o:(.text._ZN6lakers28EdhocInitiator$LT$Crypto$GT$12set_identity17hdb4b3305ced7455cE)
    3d38     3d38        0     1                 $t
    3d39     3d39       48     1                 lakers::EdhocInitiator$LT$Crypto$GT$::set_identity::hdb4b3305ced7455c
    3d80     3d80      11a     2         /home/elsa/lakers/target/thumbv7em-none-eabihf/debug/deps/client-0ab83696673383ae.bunkw5af2nd5xig6msl8ig3nk.rcgu.o:(.text._ZN6lakers28EdhocInitiator$LT$Crypto$GT$17prepare_message_117hd253cede88731915E)
    3d80     3d80        0     1                 $t
    3d81     3d81      11a     1                 lakers::EdhocInitiator$LT$Crypto$GT$::prepare_message_1::hd253cede88731915
    3e9a     3e9a      126     2         /home/elsa/lakers/target/thumbv7em-none-eabihf/debug/deps/client-0ab83696673383ae.bunkw5af2nd5xig6msl8ig3nk.rcgu.o:(.text._ZN6lakers28EdhocInitiator$LT$Crypto$GT$3new17h714f7fabaf6b2d2fE)
    3e9a     3e9a        0     1                 $t
    3e9b     3e9b      126     1                 lakers::EdhocInitiator$LT$Crypto$GT$::new::h714f7fabaf6b2d2f
    3fc0     3fc0       3e     2         /home/elsa/lakers/target/thumbv7em-none-eabihf/debug/deps/client-0ab83696673383ae.bunkw5af2nd5xig6msl8ig3nk.rcgu.o:(.text._ZN6lakers30generate_connection_identifier17h3b166b2f05779365E)
    3fc0     3fc0        0     1                 $t
    3fc1     3fc1       3e     1                 lakers::generate_connection_identifier::h3b166b2f05779365
    3ffe     3ffe       72     2         /home/elsa/lakers/target/thumbv7em-none-eabihf/debug/deps/client-0ab83696673383ae.bunkw5af2nd5xig6msl8ig3nk.rcgu.o:(.text._ZN6lakers32EdhocInitiatorDone$LT$Crypto$GT$14edhoc_exporter17h67af4bacee31383dE)
    3ffe     3ffe        0     1                 $t
    3fff     3fff       72     1                 lakers::EdhocInitiatorDone$LT$Crypto$GT$::edhoc_exporter::h67af4bacee31383d
    4070     4070      118     2         /home/elsa/lakers/target/thumbv7em-none-eabihf/debug/deps/client-0ab83696673383ae.bunkw5af2nd5xig6msl8ig3nk.rcgu.o:(.text._ZN6lakers34EdhocInitiatorWaitM2$LT$Crypto$GT$15parse_message_217hb9fe394b5bee8333E)
    4070     4070        0     1                 $t
    4071     4071      118     1                 lakers::EdhocInitiatorWaitM2$LT$Crypto$GT$::parse_message_2::hb9fe394b5bee8333
    4188     4188       de     2         /home/elsa/lakers/target/thumbv7em-none-eabihf/debug/deps/client-0ab83696673383ae.bunkw5af2nd5xig6msl8ig3nk.rcgu.o:(.text._ZN6lakers34EdhocInitiatorWaitM4$LT$Crypto$GT$15parse_message_417h098d36ef693c951eE)
    4188     4188        0     1                 $t
    4189     4189       de     1                 lakers::EdhocInitiatorWaitM4$LT$Crypto$GT$::parse_message_4::h098d36ef693c951e
    4266     4266       8a     2         /home/elsa/lakers/target/thumbv7em-none-eabihf/debug/deps/client-0ab83696673383ae.bunkw5af2nd5xig6msl8ig3nk.rcgu.o:(.text._ZN6lakers35generate_connection_identifier_cbor17h3054c3c72073c1d1E)
    4266     4266        0     1                 $t
    4267     4267       8a     1                 lakers::generate_connection_identifier_cbor::h3054c3c72073c1d1
    42f0     42f0      166     2         /home/elsa/lakers/target/thumbv7em-none-eabihf/debug/deps/client-0ab83696673383ae.bunkw5af2nd5xig6msl8ig3nk.rcgu.o:(.text._ZN6lakers39EdhocInitiatorProcessedM2$LT$Crypto$GT$17prepare_message_317hf10f2c2703bda5bdE)
    42f0     42f0        0     1                 $t
    42f1     42f1      166     1                 lakers::EdhocInitiatorProcessedM2$LT$Crypto$GT$::prepare_message_3::hf10f2c2703bda5bd
    4456     4456       c4     2         /home/elsa/lakers/target/thumbv7em-none-eabihf/debug/deps/client-0ab83696673383ae.bunkw5af2nd5xig6msl8ig3nk.rcgu.o:(.text._ZN6lakers40EdhocInitiatorProcessingM2$LT$Crypto$GT$16verify_message_217ha1eeee62b04d2dc7E)
    4456     4456        0     1                 $t
    4457     4457       c4     1                 lakers::EdhocInitiatorProcessingM2$LT$Crypto$GT$::verify_message_2::ha1eeee62b04d2dc7
    451a     451a       c4     2         /home/elsa/lakers/target/thumbv7em-none-eabihf/debug/deps/client-0ab83696673383ae.bunkw5af2nd5xig6msl8ig3nk.rcgu.o:(.text._ZN6lakers40EdhocInitiatorProcessingM4$LT$Crypto$GT$16verify_message_417h10f6d1ae917ccca9E)
    451a     451a        0     1                 $t
    451b     451b       c4     1                 lakers::EdhocInitiatorProcessingM4$LT$Crypto$GT$::verify_message_4::h10f6d1ae917ccca9
    45de     45de       3a     2         /home/elsa/lakers/target/thumbv7em-none-eabihf/debug/deps/client-0ab83696673383ae.c2ts4fe8jhaz2o1ta4kzhc6m2.rcgu.o:(.text._ZN130_$LT$nrf_hal_common..gpio..Pin$LT$nrf_hal_common..gpio..Output$LT$MODE$GT$$GT$$u20$as$u20$embedded_hal..digital..v2..OutputPin$GT$8set_high17h51082d63ce3983f6E)
    45de     45de        0     1                 $t
    45df     45df       3a     1                 _$LT$nrf_hal_common..gpio..Pin$LT$nrf_hal_common..gpio..Output$LT$MODE$GT$$GT$$u20$as$u20$embedded_hal..digital..v2..OutputPin$GT$::set_high::h51082d63ce3983f6
    4618     4618       48     2         /home/elsa/lakers/target/thumbv7em-none-eabihf/debug/deps/client-0ab83696673383ae.c2ts4fe8jhaz2o1ta4kzhc6m2.rcgu.o:(.text._ZN130_$LT$nrf_hal_common..gpio..Pin$LT$nrf_hal_common..gpio..Output$LT$MODE$GT$$GT$$u20$as$u20$embedded_hal..digital..v2..OutputPin$GT$8set_high28_$u7b$$u7b$closure$u7d$$u7d$17h7a56b2c58e15993dE)
    4618     4618        0     1                 $t
    4619     4619       48     1                 _$LT$nrf_hal_common..gpio..Pin$LT$nrf_hal_common..gpio..Output$LT$MODE$GT$$GT$$u20$as$u20$embedded_hal..digital..v2..OutputPin$GT$::set_high::_$u7b$$u7b$closure$u7d$$u7d$::h7a56b2c58e15993d
    4660     4660       34     2         /home/elsa/lakers/target/thumbv7em-none-eabihf/debug/deps/client-0ab83696673383ae.c2ts4fe8jhaz2o1ta4kzhc6m2.rcgu.o:(.text._ZN14nrf_hal_common4gpio15Pin$LT$MODE$GT$3new17ha7feade34a2cf7f4E)
    4660     4660        0     1                 $t
    4661     4661       34     1                 nrf_hal_common::gpio::Pin$LT$MODE$GT$::new::ha7feade34a2cf7f4
    4694     4694       34     2         /home/elsa/lakers/target/thumbv7em-none-eabihf/debug/deps/client-0ab83696673383ae.c2ts4fe8jhaz2o1ta4kzhc6m2.rcgu.o:(.text._ZN14nrf_hal_common4gpio15Pin$LT$MODE$GT$3new17hde0ca03e9c096277E)
    4694     4694        0     1                 $t
    4695     4695       34     1                 nrf_hal_common::gpio::Pin$LT$MODE$GT$::new::hde0ca03e9c096277
    46c8     46c8       34     2         /home/elsa/lakers/target/thumbv7em-none-eabihf/debug/deps/client-0ab83696673383ae.c2ts4fe8jhaz2o1ta4kzhc6m2.rcgu.o:(.text._ZN14nrf_hal_common4gpio15Pin$LT$MODE$GT$5block17h6ae09705f283471aE)
    46c8     46c8        0     1                 $t
    46c9     46c9       34     1                 nrf_hal_common::gpio::Pin$LT$MODE$GT$::block::h6ae09705f283471a
    46fc     46fc       4a     2         /home/elsa/lakers/target/thumbv7em-none-eabihf/debug/deps/client-0ab83696673383ae.ceo8faex5uca519h5si6ci6vg.rcgu.o:(.text._ZN50_$LT$$LP$U$C$T$RP$$u20$as$u20$core..fmt..Debug$GT$3fmt17h7337901c18bed26cE)
    46fc     46fc        0     1                 $t
    46fd     46fd       4a     1                 _$LT$$LP$U$C$T$RP$$u20$as$u20$core..fmt..Debug$GT$::fmt::h7337901c18bed26c
    4746     4746        e     2         /home/elsa/lakers/target/thumbv7em-none-eabihf/debug/deps/client-0ab83696673383ae.ceo8faex5uca519h5si6ci6vg.rcgu.o:(.text._ZN50_$LT$T$u20$as$u20$core..convert..Into$LT$U$GT$$GT$4into17h34c5a2d544f01544E)
    4746     4746        0     1                 $t
    4747     4747        e     1                 _$LT$T$u20$as$u20$core..convert..Into$LT$U$GT$$GT$::into::h34c5a2d544f01544
    4754     4754        e     2         /home/elsa/lakers/target/thumbv7em-none-eabihf/debug/deps/client-0ab83696673383ae.ceo8faex5uca519h5si6ci6vg.rcgu.o:(.text._ZN50_$LT$T$u20$as$u20$core..convert..Into$LT$U$GT$$GT$4into17hf3321e38b97387acE)
    4754     4754        0     1                 $t
    4755     4755        e     1                 _$LT$T$u20$as$u20$core..convert..Into$LT$U$GT$$GT$::into::hf3321e38b97387ac
    4762     4762        c     2         /home/elsa/lakers/target/thumbv7em-none-eabihf/debug/deps/client-0ab83696673383ae.clv0yid0qxmpdhzxiumq98etr.rcgu.o:(.text._ZN50_$LT$T$u20$as$u20$core..convert..Into$LT$U$GT$$GT$4into17h58cf6b8d468ac0c2E)
    4762     4762        0     1                 $t
    4763     4763        c     1                 _$LT$T$u20$as$u20$core..convert..Into$LT$U$GT$$GT$::into::h58cf6b8d468ac0c2
    476e     476e       24     2         /home/elsa/lakers/target/thumbv7em-none-eabihf/debug/deps/client-0ab83696673383ae.cq8xovc2rw1psix0852fd1r2q.rcgu.o:(.text._ZN153_$LT$core..result..Result$LT$T$C$F$GT$$u20$as$u20$core..ops..try_trait..FromResidual$LT$core..result..Result$LT$core..convert..Infallible$C$E$GT$$GT$$GT$13from_residual17h013accc601a0ed72E)
    476e     476e        0     1                 $t
    476f     476f       24     1                 _$LT$core..result..Result$LT$T$C$F$GT$$u20$as$u20$core..ops..try_trait..FromResidual$LT$core..result..Result$LT$core..convert..Infallible$C$E$GT$$GT$$GT$::from_residual::h013accc601a0ed72
    4792     4792       22     2         /home/elsa/lakers/target/thumbv7em-none-eabihf/debug/deps/client-0ab83696673383ae.cq8xovc2rw1psix0852fd1r2q.rcgu.o:(.text._ZN153_$LT$core..result..Result$LT$T$C$F$GT$$u20$as$u20$core..ops..try_trait..FromResidual$LT$core..result..Result$LT$core..convert..Infallible$C$E$GT$$GT$$GT$13from_residual17h0ebf3f1376ad1259E)
    4792     4792        0     1                 $t
    4793     4793       22     1                 _$LT$core..result..Result$LT$T$C$F$GT$$u20$as$u20$core..ops..try_trait..FromResidual$LT$core..result..Result$LT$core..convert..Infallible$C$E$GT$$GT$$GT$::from_residual::h0ebf3f1376ad1259
    47b4     47b4       1e     2         /home/elsa/lakers/target/thumbv7em-none-eabihf/debug/deps/client-0ab83696673383ae.cq8xovc2rw1psix0852fd1r2q.rcgu.o:(.text._ZN153_$LT$core..result..Result$LT$T$C$F$GT$$u20$as$u20$core..ops..try_trait..FromResidual$LT$core..result..Result$LT$core..convert..Infallible$C$E$GT$$GT$$GT$13from_residual17h56d42a58cca69466E)
    47b4     47b4        0     1                 $t
    47b5     47b5       1e     1                 _$LT$core..result..Result$LT$T$C$F$GT$$u20$as$u20$core..ops..try_trait..FromResidual$LT$core..result..Result$LT$core..convert..Infallible$C$E$GT$$GT$$GT$::from_residual::h56d42a58cca69466
    47d2     47d2       24     2         /home/elsa/lakers/target/thumbv7em-none-eabihf/debug/deps/client-0ab83696673383ae.cq8xovc2rw1psix0852fd1r2q.rcgu.o:(.text._ZN153_$LT$core..result..Result$LT$T$C$F$GT$$u20$as$u20$core..ops..try_trait..FromResidual$LT$core..result..Result$LT$core..convert..Infallible$C$E$GT$$GT$$GT$13from_residual17h6677e269ef50dfcdE)
    47d2     47d2        0     1                 $t
    47d3     47d3       24     1                 _$LT$core..result..Result$LT$T$C$F$GT$$u20$as$u20$core..ops..try_trait..FromResidual$LT$core..result..Result$LT$core..convert..Infallible$C$E$GT$$GT$$GT$::from_residual::h6677e269ef50dfcd
    47f6     47f6       22     2         /home/elsa/lakers/target/thumbv7em-none-eabihf/debug/deps/client-0ab83696673383ae.cq8xovc2rw1psix0852fd1r2q.rcgu.o:(.text._ZN153_$LT$core..result..Result$LT$T$C$F$GT$$u20$as$u20$core..ops..try_trait..FromResidual$LT$core..result..Result$LT$core..convert..Infallible$C$E$GT$$GT$$GT$13from_residual17he00349f643571bb3E)
    47f6     47f6        0     1                 $t
    47f7     47f7       22     1                 _$LT$core..result..Result$LT$T$C$F$GT$$u20$as$u20$core..ops..try_trait..FromResidual$LT$core..result..Result$LT$core..convert..Infallible$C$E$GT$$GT$$GT$::from_residual::he00349f643571bb3
    4818     4818       4a     2         /home/elsa/lakers/target/thumbv7em-none-eabihf/debug/deps/client-0ab83696673383ae.cq8xovc2rw1psix0852fd1r2q.rcgu.o:(.text._ZN4core6result19Result$LT$T$C$E$GT$10unwrap_err17h95d67d1ede658772E)
    4818     4818        0     1                 $t
    4819     4819       4a     1                 core::result::Result$LT$T$C$E$GT$::unwrap_err::h95d67d1ede658772
    4862     4862       66     2         /home/elsa/lakers/target/thumbv7em-none-eabihf/debug/deps/client-0ab83696673383ae.cq8xovc2rw1psix0852fd1r2q.rcgu.o:(.text._ZN4core6result19Result$LT$T$C$E$GT$3map17h85b06938928eb703E)
    4862     4862        0     1                 $t
    4863     4863       66     1                 core::result::Result$LT$T$C$E$GT$::map::h85b06938928eb703
    48c8     48c8       68     2         /home/elsa/lakers/target/thumbv7em-none-eabihf/debug/deps/client-0ab83696673383ae.cq8xovc2rw1psix0852fd1r2q.rcgu.o:(.text._ZN4core6result19Result$LT$T$C$E$GT$6expect17hdde932e8528b42a1E)
    48c8     48c8        0     1                 $t
    48c9     48c9       68     1                 core::result::Result$LT$T$C$E$GT$::expect::hdde932e8528b42a1
    4930     4930       54     2         /home/elsa/lakers/target/thumbv7em-none-eabihf/debug/deps/client-0ab83696673383ae.cq8xovc2rw1psix0852fd1r2q.rcgu.o:(.text._ZN79_$LT$core..result..Result$LT$T$C$E$GT$$u20$as$u20$core..ops..try_trait..Try$GT$6branch17h502e9bf2db1658adE)
    4930     4930        0     1                 $t
    4931     4931       54     1                 _$LT$core..result..Result$LT$T$C$E$GT$$u20$as$u20$core..ops..try_trait..Try$GT$::branch::h502e9bf2db1658ad
    4984     4984       32     2         /home/elsa/lakers/target/thumbv7em-none-eabihf/debug/deps/client-0ab83696673383ae.cq8xovc2rw1psix0852fd1r2q.rcgu.o:(.text._ZN79_$LT$core..result..Result$LT$T$C$E$GT$$u20$as$u20$core..ops..try_trait..Try$GT$6branch17hc81658fa7f7a380bE)
    4984     4984        0     1                 $t
    4985     4985       32     1                 _$LT$core..result..Result$LT$T$C$E$GT$$u20$as$u20$core..ops..try_trait..Try$GT$::branch::hc81658fa7f7a380b
    49b6     49b6        e     2         /home/elsa/lakers/target/thumbv7em-none-eabihf/debug/deps/client-0ab83696673383ae.cxv4axeene570984on9k7w416.rcgu.o:(.text._ZN4core6option15Option$LT$T$GT$7is_some17h7de68e5a3b57fadfE)
    49b6     49b6        0     1                 $t
    49b7     49b7        e     1                 core::option::Option$LT$T$GT$::is_some::h7de68e5a3b57fadf
    49c4     49c4        e     2         /home/elsa/lakers/target/thumbv7em-none-eabihf/debug/deps/client-0ab83696673383ae.cxv4axeene570984on9k7w416.rcgu.o:(.text._ZN4core6option15Option$LT$T$GT$7is_some17he3a5ea384c3fe2d2E)
    49c4     49c4        0     1                 $t
    49c5     49c5        e     1                 core::option::Option$LT$T$GT$::is_some::he3a5ea384c3fe2d2
    49d2     49d2       3e     2         /home/elsa/lakers/target/thumbv7em-none-eabihf/debug/deps/client-0ab83696673383ae.cxv4axeene570984on9k7w416.rcgu.o:(.text._ZN68_$LT$core..option..Option$LT$T$GT$$u20$as$u20$core..clone..Clone$GT$5clone17h37f1d1194bfa3929E)
    49d2     49d2        0     1                 $t
    49d3     49d3       3e     1                 _$LT$core..option..Option$LT$T$GT$$u20$as$u20$core..clone..Clone$GT$::clone::h37f1d1194bfa3929
    4a10     4a10       40     2         /home/elsa/lakers/target/thumbv7em-none-eabihf/debug/deps/client-0ab83696673383ae.cxv4axeene570984on9k7w416.rcgu.o:(.text._ZN68_$LT$core..option..Option$LT$T$GT$$u20$as$u20$core..clone..Clone$GT$5clone17ha40402f9595ebf72E)
    4a10     4a10        0     1                 $t
    4a11     4a11       40     1                 _$LT$core..option..Option$LT$T$GT$$u20$as$u20$core..clone..Clone$GT$::clone::ha40402f9595ebf72
    4a50     4a50       40     2         /home/elsa/lakers/target/thumbv7em-none-eabihf/debug/deps/client-0ab83696673383ae.cxv4axeene570984on9k7w416.rcgu.o:(.text._ZN68_$LT$core..option..Option$LT$T$GT$$u20$as$u20$core..clone..Clone$GT$5clone17he7a55c7f327c721cE)
    4a50     4a50        0     1                 $t
    4a51     4a51       40     1                 _$LT$core..option..Option$LT$T$GT$$u20$as$u20$core..clone..Clone$GT$::clone::he7a55c7f327c721c
    4a90     4a90       38     2         /home/elsa/lakers/target/thumbv7em-none-eabihf/debug/deps/client-0ab83696673383ae.cxv4axeene570984on9k7w416.rcgu.o:(.text._ZN68_$LT$core..option..Option$LT$T$GT$$u20$as$u20$core..clone..Clone$GT$5clone17hf8fdff36814b9bc6E)
    4a90     4a90        0     1                 $t
    4a91     4a91       38     1                 _$LT$core..option..Option$LT$T$GT$$u20$as$u20$core..clone..Clone$GT$::clone::hf8fdff36814b9bc6
    4ac8     4ac8       1a     2         /home/elsa/lakers/target/thumbv7em-none-eabihf/debug/deps/client-0ab83696673383ae.d0zumlb32w4u666z5vfw1qx7b.rcgu.o:(.text._ZN8cortex_m9interrupt6enable17hafd8129457618f5fE)
    4ac8     4ac8        0     1                 $t
    4ac9     4ac9       1a     1                 cortex_m::interrupt::enable::hafd8129457618f5f
    4ae2     4ae2       1a     2         /home/elsa/lakers/target/thumbv7em-none-eabihf/debug/deps/client-0ab83696673383ae.d0zumlb32w4u666z5vfw1qx7b.rcgu.o:(.text._ZN8cortex_m9interrupt7disable17h5cb708e85f34d113E)
    4ae2     4ae2        0     1                 $t
    4ae3     4ae3       1a     1                 cortex_m::interrupt::disable::h5cb708e85f34d113
    4afc     4afc       12     2         /home/elsa/lakers/target/thumbv7em-none-eabihf/debug/deps/client-0ab83696673383ae.d50czicp5hfn3rhxul9qhux3c.rcgu.o:(.text._ZN50_$LT$T$u20$as$u20$core..convert..Into$LT$U$GT$$GT$4into17hf78520a17633ad55E)
    4afc     4afc        0     1                 $t
    4afd     4afd       12     1                 _$LT$T$u20$as$u20$core..convert..Into$LT$U$GT$$GT$::into::hf78520a17633ad55
    4b0e     4b0e       5c     2         /home/elsa/lakers/target/thumbv7em-none-eabihf/debug/deps/client-0ab83696673383ae.d9c6scm350gbqvfzs7fa5z1qy.rcgu.o:(.text._ZN6client18__cortex_m_rt_main28_$u7b$$u7b$closure$u7d$$u7d$17h99fb493795bf0014E)
    4b0e     4b0e        0     1                 $t
    4b0f     4b0f       5c     1                 client::__cortex_m_rt_main::_$u7b$$u7b$closure$u7d$$u7d$::h99fb493795bf0014
    4b6a     4b6a       5c     2         /home/elsa/lakers/target/thumbv7em-none-eabihf/debug/deps/client-0ab83696673383ae.d9c6scm350gbqvfzs7fa5z1qy.rcgu.o:(.text._ZN6client18__cortex_m_rt_main28_$u7b$$u7b$closure$u7d$$u7d$17hd993a08ca63940e3E)
    4b6a     4b6a        0     1                 $t
    4b6b     4b6b       5c     1                 client::__cortex_m_rt_main::_$u7b$$u7b$closure$u7d$$u7d$::hd993a08ca63940e3
    4bc6     4bc6        8     2         /home/elsa/lakers/target/thumbv7em-none-eabihf/debug/deps/client-0ab83696673383ae.dusdxy9n5oofhhljsqig6ae56.rcgu.o:(.text._ZN14nrf_hal_common5uarte14Uarte$LT$T$GT$35apply_workaround_for_enable_anomaly17h448416f27a43e608E)
    4bc6     4bc6        0     1                 $t
    4bc7     4bc7        8     1                 nrf_hal_common::uarte::Uarte$LT$T$GT$::apply_workaround_for_enable_anomaly::h448416f27a43e608
    4bce     4bce      25e     2         /home/elsa/lakers/target/thumbv7em-none-eabihf/debug/deps/client-0ab83696673383ae.dusdxy9n5oofhhljsqig6ae56.rcgu.o:(.text._ZN14nrf_hal_common5uarte14Uarte$LT$T$GT$3new17hf041d4b485b76618E)
    4bce     4bce        0     1                 $t
    4bcf     4bcf      25e     1                 nrf_hal_common::uarte::Uarte$LT$T$GT$::new::hf041d4b485b76618
    4e2c     4e2c       16     2         /home/elsa/lakers/target/thumbv7em-none-eabihf/debug/deps/client-0ab83696673383ae.dusdxy9n5oofhhljsqig6ae56.rcgu.o:(.text._ZN14nrf_hal_common5uarte14Uarte$LT$T$GT$3new28_$u7b$$u7b$closure$u7d$$u7d$17h3bf5bc26abf377adE)
    4e2c     4e2c        0     1                 $t
    4e2d     4e2d       16     1                 nrf_hal_common::uarte::Uarte$LT$T$GT$::new::_$u7b$$u7b$closure$u7d$$u7d$::h3bf5bc26abf377ad
    4e42     4e42       5c     2         /home/elsa/lakers/target/thumbv7em-none-eabihf/debug/deps/client-0ab83696673383ae.dusdxy9n5oofhhljsqig6ae56.rcgu.o:(.text._ZN14nrf_hal_common5uarte14Uarte$LT$T$GT$3new28_$u7b$$u7b$closure$u7d$$u7d$17h417c2ba57e427c89E)
    4e42     4e42        0     1                 $t
    4e43     4e43       5c     1                 nrf_hal_common::uarte::Uarte$LT$T$GT$::new::_$u7b$$u7b$closure$u7d$$u7d$::h417c2ba57e427c89
    4e9e     4e9e       5c     2         /home/elsa/lakers/target/thumbv7em-none-eabihf/debug/deps/client-0ab83696673383ae.dusdxy9n5oofhhljsqig6ae56.rcgu.o:(.text._ZN14nrf_hal_common5uarte14Uarte$LT$T$GT$3new28_$u7b$$u7b$closure$u7d$$u7d$17h826a5df640e5a3a0E)
    4e9e     4e9e        0     1                 $t
    4e9f     4e9f       5c     1                 nrf_hal_common::uarte::Uarte$LT$T$GT$::new::_$u7b$$u7b$closure$u7d$$u7d$::h826a5df640e5a3a0
    4efa     4efa       44     2         /home/elsa/lakers/target/thumbv7em-none-eabihf/debug/deps/client-0ab83696673383ae.dusdxy9n5oofhhljsqig6ae56.rcgu.o:(.text._ZN14nrf_hal_common5uarte14Uarte$LT$T$GT$3new28_$u7b$$u7b$closure$u7d$$u7d$17h9e140f2d103528feE)
    4efa     4efa        0     1                 $t
    4efb     4efb       44     1                 nrf_hal_common::uarte::Uarte$LT$T$GT$::new::_$u7b$$u7b$closure$u7d$$u7d$::h9e140f2d103528fe
    4f3e     4f3e       70     2         /home/elsa/lakers/target/thumbv7em-none-eabihf/debug/deps/client-0ab83696673383ae.dusdxy9n5oofhhljsqig6ae56.rcgu.o:(.text._ZN14nrf_hal_common5uarte14Uarte$LT$T$GT$3new28_$u7b$$u7b$closure$u7d$$u7d$17ha021345b858c2fc0E)
    4f3e     4f3e        0     1                 $t
    4f3f     4f3f       70     1                 nrf_hal_common::uarte::Uarte$LT$T$GT$::new::_$u7b$$u7b$closure$u7d$$u7d$::ha021345b858c2fc0
    4fae     4fae       d4     2         /home/elsa/lakers/target/thumbv7em-none-eabihf/debug/deps/client-0ab83696673383ae.dusdxy9n5oofhhljsqig6ae56.rcgu.o:(.text._ZN14nrf_hal_common5uarte14Uarte$LT$T$GT$3new28_$u7b$$u7b$closure$u7d$$u7d$17hae685d18520c89edE)
    4fae     4fae        0     1                 $t
    4faf     4faf       d4     1                 nrf_hal_common::uarte::Uarte$LT$T$GT$::new::_$u7b$$u7b$closure$u7d$$u7d$::hae685d18520c89ed
    5082     5082       8c     2         /home/elsa/lakers/target/thumbv7em-none-eabihf/debug/deps/client-0ab83696673383ae.dusdxy9n5oofhhljsqig6ae56.rcgu.o:(.text._ZN14nrf_hal_common5uarte14Uarte$LT$T$GT$3new28_$u7b$$u7b$closure$u7d$$u7d$17hdf9e6a5f92c3711dE)
    5082     5082        0     1                 $t
    5083     5083       8c     1                 nrf_hal_common::uarte::Uarte$LT$T$GT$::new::_$u7b$$u7b$closure$u7d$$u7d$::hdf9e6a5f92c3711d
    510e     510e       d4     2         /home/elsa/lakers/target/thumbv7em-none-eabihf/debug/deps/client-0ab83696673383ae.dusdxy9n5oofhhljsqig6ae56.rcgu.o:(.text._ZN14nrf_hal_common5uarte14Uarte$LT$T$GT$3new28_$u7b$$u7b$closure$u7d$$u7d$17hea4b9fa3a2c1e53cE)
    510e     510e        0     1                 $t
    510f     510f       d4     1                 nrf_hal_common::uarte::Uarte$LT$T$GT$::new::_$u7b$$u7b$closure$u7d$$u7d$::hea4b9fa3a2c1e53c
    51e2     51e2       70     2         /home/elsa/lakers/target/thumbv7em-none-eabihf/debug/deps/client-0ab83696673383ae.dusdxy9n5oofhhljsqig6ae56.rcgu.o:(.text._ZN14nrf_hal_common5uarte14Uarte$LT$T$GT$3new28_$u7b$$u7b$closure$u7d$$u7d$17hfffdc256e611e275E)
    51e2     51e2        0     1                 $t
    51e3     51e3       70     1                 nrf_hal_common::uarte::Uarte$LT$T$GT$::new::_$u7b$$u7b$closure$u7d$$u7d$::hfffdc256e611e275
    5252     5252       c6     2         /home/elsa/lakers/target/thumbv7em-none-eabihf/debug/deps/client-0ab83696673383ae.dusdxy9n5oofhhljsqig6ae56.rcgu.o:(.text._ZN14nrf_hal_common5uarte14Uarte$LT$T$GT$4read17hb1e4604feddf425aE)
    5252     5252        0     1                 $t
    5253     5253       c6     1                 nrf_hal_common::uarte::Uarte$LT$T$GT$::read::hb1e4604feddf425a
    5318     5318       fc     2         /home/elsa/lakers/target/thumbv7em-none-eabihf/debug/deps/client-0ab83696673383ae.dusdxy9n5oofhhljsqig6ae56.rcgu.o:(.text._ZN14nrf_hal_common5uarte14Uarte$LT$T$GT$5write17h4e8c77180c0960ccE)
    5318     5318        0     1                 $t
    5319     5319       fc     1                 nrf_hal_common::uarte::Uarte$LT$T$GT$::write::h4e8c77180c0960cc
    5414     5414       34     2         /home/elsa/lakers/target/thumbv7em-none-eabihf/debug/deps/client-0ab83696673383ae.eqyc1mm9h6kf6mphesn5yso6s.rcgu.o:(.text._ZN136_$LT$nrf_hal_common..gpio..p0..P0_06$LT$nrf_hal_common..gpio..Output$LT$MODE$GT$$GT$$u20$as$u20$embedded_hal..digital..v2..OutputPin$GT$7set_low17haa126fd4c503a79dE)
    5414     5414        0     1                 $t
    5415     5415       34     1                 _$LT$nrf_hal_common..gpio..p0..P0_06$LT$nrf_hal_common..gpio..Output$LT$MODE$GT$$GT$$u20$as$u20$embedded_hal..digital..v2..OutputPin$GT$::set_low::haa126fd4c503a79d
    5448     5448       16     2         /home/elsa/lakers/target/thumbv7em-none-eabihf/debug/deps/client-0ab83696673383ae.eqyc1mm9h6kf6mphesn5yso6s.rcgu.o:(.text._ZN136_$LT$nrf_hal_common..gpio..p0..P0_06$LT$nrf_hal_common..gpio..Output$LT$MODE$GT$$GT$$u20$as$u20$embedded_hal..digital..v2..OutputPin$GT$7set_low28_$u7b$$u7b$closure$u7d$$u7d$17hdcd235bbed2bda10E)
    5448     5448        0     1                 $t
    5449     5449       16     1                 _$LT$nrf_hal_common..gpio..p0..P0_06$LT$nrf_hal_common..gpio..Output$LT$MODE$GT$$GT$$u20$as$u20$embedded_hal..digital..v2..OutputPin$GT$::set_low::_$u7b$$u7b$closure$u7d$$u7d$::hdcd235bbed2bda10
    545e     545e       34     2         /home/elsa/lakers/target/thumbv7em-none-eabihf/debug/deps/client-0ab83696673383ae.eqyc1mm9h6kf6mphesn5yso6s.rcgu.o:(.text._ZN136_$LT$nrf_hal_common..gpio..p0..P0_06$LT$nrf_hal_common..gpio..Output$LT$MODE$GT$$GT$$u20$as$u20$embedded_hal..digital..v2..OutputPin$GT$8set_high17ha39963b6643f544dE)
    545e     545e        0     1                 $t
    545f     545f       34     1                 _$LT$nrf_hal_common..gpio..p0..P0_06$LT$nrf_hal_common..gpio..Output$LT$MODE$GT$$GT$$u20$as$u20$embedded_hal..digital..v2..OutputPin$GT$::set_high::ha39963b6643f544d
    5492     5492       16     2         /home/elsa/lakers/target/thumbv7em-none-eabihf/debug/deps/client-0ab83696673383ae.eqyc1mm9h6kf6mphesn5yso6s.rcgu.o:(.text._ZN136_$LT$nrf_hal_common..gpio..p0..P0_06$LT$nrf_hal_common..gpio..Output$LT$MODE$GT$$GT$$u20$as$u20$embedded_hal..digital..v2..OutputPin$GT$8set_high28_$u7b$$u7b$closure$u7d$$u7d$17h6be50fe2e042663eE)
    5492     5492        0     1                 $t
    5493     5493       16     1                 _$LT$nrf_hal_common..gpio..p0..P0_06$LT$nrf_hal_common..gpio..Output$LT$MODE$GT$$GT$$u20$as$u20$embedded_hal..digital..v2..OutputPin$GT$::set_high::_$u7b$$u7b$closure$u7d$$u7d$::h6be50fe2e042663e
    54a8     54a8       1c     2         /home/elsa/lakers/target/thumbv7em-none-eabihf/debug/deps/client-0ab83696673383ae.eqyc1mm9h6kf6mphesn5yso6s.rcgu.o:(.text._ZN14nrf_hal_common4gpio2p017P0_06$LT$MODE$GT$21into_push_pull_output17he9ad7bbf982eb4e8E)
    54a8     54a8        0     1                 $t
    54a9     54a9       1c     1                 nrf_hal_common::gpio::p0::P0_06$LT$MODE$GT$::into_push_pull_output::he9ad7bbf982eb4e8
    54c4     54c4       5a     2         /home/elsa/lakers/target/thumbv7em-none-eabihf/debug/deps/client-0ab83696673383ae.eqyc1mm9h6kf6mphesn5yso6s.rcgu.o:(.text._ZN14nrf_hal_common4gpio2p017P0_06$LT$MODE$GT$27into_push_pull_output_drive17h1af98fb2c83a8020E)
    54c4     54c4        0     1                 $t
    54c5     54c5       5a     1                 nrf_hal_common::gpio::p0::P0_06$LT$MODE$GT$::into_push_pull_output_drive::h1af98fb2c83a8020
    5520     5520      2b2     4         /home/elsa/lakers/target/thumbv7em-none-eabihf/debug/deps/client-0ab83696673383ae.eqyc1mm9h6kf6mphesn5yso6s.rcgu.o:(.text._ZN14nrf_hal_common4gpio2p017P0_06$LT$MODE$GT$27into_push_pull_output_drive28_$u7b$$u7b$closure$u7d$$u7d$17hf13d236dbb1dad5dE)
    5520     5520        0     1                 $t
    5521     5521      2b2     1                 nrf_hal_common::gpio::p0::P0_06$LT$MODE$GT$::into_push_pull_output_drive::_$u7b$$u7b$closure$u7d$$u7d$::hf13d236dbb1dad5d
    5612     5612        0     1                 $d
    5616     5616        0     1                 $t
    57d2     57d2       1e     2         /home/elsa/lakers/target/thumbv7em-none-eabihf/debug/deps/client-0ab83696673383ae.eqyc1mm9h6kf6mphesn5yso6s.rcgu.o:(.text._ZN14nrf_hal_common4gpio2p017P0_06$LT$MODE$GT$7degrade17h09a3caf6825c5b46E)
    57d2     57d2        0     1                 $t
    57d3     57d3       1e     1                 nrf_hal_common::gpio::p0::P0_06$LT$MODE$GT$::degrade::h09a3caf6825c5b46
    57f0     57f0       32     2         /home/elsa/lakers/target/thumbv7em-none-eabihf/debug/deps/client-0ab83696673383ae.eqyc1mm9h6kf6mphesn5yso6s.rcgu.o:(.text._ZN14nrf_hal_common4gpio2p017P0_08$LT$MODE$GT$19into_floating_input17h2c68abdb645f5cb5E)
    57f0     57f0        0     1                 $t
    57f1     57f1       32     1                 nrf_hal_common::gpio::p0::P0_08$LT$MODE$GT$::into_floating_input::h2c68abdb645f5cb5
    5822     5822      194     2         /home/elsa/lakers/target/thumbv7em-none-eabihf/debug/deps/client-0ab83696673383ae.eqyc1mm9h6kf6mphesn5yso6s.rcgu.o:(.text._ZN14nrf_hal_common4gpio2p017P0_08$LT$MODE$GT$19into_floating_input28_$u7b$$u7b$closure$u7d$$u7d$17h05de13fcec063fd3E)
    5822     5822        0     1                 $t
    5823     5823      194     1                 nrf_hal_common::gpio::p0::P0_08$LT$MODE$GT$::into_floating_input::_$u7b$$u7b$closure$u7d$$u7d$::h05de13fcec063fd3
    59b6     59b6       1e     2         /home/elsa/lakers/target/thumbv7em-none-eabihf/debug/deps/client-0ab83696673383ae.eqyc1mm9h6kf6mphesn5yso6s.rcgu.o:(.text._ZN14nrf_hal_common4gpio2p017P0_08$LT$MODE$GT$7degrade17h07f3f777620e790fE)
    59b6     59b6        0     1                 $t
    59b7     59b7       1e     1                 nrf_hal_common::gpio::p0::P0_08$LT$MODE$GT$::degrade::h07f3f777620e790f
    59d4     59d4       3c     2         /home/elsa/lakers/target/thumbv7em-none-eabihf/debug/deps/client-0ab83696673383ae.ese7devwetnp44ddwt8dfidwd.rcgu.o:(.text._ZN61_$LT$lakers_shared..EADItem$u20$as$u20$core..clone..Clone$GT$5clone17h8b58658043e019e7E)
    59d4     59d4        0     1                 $t
    59d5     59d5       3c     1                 _$LT$lakers_shared..EADItem$u20$as$u20$core..clone..Clone$GT$::clone::h8b58658043e019e7
    5a10     5a10      104     4         /home/elsa/lakers/target/thumbv7em-none-eabihf/debug/deps/client-0ab83696673383ae.ese7devwetnp44ddwt8dfidwd.rcgu.o:(.text._ZN62_$LT$lakers_shared..EDHOCError$u20$as$u20$core..fmt..Debug$GT$3fmt17h1f4a4db47c447e37E)
    5a10     5a10        0     1                 $t
    5a11     5a11      104     1                 _$LT$lakers_shared..EDHOCError$u20$as$u20$core..fmt..Debug$GT$::fmt::h1f4a4db47c447e37
    5a26     5a26        0     1                 $d
    5a34     5a34        0     1                 $t
    5b14     5b14       42     2         /home/elsa/lakers/target/thumbv7em-none-eabihf/debug/deps/client-0ab83696673383ae.ese7devwetnp44ddwt8dfidwd.rcgu.o:(.text._ZN70_$LT$lakers_shared..MessageBufferError$u20$as$u20$core..fmt..Debug$GT$3fmt17h9c7d74a4778fdf82E)
    5b14     5b14        0     1                 $t
    5b15     5b15       42     1                 _$LT$lakers_shared..MessageBufferError$u20$as$u20$core..fmt..Debug$GT$::fmt::h9c7d74a4778fdf82
    5b56     5b56       12     2         /home/elsa/lakers/target/thumbv7em-none-eabihf/debug/deps/client-0ab83696673383ae.ese7devwetnp44ddwt8dfidwd.rcgu.o:(.text._ZN72_$LT$lakers_shared..EdhocMessageBuffer$u20$as$u20$core..clone..Clone$GT$5clone17h3697b5c4d67824c3E)
    5b56     5b56        0     1                 $t
    5b57     5b57       12     1                 _$LT$lakers_shared..EdhocMessageBuffer$u20$as$u20$core..clone..Clone$GT$::clone::h3697b5c4d67824c3
    5b68     5b68        2     2         /home/elsa/lakers/target/thumbv7em-none-eabihf/debug/deps/liblakers_crypto-1016edf0d5e363c0.rlib(lakers_crypto-1016edf0d5e363c0.1cw8q7gplk1s9xr41opbn15ec.rcgu.o):(.text._ZN13lakers_crypto14default_crypto17h13503fe54b4c1c91E)
    5b68     5b68        0     1                 $t
    5b69     5b69        2     1                 lakers_crypto::default_crypto::h13503fe54b4c1c91
    5b6a     5b6a       4e     2         /home/elsa/lakers/target/thumbv7em-none-eabihf/debug/deps/liblakers_crypto_cryptocell310-53be05e42dff78aa.rlib(lakers_crypto_cryptocell310-53be05e42dff78aa.4ys4xkrbxna3x48f7sg2s5kya.rcgu.o):(.text._ZN110_$LT$core..ops..range..RangeFrom$LT$usize$GT$$u20$as$u20$core..slice..index..SliceIndex$LT$$u5b$T$u5d$$GT$$GT$9index_mut17h5e2bd07ecc5221a3E)
    5b6a     5b6a        0     1                 $t
    5b6b     5b6b       4e     1                 _$LT$core..ops..range..RangeFrom$LT$usize$GT$$u20$as$u20$core..slice..index..SliceIndex$LT$$u5b$T$u5d$$GT$$GT$::index_mut::h5e2bd07ecc5221a3
    5bb8     5bb8        a     2         /home/elsa/lakers/target/thumbv7em-none-eabihf/debug/deps/liblakers_crypto_cryptocell310-53be05e42dff78aa.rlib(lakers_crypto_cryptocell310-53be05e42dff78aa.4ys4xkrbxna3x48f7sg2s5kya.rcgu.o):(.text._ZN97_$LT$core..ops..range..RangeFull$u20$as$u20$core..slice..index..SliceIndex$LT$$u5b$T$u5d$$GT$$GT$5index17hd1983b46cbaeec9bE)
    5bb8     5bb8        0     1                 $t
    5bb9     5bb9        a     1                 _$LT$core..ops..range..RangeFull$u20$as$u20$core..slice..index..SliceIndex$LT$$u5b$T$u5d$$GT$$GT$::index::hd1983b46cbaeec9b
    5bc2     5bc2        a     2         /home/elsa/lakers/target/thumbv7em-none-eabihf/debug/deps/liblakers_crypto_cryptocell310-53be05e42dff78aa.rlib(lakers_crypto_cryptocell310-53be05e42dff78aa.4ys4xkrbxna3x48f7sg2s5kya.rcgu.o):(.text._ZN97_$LT$core..ops..range..RangeFull$u20$as$u20$core..slice..index..SliceIndex$LT$$u5b$T$u5d$$GT$$GT$9index_mut17h7851f2a1ad7f0e78E)
    5bc2     5bc2        0     1                 $t
    5bc3     5bc3        a     1                 _$LT$core..ops..range..RangeFull$u20$as$u20$core..slice..index..SliceIndex$LT$$u5b$T$u5d$$GT$$GT$::index_mut::h7851f2a1ad7f0e78
    5bcc     5bcc       26     2         /home/elsa/lakers/target/thumbv7em-none-eabihf/debug/deps/liblakers_crypto_cryptocell310-53be05e42dff78aa.rlib(lakers_crypto_cryptocell310-53be05e42dff78aa.5e03lvo9my1j6od7cox6ngyjq.rcgu.o):(.text._ZN4core5array76_$LT$impl$u20$core..default..Default$u20$for$u20$$u5b$T$u3b$$u20$16$u5d$$GT$7default17h8ab57e62d1327226E)
    5bcc     5bcc        0     1                 $t
    5bcd     5bcd       26     1                 core::array::_$LT$impl$u20$core..default..Default$u20$for$u20$$u5b$T$u3b$$u20$16$u5d$$GT$::default::h8ab57e62d1327226
    5bf2     5bf2       46     2         /home/elsa/lakers/target/thumbv7em-none-eabihf/debug/deps/liblakers_crypto_cryptocell310-53be05e42dff78aa.rlib(lakers_crypto_cryptocell310-53be05e42dff78aa.5e03lvo9my1j6od7cox6ngyjq.rcgu.o):(.text._ZN4core5array76_$LT$impl$u20$core..default..Default$u20$for$u20$$u5b$T$u3b$$u20$32$u5d$$GT$7default17h4f1d2bcd7fa58b81E)
    5bf2     5bf2        0     1                 $t
    5bf3     5bf3       46     1                 core::array::_$LT$impl$u20$core..default..Default$u20$for$u20$$u5b$T$u3b$$u20$32$u5d$$GT$::default::h4f1d2bcd7fa58b81
    5c38     5c38       6a     2         /home/elsa/lakers/target/thumbv7em-none-eabihf/debug/deps/liblakers_crypto_cryptocell310-53be05e42dff78aa.rlib(lakers_crypto_cryptocell310-53be05e42dff78aa.5e03lvo9my1j6od7cox6ngyjq.rcgu.o):(.text._ZN4core5array85_$LT$impl$u20$core..ops..index..Index$LT$I$GT$$u20$for$u20$$u5b$T$u3b$$u20$N$u5d$$GT$5index17h0725945439869505E)
    5c38     5c38        0     1                 $t
    5c39     5c39       6a     1                 core::array::_$LT$impl$u20$core..ops..index..Index$LT$I$GT$$u20$for$u20$$u5b$T$u3b$$u20$N$u5d$$GT$::index::h0725945439869505
    5ca2     5ca2       18     2         /home/elsa/lakers/target/thumbv7em-none-eabihf/debug/deps/liblakers_crypto_cryptocell310-53be05e42dff78aa.rlib(lakers_crypto_cryptocell310-53be05e42dff78aa.5e03lvo9my1j6od7cox6ngyjq.rcgu.o):(.text._ZN4core5array85_$LT$impl$u20$core..ops..index..Index$LT$I$GT$$u20$for$u20$$u5b$T$u3b$$u20$N$u5d$$GT$5index17h2dce6a9b159dbd04E)
    5ca2     5ca2        0     1                 $t
    5ca3     5ca3       18     1                 core::array::_$LT$impl$u20$core..ops..index..Index$LT$I$GT$$u20$for$u20$$u5b$T$u3b$$u20$N$u5d$$GT$::index::h2dce6a9b159dbd04
    5cba     5cba       52     2         /home/elsa/lakers/target/thumbv7em-none-eabihf/debug/deps/liblakers_crypto_cryptocell310-53be05e42dff78aa.rlib(lakers_crypto_cryptocell310-53be05e42dff78aa.5e03lvo9my1j6od7cox6ngyjq.rcgu.o):(.text._ZN4core5array85_$LT$impl$u20$core..ops..index..Index$LT$I$GT$$u20$for$u20$$u5b$T$u3b$$u20$N$u5d$$GT$5index17h6be2fb0d46c6b965E)
    5cba     5cba        0     1                 $t
    5cbb     5cbb       52     1                 core::array::_$LT$impl$u20$core..ops..index..Index$LT$I$GT$$u20$for$u20$$u5b$T$u3b$$u20$N$u5d$$GT$::index::h6be2fb0d46c6b965
    5d0c     5d0c       18     2         /home/elsa/lakers/target/thumbv7em-none-eabihf/debug/deps/liblakers_crypto_cryptocell310-53be05e42dff78aa.rlib(lakers_crypto_cryptocell310-53be05e42dff78aa.5e03lvo9my1j6od7cox6ngyjq.rcgu.o):(.text._ZN4core5array85_$LT$impl$u20$core..ops..index..Index$LT$I$GT$$u20$for$u20$$u5b$T$u3b$$u20$N$u5d$$GT$5index17h7e64bf0973e965cfE)
    5d0c     5d0c        0     1                 $t
    5d0d     5d0d       18     1                 core::array::_$LT$impl$u20$core..ops..index..Index$LT$I$GT$$u20$for$u20$$u5b$T$u3b$$u20$N$u5d$$GT$::index::h7e64bf0973e965cf
    5d24     5d24       52     2         /home/elsa/lakers/target/thumbv7em-none-eabihf/debug/deps/liblakers_crypto_cryptocell310-53be05e42dff78aa.rlib(lakers_crypto_cryptocell310-53be05e42dff78aa.5e03lvo9my1j6od7cox6ngyjq.rcgu.o):(.text._ZN4core5array85_$LT$impl$u20$core..ops..index..Index$LT$I$GT$$u20$for$u20$$u5b$T$u3b$$u20$N$u5d$$GT$5index17hafb9cd03a7f32e94E)
    5d24     5d24        0     1                 $t
    5d25     5d25       52     1                 core::array::_$LT$impl$u20$core..ops..index..Index$LT$I$GT$$u20$for$u20$$u5b$T$u3b$$u20$N$u5d$$GT$::index::hafb9cd03a7f32e94
    5d76     5d76       6c     2         /home/elsa/lakers/target/thumbv7em-none-eabihf/debug/deps/liblakers_crypto_cryptocell310-53be05e42dff78aa.rlib(lakers_crypto_cryptocell310-53be05e42dff78aa.5e03lvo9my1j6od7cox6ngyjq.rcgu.o):(.text._ZN4core5array85_$LT$impl$u20$core..ops..index..Index$LT$I$GT$$u20$for$u20$$u5b$T$u3b$$u20$N$u5d$$GT$5index17hb486fba1b14a5b69E)
    5d76     5d76        0     1                 $t
    5d77     5d77       6c     1                 core::array::_$LT$impl$u20$core..ops..index..Index$LT$I$GT$$u20$for$u20$$u5b$T$u3b$$u20$N$u5d$$GT$::index::hb486fba1b14a5b69
    5de2     5de2       22     2         /home/elsa/lakers/target/thumbv7em-none-eabihf/debug/deps/liblakers_crypto_cryptocell310-53be05e42dff78aa.rlib(lakers_crypto_cryptocell310-53be05e42dff78aa.5e03lvo9my1j6od7cox6ngyjq.rcgu.o):(.text._ZN4core5array88_$LT$impl$u20$core..ops..index..IndexMut$LT$I$GT$$u20$for$u20$$u5b$T$u3b$$u20$N$u5d$$GT$9index_mut17h1d1e8837444d9453E)
    5de2     5de2        0     1                 $t
    5de3     5de3       22     1                 core::array::_$LT$impl$u20$core..ops..index..IndexMut$LT$I$GT$$u20$for$u20$$u5b$T$u3b$$u20$N$u5d$$GT$::index_mut::h1d1e8837444d9453
    5e04     5e04       32     2         /home/elsa/lakers/target/thumbv7em-none-eabihf/debug/deps/liblakers_crypto_cryptocell310-53be05e42dff78aa.rlib(lakers_crypto_cryptocell310-53be05e42dff78aa.5e03lvo9my1j6od7cox6ngyjq.rcgu.o):(.text._ZN4core5array88_$LT$impl$u20$core..ops..index..IndexMut$LT$I$GT$$u20$for$u20$$u5b$T$u3b$$u20$N$u5d$$GT$9index_mut17h2e5163ad77042dc0E)
    5e04     5e04        0     1                 $t
    5e05     5e05       32     1                 core::array::_$LT$impl$u20$core..ops..index..IndexMut$LT$I$GT$$u20$for$u20$$u5b$T$u3b$$u20$N$u5d$$GT$::index_mut::h2e5163ad77042dc0
    5e36     5e36       22     2         /home/elsa/lakers/target/thumbv7em-none-eabihf/debug/deps/liblakers_crypto_cryptocell310-53be05e42dff78aa.rlib(lakers_crypto_cryptocell310-53be05e42dff78aa.5e03lvo9my1j6od7cox6ngyjq.rcgu.o):(.text._ZN4core5array88_$LT$impl$u20$core..ops..index..IndexMut$LT$I$GT$$u20$for$u20$$u5b$T$u3b$$u20$N$u5d$$GT$9index_mut17h5fda2aaaf67d125aE)
    5e36     5e36        0     1                 $t
[...]
    25f8     25f8       98     1         /home/elsa/lakers/target/thumbv7em-none-eabihf/debug/deps/liblakers_shared-4c440de017032f9f.rlib(lakers_shared-4c440de017032f9f.7h66va81wi44ck2wdin18ciom.rcgu.o):(.debug_ranges)
    2690     2690       48     1         /home/elsa/lakers/target/thumbv7em-none-eabihf/debug/deps/liblakers_shared-4c440de017032f9f.rlib(lakers_shared-4c440de017032f9f.1x2ak1m55223phhhe0f6xuqhd.rcgu.o):(.debug_ranges)
    26d8     26d8       a0     1         /home/elsa/lakers/target/thumbv7em-none-eabihf/debug/deps/liblakers_shared-4c440de017032f9f.rlib(lakers_shared-4c440de017032f9f.9pbeulz0x2zkbmlh0tlgqe8qe.rcgu.o):(.debug_ranges)
    2778     2778       80     1         /home/elsa/lakers/target/thumbv7em-none-eabihf/debug/deps/liblakers_shared-4c440de017032f9f.rlib(lakers_shared-4c440de017032f9f.a5bqn2j0zg8bue83zx5ty47y0.rcgu.o):(.debug_ranges)
    27f8     27f8       38     1         /home/elsa/lakers/target/thumbv7em-none-eabihf/debug/deps/liblakers_shared-4c440de017032f9f.rlib(lakers_shared-4c440de017032f9f.ar5f559u3yeqkwlrgmfhj4z3j.rcgu.o):(.debug_ranges)
    2830     2830       a0     1         /home/elsa/lakers/target/thumbv7em-none-eabihf/debug/deps/liblakers_shared-4c440de017032f9f.rlib(lakers_shared-4c440de017032f9f.b532ysd557lwowdkmqj9313fr.rcgu.o):(.debug_ranges)
    28d0     28d0       18     1         /home/elsa/lakers/target/thumbv7em-none-eabihf/debug/deps/liblakers_shared-4c440de017032f9f.rlib(lakers_shared-4c440de017032f9f.bcyq6xlw5ssgvidfje8fzuz6b.rcgu.o):(.debug_ranges)
    28e8     28e8      180     1         /home/elsa/lakers/target/thumbv7em-none-eabihf/debug/deps/liblakers_shared-4c440de017032f9f.rlib(lakers_shared-4c440de017032f9f.bvt66stih8w2cu5jopxtgk16b.rcgu.o):(.debug_ranges)
    2a68     2a68       30     1         /home/elsa/lakers/target/thumbv7em-none-eabihf/debug/deps/liblakers_shared-4c440de017032f9f.rlib(lakers_shared-4c440de017032f9f.9fj2y31ugmocy6u4poimigys2.rcgu.o):(.debug_ranges)
    2a98     2a98       b8     1         /home/elsa/lakers/target/thumbv7em-none-eabihf/debug/deps/liblakers_shared-4c440de017032f9f.rlib(lakers_shared-4c440de017032f9f.cm95klbnw6t9sab85mll4cmln.rcgu.o):(.debug_ranges)
    2b50     2b50      198     1         /home/elsa/lakers/target/thumbv7em-none-eabihf/debug/deps/liblakers_shared-4c440de017032f9f.rlib(lakers_shared-4c440de017032f9f.d39p83fc0nq83lgkb32s9knlr.rcgu.o):(.debug_ranges)
    2ce8     2ce8       70     1         /home/elsa/lakers/target/thumbv7em-none-eabihf/debug/deps/liblakers_shared-4c440de017032f9f.rlib(lakers_shared-4c440de017032f9f.8ap1xwft1mbm4y1az5v596rht.rcgu.o):(.debug_ranges)
    2d58     2d58       18     1         /home/elsa/lakers/target/thumbv7em-none-eabihf/debug/deps/liblakers_shared-4c440de017032f9f.rlib(lakers_shared-4c440de017032f9f.2wpch051gjrauep9q2l7fubcd.rcgu.o):(.debug_ranges)
    2d70     2d70       30     1         /home/elsa/lakers/target/thumbv7em-none-eabihf/debug/deps/liblakers_shared-4c440de017032f9f.rlib(lakers_shared-4c440de017032f9f.dq1fkj7i7kjjwn5b162k0hqrk.rcgu.o):(.debug_ranges)
    2da0     2da0      150     1         /home/elsa/lakers/target/thumbv7em-none-eabihf/debug/deps/liblakers_shared-4c440de017032f9f.rlib(lakers_shared-4c440de017032f9f.duj6p1jexky0izm6dr167693n.rcgu.o):(.debug_ranges)
    2ef0     2ef0       20     1         /home/elsa/lakers/target/thumbv7em-none-eabihf/debug/deps/liblakers_shared-4c440de017032f9f.rlib(lakers_shared-4c440de017032f9f.epnxaduo2qva6cplzevn96sqg.rcgu.o):(.debug_ranges)
    2f10     2f10       f8     1         /home/elsa/lakers/target/thumbv7em-none-eabihf/debug/deps/libpanic_probe-31c12170b3c891e4.rlib(panic_probe-31c12170b3c891e4.panic_probe.797e1334a72e6e38-cgu.0.rcgu.o):(.debug_ranges)
    3008     3008      5d8     1         /home/elsa/lakers/target/thumbv7em-none-eabihf/debug/deps/libdefmt_rtt-63616051af703a9c.rlib(defmt_rtt-63616051af703a9c.defmt_rtt.ceb81ddb00475996-cgu.0.rcgu.o):(.debug_ranges)
    35e0     35e0      548     1         /home/elsa/lakers/target/thumbv7em-none-eabihf/debug/deps/libdefmt-8f759a0c0d4509df.rlib(defmt-8f759a0c0d4509df.defmt.bbb8befd312c094b-cgu.0.rcgu.o):(.debug_ranges)
    3b28     3b28      bc8     1         /home/elsa/lakers/target/thumbv7em-none-eabihf/debug/deps/libnrf_hal_common-8430b892adee8cde.rlib(nrf_hal_common-8430b892adee8cde.nrf_hal_common.e52eb86776b7b3f2-cgu.1.rcgu.o):(.debug_ranges)
    46f0     46f0      5c0     1         /home/elsa/lakers/target/thumbv7em-none-eabihf/debug/deps/libnrf_hal_common-8430b892adee8cde.rlib(nrf_hal_common-8430b892adee8cde.nrf_hal_common.e52eb86776b7b3f2-cgu.2.rcgu.o):(.debug_ranges)
    4cb0     4cb0      288     1         /home/elsa/lakers/target/thumbv7em-none-eabihf/debug/deps/libnrf_hal_common-8430b892adee8cde.rlib(nrf_hal_common-8430b892adee8cde.nrf_hal_common.e52eb86776b7b3f2-cgu.3.rcgu.o):(.debug_ranges)
    4f38     4f38      918     1         /home/elsa/lakers/target/thumbv7em-none-eabihf/debug/deps/libusb_device-4872bc311023f424.rlib(usb_device-4872bc311023f424.usb_device.5ad3b30e44101bd8-cgu.0.rcgu.o):(.debug_ranges)
    5850     5850      f60     1         /home/elsa/lakers/target/thumbv7em-none-eabihf/debug/deps/libfixed-c24cc830243f22ff.rlib(fixed-c24cc830243f22ff.fixed.9e394b3eaafa7054-cgu.3.rcgu.o):(.debug_ranges)
    67b0     67b0      7d0     1         /home/elsa/lakers/target/thumbv7em-none-eabihf/debug/deps/libfixed-c24cc830243f22ff.rlib(fixed-c24cc830243f22ff.fixed.9e394b3eaafa7054-cgu.4.rcgu.o):(.debug_ranges)
    6f80     6f80     1498     1         /home/elsa/lakers/target/thumbv7em-none-eabihf/debug/deps/libfixed-c24cc830243f22ff.rlib(fixed-c24cc830243f22ff.fixed.9e394b3eaafa7054-cgu.1.rcgu.o):(.debug_ranges)
    8418     8418     16f8     1         /home/elsa/lakers/target/thumbv7em-none-eabihf/debug/deps/libfixed-c24cc830243f22ff.rlib(fixed-c24cc830243f22ff.fixed.9e394b3eaafa7054-cgu.0.rcgu.o):(.debug_ranges)
    9b10     9b10     1378     1         /home/elsa/lakers/target/thumbv7em-none-eabihf/debug/deps/libfixed-c24cc830243f22ff.rlib(fixed-c24cc830243f22ff.fixed.9e394b3eaafa7054-cgu.2.rcgu.o):(.debug_ranges)
    ae88     ae88      eb0     1         /home/elsa/lakers/target/thumbv7em-none-eabihf/debug/deps/libfixed-c24cc830243f22ff.rlib(fixed-c24cc830243f22ff.fixed.9e394b3eaafa7054-cgu.5.rcgu.o):(.debug_ranges)
    bd38     bd38     15e8     1         /home/elsa/lakers/target/thumbv7em-none-eabihf/debug/deps/libfixed-c24cc830243f22ff.rlib(fixed-c24cc830243f22ff.fixed.9e394b3eaafa7054-cgu.6.rcgu.o):(.debug_ranges)
    d320     d320      b30     1         /home/elsa/lakers/target/thumbv7em-none-eabihf/debug/deps/libfixed-c24cc830243f22ff.rlib(fixed-c24cc830243f22ff.fixed.9e394b3eaafa7054-cgu.7.rcgu.o):(.debug_ranges)
    de50     de50     2690     1         /home/elsa/lakers/target/thumbv7em-none-eabihf/debug/deps/libaz-1bd9c0fd019442f2.rlib(az-1bd9c0fd019442f2.az.b99c2ee2c7404aa9-cgu.1.rcgu.o):(.debug_ranges)
   104e0    104e0     2fb8     1         /home/elsa/lakers/target/thumbv7em-none-eabihf/debug/deps/libaz-1bd9c0fd019442f2.rlib(az-1bd9c0fd019442f2.az.b99c2ee2c7404aa9-cgu.0.rcgu.o):(.debug_ranges)
   13498    13498       b0     1         /home/elsa/lakers/target/thumbv7em-none-eabihf/debug/deps/libembedded_storage-0fd9409c81a89387.rlib(embedded_storage-0fd9409c81a89387.embedded_storage.5212a1f36c7d5e6e-cgu.0.rcgu.o):(.debug_ranges)
   13548    13548      248     1         /home/elsa/lakers/target/thumbv7em-none-eabihf/debug/deps/libnrf52840_pac-028ee783bab297c5.rlib(nrf52840_pac-028ee783bab297c5.nrf52840_pac.a60921af265e7858-cgu.0.rcgu.o):(.debug_ranges)
   13790    13790      398     1         /home/elsa/lakers/target/thumbv7em-none-eabihf/debug/deps/libcortex_m-d14d148fc7fa557f.rlib(cortex_m-d14d148fc7fa557f.cortex_m.5b68b4afea2ebdaf-cgu.0.rcgu.o):(.debug_ranges)
   13b28    13b28       20     1         /home/elsa/lakers/target/thumbv7em-none-eabihf/debug/deps/libvoid-b768f75d1c7a603e.rlib(void-b768f75d1c7a603e.void.cfb77be412ef9564-cgu.0.rcgu.o):(.debug_ranges)
   13b48    13b48       c8     1         /home/elsa/lakers/target/thumbv7em-none-eabihf/debug/deps/libcortex_m_rt-c7278db01100dbc5.rlib(cortex_m_rt-c7278db01100dbc5.cortex_m_rt.52d308365c69ce10-cgu.0.rcgu.o):(.debug_ranges)
   13c10    13c10    1a7a8     1         /home/elsa/.rustup/toolchains/stable-x86_64-unknown-linux-gnu/lib/rustlib/thumbv7em-none-eabihf/lib/libcore-f45611e0071e2dc9.rlib(core-f45611e0071e2dc9.core.d8722fd8e8349c27-cgu.0.rcgu.o):(.debug_ranges)
   2e3b8    2e3b8      ef0     1         /home/elsa/.rustup/toolchains/stable-x86_64-unknown-linux-gnu/lib/rustlib/thumbv7em-none-eabihf/lib/libcompiler_builtins-293d325c45568833.rlib(compiler_builtins-293d325c45568833.compiler_builtins.61e33bb3965672fe-cgu.000.rcgu.o):(.debug_ranges)
   2f2a8    2f2a8      280     1         /home/elsa/.rustup/toolchains/stable-x86_64-unknown-linux-gnu/lib/rustlib/thumbv7em-none-eabihf/lib/libcompiler_builtins-293d325c45568833.rlib(compiler_builtins-293d325c45568833.compiler_builtins.61e33bb3965672fe-cgu.015.rcgu.o):(.debug_ranges)
   2f528    2f528       78     1         /home/elsa/.rustup/toolchains/stable-x86_64-unknown-linux-gnu/lib/rustlib/thumbv7em-none-eabihf/lib/libcompiler_builtins-293d325c45568833.rlib(compiler_builtins-293d325c45568833.compiler_builtins.61e33bb3965672fe-cgu.129.rcgu.o):(.debug_ranges)
   2f5a0    2f5a0       30     1         /home/elsa/.rustup/toolchains/stable-x86_64-unknown-linux-gnu/lib/rustlib/thumbv7em-none-eabihf/lib/libcompiler_builtins-293d325c45568833.rlib(compiler_builtins-293d325c45568833.compiler_builtins.61e33bb3965672fe-cgu.134.rcgu.o):(.debug_ranges)
   2f5d0    2f5d0       60     1         /home/elsa/.rustup/toolchains/stable-x86_64-unknown-linux-gnu/lib/rustlib/thumbv7em-none-eabihf/lib/libcompiler_builtins-293d325c45568833.rlib(compiler_builtins-293d325c45568833.compiler_builtins.61e33bb3965672fe-cgu.152.rcgu.o):(.debug_ranges)
   2f630    2f630       78     1         /home/elsa/.rustup/toolchains/stable-x86_64-unknown-linux-gnu/lib/rustlib/thumbv7em-none-eabihf/lib/libcompiler_builtins-293d325c45568833.rlib(compiler_builtins-293d325c45568833.compiler_builtins.61e33bb3965672fe-cgu.164.rcgu.o):(.debug_ranges)
   2f6a8    2f6a8       a8     1         /home/elsa/.rustup/toolchains/stable-x86_64-unknown-linux-gnu/lib/rustlib/thumbv7em-none-eabihf/lib/libcompiler_builtins-293d325c45568833.rlib(compiler_builtins-293d325c45568833.compiler_builtins.61e33bb3965672fe-cgu.167.rcgu.o):(.debug_ranges)
   2f750    2f750       48     1         /home/elsa/.rustup/toolchains/stable-x86_64-unknown-linux-gnu/lib/rustlib/thumbv7em-none-eabihf/lib/libcompiler_builtins-293d325c45568833.rlib(compiler_builtins-293d325c45568833.compiler_builtins.61e33bb3965672fe-cgu.169.rcgu.o):(.debug_ranges)
   2f798    2f798       98     1         /home/elsa/.rustup/toolchains/stable-x86_64-unknown-linux-gnu/lib/rustlib/thumbv7em-none-eabihf/lib/libcompiler_builtins-293d325c45568833.rlib(compiler_builtins-293d325c45568833.compiler_builtins.61e33bb3965672fe-cgu.182.rcgu.o):(.debug_ranges)
   2f830    2f830       90     1         /home/elsa/.rustup/toolchains/stable-x86_64-unknown-linux-gnu/lib/rustlib/thumbv7em-none-eabihf/lib/libcompiler_builtins-293d325c45568833.rlib(compiler_builtins-293d325c45568833.compiler_builtins.61e33bb3965672fe-cgu.190.rcgu.o):(.debug_ranges)
   2f8c0    2f8c0       48     1         /home/elsa/.rustup/toolchains/stable-x86_64-unknown-linux-gnu/lib/rustlib/thumbv7em-none-eabihf/lib/libcompiler_builtins-293d325c45568833.rlib(compiler_builtins-293d325c45568833.compiler_builtins.61e33bb3965672fe-cgu.196.rcgu.o):(.debug_ranges)
   2f908    2f908       48     1         /home/elsa/.rustup/toolchains/stable-x86_64-unknown-linux-gnu/lib/rustlib/thumbv7em-none-eabihf/lib/libcompiler_builtins-293d325c45568833.rlib(compiler_builtins-293d325c45568833.compiler_builtins.61e33bb3965672fe-cgu.287.rcgu.o):(.debug_ranges)
   2f950    2f950      500     1         /home/elsa/.rustup/toolchains/stable-x86_64-unknown-linux-gnu/lib/rustlib/thumbv7em-none-eabihf/lib/libcompiler_builtins-293d325c45568833.rlib(compiler_builtins-293d325c45568833.compiler_builtins.61e33bb3965672fe-cgu.007.rcgu.o):(.debug_ranges)
   2fe50    2fe50       a8     1         /home/elsa/.rustup/toolchains/stable-x86_64-unknown-linux-gnu/lib/rustlib/thumbv7em-none-eabihf/lib/libcompiler_builtins-293d325c45568833.rlib(compiler_builtins-293d325c45568833.compiler_builtins.61e33bb3965672fe-cgu.296.rcgu.o):(.debug_ranges)
   2fef8    2fef8       60     1         /home/elsa/.rustup/toolchains/stable-x86_64-unknown-linux-gnu/lib/rustlib/thumbv7em-none-eabihf/lib/libcompiler_builtins-293d325c45568833.rlib(compiler_builtins-293d325c45568833.compiler_builtins.61e33bb3965672fe-cgu.304.rcgu.o):(.debug_ranges)
   2ff58    2ff58       90     1         /home/elsa/.rustup/toolchains/stable-x86_64-unknown-linux-gnu/lib/rustlib/thumbv7em-none-eabihf/lib/libcompiler_builtins-293d325c45568833.rlib(compiler_builtins-293d325c45568833.compiler_builtins.61e33bb3965672fe-cgu.320.rcgu.o):(.debug_ranges)
   2ffe8    2ffe8      6a8     1         /home/elsa/.rustup/toolchains/stable-x86_64-unknown-linux-gnu/lib/rustlib/thumbv7em-none-eabihf/lib/libcompiler_builtins-293d325c45568833.rlib(compiler_builtins-293d325c45568833.compiler_builtins.61e33bb3965672fe-cgu.005.rcgu.o):(.debug_ranges)
   30690    30690      2b0     1         /home/elsa/.rustup/toolchains/stable-x86_64-unknown-linux-gnu/lib/rustlib/thumbv7em-none-eabihf/lib/libcompiler_builtins-293d325c45568833.rlib(compiler_builtins-293d325c45568833.compiler_builtins.61e33bb3965672fe-cgu.009.rcgu.o):(.debug_ranges)
       0        0     1cc8     1 .debug_loc
       0        0       97     1         /home/elsa/lakers/target/thumbv7em-none-eabihf/debug/deps/client-0ab83696673383ae.a2het33xrv86hk0cqjl7gy1gz.rcgu.o:(.debug_loc)
      97       97      1cf     1         /home/elsa/lakers/target/thumbv7em-none-eabihf/debug/deps/client-0ab83696673383ae.bunkw5af2nd5xig6msl8ig3nk.rcgu.o:(.debug_loc)
     266      266       cd     1         /home/elsa/lakers/target/thumbv7em-none-eabihf/debug/deps/client-0ab83696673383ae.cq8xovc2rw1psix0852fd1r2q.rcgu.o:(.debug_loc)
     333      333       29     1         /home/elsa/lakers/target/thumbv7em-none-eabihf/debug/deps/client-0ab83696673383ae.dusdxy9n5oofhhljsqig6ae56.rcgu.o:(.debug_loc)
     35c      35c       35     1         /home/elsa/lakers/target/thumbv7em-none-eabihf/debug/deps/liblakers_crypto_cryptocell310-53be05e42dff78aa.rlib(lakers_crypto_cryptocell310-53be05e42dff78aa.an5aud0multyjjtjyxuhwxr8o.rcgu.o):(.debug_loc)
     391      391       36     1         /home/elsa/lakers/target/thumbv7em-none-eabihf/debug/deps/liblakers-30bada6572ae50e7.rlib(lakers-30bada6572ae50e7.3s9rsy47ppw5v10fevc3yyk7d.rcgu.o):(.debug_loc)
     3c7      3c7       a2     1         /home/elsa/lakers/target/thumbv7em-none-eabihf/debug/deps/liblakers-30bada6572ae50e7.rlib(lakers-30bada6572ae50e7.4ddwyf8fztn2ix7u97m7n31ed.rcgu.o):(.debug_loc)
     469      469       5c     1         /home/elsa/lakers/target/thumbv7em-none-eabihf/debug/deps/liblakers-30bada6572ae50e7.rlib(lakers-30bada6572ae50e7.86oododdph0ip891cod9q35kl.rcgu.o):(.debug_loc)
     4c5      4c5       36     1         /home/elsa/lakers/target/thumbv7em-none-eabihf/debug/deps/liblakers_shared-4c440de017032f9f.rlib(lakers_shared-4c440de017032f9f.3xn0oi8apnx1ih660mtnb3drr.rcgu.o):(.debug_loc)
     4fb      4fb      2c6     1         /home/elsa/lakers/target/thumbv7em-none-eabihf/debug/deps/liblakers_shared-4c440de017032f9f.rlib(lakers_shared-4c440de017032f9f.4hhxy8nuc1fxrczawlh9qjgc6.rcgu.o):(.debug_loc)
     7c1      7c1       29     1         /home/elsa/lakers/target/thumbv7em-none-eabihf/debug/deps/liblakers_shared-4c440de017032f9f.rlib(lakers_shared-4c440de017032f9f.3vipmshelioso0j1pvec1expe.rcgu.o):(.debug_loc)
     7ea      7ea       44     1         /home/elsa/lakers/target/thumbv7em-none-eabihf/debug/deps/liblakers_shared-4c440de017032f9f.rlib(lakers_shared-4c440de017032f9f.1mippf4clx17hycj4sp31uy3c.rcgu.o):(.debug_loc)
     82e      82e      126     1         /home/elsa/lakers/target/thumbv7em-none-eabihf/debug/deps/liblakers_shared-4c440de017032f9f.rlib(lakers_shared-4c440de017032f9f.688wdtqlnx2vg5xa9zejnygfh.rcgu.o):(.debug_loc)
     954      954       28     1         /home/elsa/lakers/target/thumbv7em-none-eabihf/debug/deps/liblakers_shared-4c440de017032f9f.rlib(lakers_shared-4c440de017032f9f.736v9e6nt31lnppnfe8mqlxdb.rcgu.o):(.debug_loc)
     97c      97c       29     1         /home/elsa/lakers/target/thumbv7em-none-eabihf/debug/deps/liblakers_shared-4c440de017032f9f.rlib(lakers_shared-4c440de017032f9f.d39p83fc0nq83lgkb32s9knlr.rcgu.o):(.debug_loc)
     9a5      9a5       28     1         /home/elsa/lakers/target/thumbv7em-none-eabihf/debug/deps/liblakers_shared-4c440de017032f9f.rlib(lakers_shared-4c440de017032f9f.8ap1xwft1mbm4y1az5v596rht.rcgu.o):(.debug_loc)
     9cd      9cd       52     1         /home/elsa/lakers/target/thumbv7em-none-eabihf/debug/deps/libdefmt-8f759a0c0d4509df.rlib(defmt-8f759a0c0d4509df.defmt.bbb8befd312c094b-cgu.0.rcgu.o):(.debug_loc)
     a1f      a1f       e2     1         /home/elsa/lakers/target/thumbv7em-none-eabihf/debug/deps/libnrf_hal_common-8430b892adee8cde.rlib(nrf_hal_common-8430b892adee8cde.nrf_hal_common.e52eb86776b7b3f2-cgu.1.rcgu.o):(.debug_loc)
     b01      b01      139     1         /home/elsa/lakers/target/thumbv7em-none-eabihf/debug/deps/libnrf_hal_common-8430b892adee8cde.rlib(nrf_hal_common-8430b892adee8cde.nrf_hal_common.e52eb86776b7b3f2-cgu.2.rcgu.o):(.debug_loc)
     c3a      c3a       51     1         /home/elsa/lakers/target/thumbv7em-none-eabihf/debug/deps/libusb_device-4872bc311023f424.rlib(usb_device-4872bc311023f424.usb_device.5ad3b30e44101bd8-cgu.0.rcgu.o):(.debug_loc)
     c8b      c8b       79     1         /home/elsa/lakers/target/thumbv7em-none-eabihf/debug/deps/libfixed-c24cc830243f22ff.rlib(fixed-c24cc830243f22ff.fixed.9e394b3eaafa7054-cgu.4.rcgu.o):(.debug_loc)
     d04      d04      4a5     1         /home/elsa/lakers/target/thumbv7em-none-eabihf/debug/deps/libfixed-c24cc830243f22ff.rlib(fixed-c24cc830243f22ff.fixed.9e394b3eaafa7054-cgu.1.rcgu.o):(.debug_loc)
    11a9     11a9      4a5     1         /home/elsa/lakers/target/thumbv7em-none-eabihf/debug/deps/libfixed-c24cc830243f22ff.rlib(fixed-c24cc830243f22ff.fixed.9e394b3eaafa7054-cgu.0.rcgu.o):(.debug_loc)
    164e     164e      274     1         /home/elsa/lakers/target/thumbv7em-none-eabihf/debug/deps/libfixed-c24cc830243f22ff.rlib(fixed-c24cc830243f22ff.fixed.9e394b3eaafa7054-cgu.2.rcgu.o):(.debug_loc)
    18c2     18c2      33a     1         /home/elsa/lakers/target/thumbv7em-none-eabihf/debug/deps/libfixed-c24cc830243f22ff.rlib(fixed-c24cc830243f22ff.fixed.9e394b3eaafa7054-cgu.5.rcgu.o):(.debug_loc)
    1bfc     1bfc       7a     1         /home/elsa/lakers/target/thumbv7em-none-eabihf/debug/deps/libfixed-c24cc830243f22ff.rlib(fixed-c24cc830243f22ff.fixed.9e394b3eaafa7054-cgu.7.rcgu.o):(.debug_loc)
    1c76     1c76       29     1         /home/elsa/lakers/target/thumbv7em-none-eabihf/debug/deps/libembedded_storage-0fd9409c81a89387.rlib(embedded_storage-0fd9409c81a89387.embedded_storage.5212a1f36c7d5e6e-cgu.0.rcgu.o):(.debug_loc)
    1c9f     1c9f       29     1         /home/elsa/lakers/target/thumbv7em-none-eabihf/debug/deps/libcortex_m_rt-c7278db01100dbc5.rlib(cortex_m_rt-c7278db01100dbc5.cortex_m_rt.52d308365c69ce10-cgu.0.rcgu.o):(.debug_loc)
       0        0     a3a0     4 .symtab
       0        0     a3a0     4         <internal>:(.symtab)
       0        0       dd     1 .shstrtab
       0        0       dd     1         <internal>:(.shstrtab)
       0        0    1358c     1 .strtab
       0        0    1358c     1         <internal>:(.strtab)
